#
# There is insufficient memory for the Java Runtime Environment to continue.
# Native memory allocation (malloc) failed to allocate 1083824 bytes. Error detail: Chunk::new
# Possible reasons:
#   The system is out of physical RAM or swap space
#   This process is running with CompressedOops enabled, and the Java Heap may be blocking the growth of the native heap
# Possible solutions:
#   Reduce memory load on the system
#   Increase physical memory or swap space
#   Check if swap backing store is full
#   Decrease Java heap size (-Xmx/-Xms)
#   Decrease number of Java threads
#   Decrease Java thread stack sizes (-Xss)
#   Set larger code cache with -XX:ReservedCodeCacheSize=
#   JVM is running with Unscaled Compressed Oops mode in which the Java heap is
#     placed in the first 4GB address space. The Java Heap base address is the
#     maximum limit for the native heap growth. Please use -XX:HeapBaseMinAddress
#     to set the Java Heap base and to place the Java Heap above 4GB virtual address.
# This output file may be truncated or incomplete.
#
#  Out of Memory Error (arena.cpp:168), pid=29800, tid=4568
#
# JRE version: OpenJDK Runtime Environment Temurin-21.0.10+7 (21.0.10+7) (build 21.0.10+7-LTS)
# Java VM: OpenJDK 64-Bit Server VM Temurin-21.0.10+7 (21.0.10+7-LTS, mixed mode, sharing, tiered, compressed oops, compressed class ptrs, parallel gc, windows-amd64)
# No core dump will be written. Minidumps are not enabled by default on client versions of Windows
#

---------------  S U M M A R Y ------------

Command Line: --add-modules=ALL-SYSTEM --add-opens=java.base/java.util=ALL-UNNAMED --add-opens=java.base/java.lang=ALL-UNNAMED --add-opens=java.base/sun.nio.fs=ALL-UNNAMED -Declipse.application=org.eclipse.jdt.ls.core.id1 -Dosgi.bundles.defaultStartLevel=4 -Declipse.product=org.eclipse.jdt.ls.core.product -Djava.import.generatesMetadataFilesAtProjectRoot=false -DDetectVMInstallationsJob.disabled=true -Dfile.encoding=utf8 -XX:+UseParallelGC -XX:GCTimeRatio=4 -XX:AdaptiveSizePolicyWeight=90 -Dsun.zip.disableMemoryMapping=true -Xmx2G -Xms100m -Xlog:disable -javaagent:c:\Users\marce\.vscode\extensions\redhat.java-1.54.0-win32-x64\lombok\lombok-1.18.39-4050.jar -XX:+HeapDumpOnOutOfMemoryError -XX:HeapDumpPath=c:\Users\marce\AppData\Roaming\Code\User\workspaceStorage\f693a7e2ddc1c21ef60c32541dd000ca\redhat.java -Daether.dependencyCollector.impl=bf c:\Users\marce\.vscode\extensions\redhat.java-1.54.0-win32-x64\server\plugins\org.eclipse.equinox.launcher_1.7.100.v20251111-0406.jar -configuration c:\Users\marce\AppData\Roaming\Code\User\globalStorage\redhat.java\1.54.0\config_win -data c:\Users\marce\AppData\Roaming\Code\User\workspaceStorage\f693a7e2ddc1c21ef60c32541dd000ca\redhat.java\jdt_ws --pipe=\\.\pipe\lsp-04ce73b65addfddbb07b5d0c0631e3f9-sock

Host: 12th Gen Intel(R) Core(TM) i5-12500H, 16 cores, 7G,  Windows 11 , 64 bit Build 26100 (10.0.26100.8328)
Time: Wed May 20 21:10:38 2026 Pacific SA Standard Time elapsed time: 79.088352 seconds (0d 0h 1m 19s)

---------------  T H R E A D  ---------------

Current thread (0x0000025b84827d30):  JavaThread "C2 CompilerThread0" daemon [_thread_in_native, id=4568, stack(0x000000da5ed00000,0x000000da5ee00000) (1024K)]


Current CompileTask:
C2:79088 14801   !   4       org.eclipse.jdt.internal.core.JavaProject$ModuleLookup::getModule (102 bytes)

Stack: [0x000000da5ed00000,0x000000da5ee00000]
Native frames: (J=compiled Java code, j=interpreted, Vv=VM code, C=native code)
V  [jvm.dll+0x6d7a39]
V  [jvm.dll+0x8b4b26]
V  [jvm.dll+0x8b70de]
V  [jvm.dll+0x8b77c3]
V  [jvm.dll+0x284346]
V  [jvm.dll+0xc66ed]
V  [jvm.dll+0xc6c31]
V  [jvm.dll+0x3bec3b]
V  [jvm.dll+0x1e3f69]
V  [jvm.dll+0x24c6b3]
V  [jvm.dll+0x24bb40]
V  [jvm.dll+0x1cb34e]
V  [jvm.dll+0x25b85d]
V  [jvm.dll+0x259dea]
V  [jvm.dll+0x3f857e]
V  [jvm.dll+0x85f59d]
V  [jvm.dll+0x6d626d]
C  [ucrtbase.dll+0x37b0]
C  [KERNEL32.DLL+0x2e957]
C  [ntdll.dll+0x427c]


---------------  P R O C E S S  ---------------

Threads class SMR info:
_java_thread_list=0x0000025b9309f750, length=93, elements={
0x0000025b2b8ef240, 0x0000025b2b996400, 0x0000025b4239c640, 0x0000025b2b998c70,
0x0000025b2b99ca50, 0x0000025b2b99eef0, 0x0000025b2b9a1a00, 0x0000025b84827d30,
0x0000025b8482c290, 0x0000025b84afa190, 0x0000025b860f88d0, 0x0000025b8b336ed0,
0x0000025b8b359220, 0x0000025b8b33ec20, 0x0000025b8b33b8a0, 0x0000025b8b69cb70,
0x0000025b8b71ed60, 0x0000025b8b708f40, 0x0000025b8492b680, 0x0000025b8b0af500,
0x0000025b8b0ac080, 0x0000025b8b0ac710, 0x0000025b8b0ad430, 0x0000025b8b0aee70,
0x0000025b8b0adac0, 0x0000025b8c586100, 0x0000025b8c5846c0, 0x0000025b8c5881d0,
0x0000025b8c586e20, 0x0000025b8c586790, 0x0000025b8c584d50, 0x0000025b8c5874b0,
0x0000025b8c585a70, 0x0000025b8c587b40, 0x0000025b8c588860, 0x0000025b8c5853e0,
0x0000025b8c58a2a0, 0x0000025b8c58afc0, 0x0000025b8c58a930, 0x0000025b8c589c10,
0x0000025b8c588ef0, 0x0000025b8c58b650, 0x0000025b8c58bce0, 0x0000025b8c589580,
0x0000025b8d562de0, 0x0000025b8d564820, 0x0000025b8d564eb0, 0x0000025b8d5620c0,
0x0000025b8d562750, 0x0000025b8d561a30, 0x0000025b8d565540, 0x0000025b8d565bd0,
0x0000025b8d563470, 0x0000025b8d566f80, 0x0000025b8d566260, 0x0000025b8d5668f0,
0x0000025b8d564190, 0x0000025b8d5689c0, 0x0000025b8d569050, 0x0000025b8d567610,
0x0000025b8d567ca0, 0x0000025b8cf0c8d0, 0x0000025b8cf0f030, 0x0000025b8cf0f6c0,
0x0000025b8cf0cf60, 0x0000025b8cf10a70, 0x0000025b8cf0fd50, 0x0000025b8cf103e0,
0x0000025b8cf0e9a0, 0x0000025b8cf0d5f0, 0x0000025b8cf0dc80, 0x0000025b8cf0e310,
0x0000025b8cf13860, 0x0000025b8cf131d0, 0x0000025b8cf11100, 0x0000025b8cf11790,
0x0000025b8cf12b40, 0x0000025b8cf11e20, 0x0000025b8cf13ef0, 0x0000025b8cf124b0,
0x0000025b8d9542d0, 0x0000025b8d9563a0, 0x0000025b8d955680, 0x0000025b8d952f20,
0x0000025b8d956a30, 0x0000025b8d9535b0, 0x0000025b8d953c40, 0x0000025b8d959820,
0x0000025b8d958470, 0x0000025b8d957de0, 0x0000025b8d957750, 0x0000025b8d958b00,
0x0000025b92d2a5d0
}

Java Threads: ( => current thread )
  0x0000025b2b8ef240 JavaThread "main"                              [_thread_blocked, id=34328, stack(0x000000da5e300000,0x000000da5e400000) (1024K)]
  0x0000025b2b996400 JavaThread "Reference Handler"          daemon [_thread_blocked, id=22664, stack(0x000000da5e700000,0x000000da5e800000) (1024K)]
  0x0000025b4239c640 JavaThread "Finalizer"                  daemon [_thread_blocked, id=14644, stack(0x000000da5e800000,0x000000da5e900000) (1024K)]
  0x0000025b2b998c70 JavaThread "Signal Dispatcher"          daemon [_thread_blocked, id=11332, stack(0x000000da5e900000,0x000000da5ea00000) (1024K)]
  0x0000025b2b99ca50 JavaThread "Attach Listener"            daemon [_thread_blocked, id=25564, stack(0x000000da5ea00000,0x000000da5eb00000) (1024K)]
  0x0000025b2b99eef0 JavaThread "Service Thread"             daemon [_thread_blocked, id=21560, stack(0x000000da5eb00000,0x000000da5ec00000) (1024K)]
  0x0000025b2b9a1a00 JavaThread "Monitor Deflation Thread"   daemon [_thread_blocked, id=23424, stack(0x000000da5ec00000,0x000000da5ed00000) (1024K)]
=>0x0000025b84827d30 JavaThread "C2 CompilerThread0"         daemon [_thread_in_native, id=4568, stack(0x000000da5ed00000,0x000000da5ee00000) (1024K)]
  0x0000025b8482c290 JavaThread "C1 CompilerThread0"         daemon [_thread_blocked, id=31552, stack(0x000000da5ee00000,0x000000da5ef00000) (1024K)]
  0x0000025b84afa190 JavaThread "Common-Cleaner"             daemon [_thread_blocked, id=22000, stack(0x000000da5f300000,0x000000da5f400000) (1024K)]
  0x0000025b860f88d0 JavaThread "Notification Thread"        daemon [_thread_blocked, id=31484, stack(0x000000da5f400000,0x000000da5f500000) (1024K)]
  0x0000025b8b336ed0 JavaThread "Active Thread: Equinox Container: 1c777cca-3a24-432a-9a0f-d8354cbe268b"        [_thread_blocked, id=21316, stack(0x000000da5fc00000,0x000000da5fd00000) (1024K)]
  0x0000025b8b359220 JavaThread "Refresh Thread: Equinox Container: 1c777cca-3a24-432a-9a0f-d8354cbe268b" daemon [_thread_blocked, id=29864, stack(0x000000da5fe00000,0x000000da5ff00000) (1024K)]
  0x0000025b8b33ec20 JavaThread "Framework Event Dispatcher: Equinox Container: 1c777cca-3a24-432a-9a0f-d8354cbe268b" daemon [_thread_blocked, id=4688, stack(0x000000da5ff00000,0x000000da60000000) (1024K)]
  0x0000025b8b33b8a0 JavaThread "Start Level: Equinox Container: 1c777cca-3a24-432a-9a0f-d8354cbe268b" daemon [_thread_blocked, id=25860, stack(0x000000da60000000,0x000000da60100000) (1024K)]
  0x0000025b8b69cb70 JavaThread "Bundle File Closer"         daemon [_thread_blocked, id=28344, stack(0x000000da60400000,0x000000da60500000) (1024K)]
  0x0000025b8b71ed60 JavaThread "SCR Component Actor"        daemon [_thread_blocked, id=5392, stack(0x000000da5f000000,0x000000da5f100000) (1024K)]
  0x0000025b8b708f40 JavaThread "Worker-JM"                         [_thread_blocked, id=29068, stack(0x000000da5f500000,0x000000da5f600000) (1024K)]
  0x0000025b8492b680 JavaThread "JNA Cleaner"                daemon [_thread_blocked, id=33044, stack(0x000000da5ef00000,0x000000da5f000000) (1024K)]
  0x0000025b8b0af500 JavaThread "Worker-2"                          [_thread_blocked, id=21580, stack(0x000000da60a00000,0x000000da60b00000) (1024K)]
  0x0000025b8b0ac080 JavaThread "Java indexing"              daemon [_thread_blocked, id=32700, stack(0x000000da60c00000,0x000000da60d00000) (1024K)]
  0x0000025b8b0ac710 JavaThread "Worker-3"                          [_thread_blocked, id=2676, stack(0x000000da60d00000,0x000000da60e00000) (1024K)]
  0x0000025b8b0ad430 JavaThread "Thread-1"                   daemon [_thread_in_native, id=13440, stack(0x000000da61100000,0x000000da61200000) (1024K)]
  0x0000025b8b0aee70 JavaThread "Thread-2"                   daemon [_thread_in_native, id=35068, stack(0x000000da61200000,0x000000da61300000) (1024K)]
  0x0000025b8b0adac0 JavaThread "Thread-3"                   daemon [_thread_in_native, id=32796, stack(0x000000da61300000,0x000000da61400000) (1024K)]
  0x0000025b8c586100 JavaThread "Thread-4"                   daemon [_thread_in_native, id=20864, stack(0x000000da61400000,0x000000da61500000) (1024K)]
  0x0000025b8c5846c0 JavaThread "Thread-5"                   daemon [_thread_in_native, id=30104, stack(0x000000da61500000,0x000000da61600000) (1024K)]
  0x0000025b8c5881d0 JavaThread "Thread-6"                   daemon [_thread_in_native, id=9096, stack(0x000000da61600000,0x000000da61700000) (1024K)]
  0x0000025b8c586e20 JavaThread "Thread-7"                   daemon [_thread_in_native, id=15944, stack(0x000000da61700000,0x000000da61800000) (1024K)]
  0x0000025b8c586790 JavaThread "Thread-8"                   daemon [_thread_in_native, id=14304, stack(0x000000da61800000,0x000000da61900000) (1024K)]
  0x0000025b8c584d50 JavaThread "Thread-9"                   daemon [_thread_in_native, id=5168, stack(0x000000da61900000,0x000000da61a00000) (1024K)]
  0x0000025b8c5874b0 JavaThread "Thread-10"                  daemon [_thread_in_native, id=14404, stack(0x000000da61a00000,0x000000da61b00000) (1024K)]
  0x0000025b8c585a70 JavaThread "Thread-11"                  daemon [_thread_in_native, id=34704, stack(0x000000da61b00000,0x000000da61c00000) (1024K)]
  0x0000025b8c587b40 JavaThread "Thread-12"                  daemon [_thread_in_native, id=11912, stack(0x000000da61c00000,0x000000da61d00000) (1024K)]
  0x0000025b8c588860 JavaThread "Thread-13"                  daemon [_thread_in_native, id=35300, stack(0x000000da61d00000,0x000000da61e00000) (1024K)]
  0x0000025b8c5853e0 JavaThread "Thread-14"                  daemon [_thread_in_native, id=33884, stack(0x000000da61e00000,0x000000da61f00000) (1024K)]
  0x0000025b8c58a2a0 JavaThread "Thread-15"                  daemon [_thread_in_native, id=7940, stack(0x000000da61f00000,0x000000da62000000) (1024K)]
  0x0000025b8c58afc0 JavaThread "Thread-16"                  daemon [_thread_in_native, id=1968, stack(0x000000da62000000,0x000000da62100000) (1024K)]
  0x0000025b8c58a930 JavaThread "Thread-17"                  daemon [_thread_in_native, id=34360, stack(0x000000da62100000,0x000000da62200000) (1024K)]
  0x0000025b8c589c10 JavaThread "pool-2-thread-1"                   [_thread_blocked, id=19432, stack(0x000000da62200000,0x000000da62300000) (1024K)]
  0x0000025b8c588ef0 JavaThread "WorkspaceEventsHandler"            [_thread_blocked, id=13940, stack(0x000000da62300000,0x000000da62400000) (1024K)]
  0x0000025b8c58b650 JavaThread "pool-1-thread-1"                   [_thread_blocked, id=32996, stack(0x000000da62400000,0x000000da62500000) (1024K)]
  0x0000025b8c58bce0 JavaThread "ForkJoinPool.commonPool-worker-1" daemon [_thread_blocked, id=28548, stack(0x000000da62500000,0x000000da62600000) (1024K)]
  0x0000025b8c589580 JavaThread "ForkJoinPool.commonPool-worker-2" daemon [_thread_blocked, id=14828, stack(0x000000da62600000,0x000000da62700000) (1024K)]
  0x0000025b8d562de0 JavaThread "ForkJoinPool.commonPool-worker-3" daemon [_thread_blocked, id=10084, stack(0x000000da62700000,0x000000da62800000) (1024K)]
  0x0000025b8d564820 JavaThread "ForkJoinPool.commonPool-worker-4" daemon [_thread_blocked, id=33724, stack(0x000000da62800000,0x000000da62900000) (1024K)]
  0x0000025b8d564eb0 JavaThread "ForkJoinPool.commonPool-worker-5" daemon [_thread_blocked, id=24092, stack(0x000000da62900000,0x000000da62a00000) (1024K)]
  0x0000025b8d5620c0 JavaThread "ForkJoinPool.commonPool-worker-6" daemon [_thread_blocked, id=6160, stack(0x000000da62a00000,0x000000da62b00000) (1024K)]
  0x0000025b8d562750 JavaThread "ForkJoinPool.commonPool-worker-7" daemon [_thread_blocked, id=27984, stack(0x000000da62b00000,0x000000da62c00000) (1024K)]
  0x0000025b8d561a30 JavaThread "ForkJoinPool.commonPool-worker-8" daemon [_thread_blocked, id=27572, stack(0x000000da62c00000,0x000000da62d00000) (1024K)]
  0x0000025b8d565540 JavaThread "ForkJoinPool.commonPool-worker-9" daemon [_thread_blocked, id=27444, stack(0x000000da62d00000,0x000000da62e00000) (1024K)]
  0x0000025b8d565bd0 JavaThread "ForkJoinPool.commonPool-worker-10" daemon [_thread_blocked, id=30728, stack(0x000000da62e00000,0x000000da62f00000) (1024K)]
  0x0000025b8d563470 JavaThread "ForkJoinPool.commonPool-worker-11" daemon [_thread_blocked, id=11144, stack(0x000000da62f00000,0x000000da63000000) (1024K)]
  0x0000025b8d566f80 JavaThread "ForkJoinPool.commonPool-worker-12" daemon [_thread_blocked, id=27684, stack(0x000000da63000000,0x000000da63100000) (1024K)]
  0x0000025b8d566260 JavaThread "ForkJoinPool.commonPool-worker-13" daemon [_thread_blocked, id=11164, stack(0x000000da63100000,0x000000da63200000) (1024K)]
  0x0000025b8d5668f0 JavaThread "ForkJoinPool.commonPool-worker-14" daemon [_thread_blocked, id=468, stack(0x000000da63200000,0x000000da63300000) (1024K)]
  0x0000025b8d564190 JavaThread "ForkJoinPool.commonPool-worker-15" daemon [_thread_blocked, id=36176, stack(0x000000da63300000,0x000000da63400000) (1024K)]
  0x0000025b8d5689c0 JavaThread "LocalFile Deleter"          daemon [_thread_blocked, id=20648, stack(0x000000da63500000,0x000000da63600000) (1024K)]
  0x0000025b8d569050 JavaThread "LocalFile Deleter"          daemon [_thread_blocked, id=4344, stack(0x000000da63600000,0x000000da63700000) (1024K)]
  0x0000025b8d567610 JavaThread "LocalFile Deleter"          daemon [_thread_blocked, id=4452, stack(0x000000da63700000,0x000000da63800000) (1024K)]
  0x0000025b8d567ca0 JavaThread "LocalFile Deleter"          daemon [_thread_blocked, id=36276, stack(0x000000da63800000,0x000000da63900000) (1024K)]
  0x0000025b8cf0c8d0 JavaThread "LocalFile Deleter"          daemon [_thread_blocked, id=30652, stack(0x000000da63900000,0x000000da63a00000) (1024K)]
  0x0000025b8cf0f030 JavaThread "LocalFile Deleter"          daemon [_thread_blocked, id=16544, stack(0x000000da63a00000,0x000000da63b00000) (1024K)]
  0x0000025b8cf0f6c0 JavaThread "LocalFile Deleter"          daemon [_thread_blocked, id=11072, stack(0x000000da63b00000,0x000000da63c00000) (1024K)]
  0x0000025b8cf0cf60 JavaThread "LocalFile Deleter"          daemon [_thread_blocked, id=27916, stack(0x000000da63c00000,0x000000da63d00000) (1024K)]
  0x0000025b8cf10a70 JavaThread "LocalFile Deleter"          daemon [_thread_blocked, id=8636, stack(0x000000da63d00000,0x000000da63e00000) (1024K)]
  0x0000025b8cf0fd50 JavaThread "LocalFile Deleter"          daemon [_thread_blocked, id=12340, stack(0x000000da63e00000,0x000000da63f00000) (1024K)]
  0x0000025b8cf103e0 JavaThread "LocalFile Deleter"          daemon [_thread_blocked, id=30760, stack(0x000000da63f00000,0x000000da64000000) (1024K)]
  0x0000025b8cf0e9a0 JavaThread "LocalFile Deleter"          daemon [_thread_blocked, id=11272, stack(0x000000da64000000,0x000000da64100000) (1024K)]
  0x0000025b8cf0d5f0 JavaThread "LocalFile Deleter"          daemon [_thread_blocked, id=25984, stack(0x000000da64100000,0x000000da64200000) (1024K)]
  0x0000025b8cf0dc80 JavaThread "LocalFile Deleter"          daemon [_thread_blocked, id=32192, stack(0x000000da64200000,0x000000da64300000) (1024K)]
  0x0000025b8cf0e310 JavaThread "LocalFile Deleter"          daemon [_thread_blocked, id=10764, stack(0x000000da64300000,0x000000da64400000) (1024K)]
  0x0000025b8cf13860 JavaThread "Compiler Source File Reader" daemon [_thread_blocked, id=3712, stack(0x000000da64400000,0x000000da64500000) (1024K)]
  0x0000025b8cf131d0 JavaThread "Compiler Source File Reader" daemon [_thread_blocked, id=30052, stack(0x000000da64500000,0x000000da64600000) (1024K)]
  0x0000025b8cf11100 JavaThread "Compiler Source File Reader" daemon [_thread_blocked, id=27268, stack(0x000000da64600000,0x000000da64700000) (1024K)]
  0x0000025b8cf11790 JavaThread "Compiler Source File Reader" daemon [_thread_blocked, id=4848, stack(0x000000da64700000,0x000000da64800000) (1024K)]
  0x0000025b8cf12b40 JavaThread "Compiler Source File Reader" daemon [_thread_blocked, id=26456, stack(0x000000da64800000,0x000000da64900000) (1024K)]
  0x0000025b8cf11e20 JavaThread "Compiler Source File Reader" daemon [_thread_blocked, id=9148, stack(0x000000da64900000,0x000000da64a00000) (1024K)]
  0x0000025b8cf13ef0 JavaThread "Compiler Source File Reader" daemon [_thread_blocked, id=25208, stack(0x000000da64a00000,0x000000da64b00000) (1024K)]
  0x0000025b8cf124b0 JavaThread "Compiler Source File Reader" daemon [_thread_blocked, id=10072, stack(0x000000da64b00000,0x000000da64c00000) (1024K)]
  0x0000025b8d9542d0 JavaThread "Compiler Source File Reader" daemon [_thread_blocked, id=19712, stack(0x000000da64c00000,0x000000da64d00000) (1024K)]
  0x0000025b8d9563a0 JavaThread "Compiler Class File Writer" daemon [_thread_blocked, id=3328, stack(0x000000da64f00000,0x000000da65000000) (1024K)]
  0x0000025b8d955680 JavaThread "Compiler Class File Writer" daemon [_thread_blocked, id=35140, stack(0x000000da65000000,0x000000da65100000) (1024K)]
  0x0000025b8d952f20 JavaThread "Compiler Class File Writer" daemon [_thread_blocked, id=36316, stack(0x000000da65100000,0x000000da65200000) (1024K)]
  0x0000025b8d956a30 JavaThread "Compiler Class File Writer" daemon [_thread_blocked, id=14984, stack(0x000000da65300000,0x000000da65400000) (1024K)]
  0x0000025b8d9535b0 JavaThread "Compiler Class File Writer" daemon [_thread_blocked, id=16648, stack(0x000000da65400000,0x000000da65500000) (1024K)]
  0x0000025b8d953c40 JavaThread "Compiler Class File Writer" daemon [_thread_blocked, id=10044, stack(0x000000da65500000,0x000000da65600000) (1024K)]
  0x0000025b8d959820 JavaThread "Compiler Class File Writer" daemon [_thread_blocked, id=5332, stack(0x000000da65600000,0x000000da65700000) (1024K)]
  0x0000025b8d958470 JavaThread "Compiler Class File Writer" daemon [_thread_blocked, id=33928, stack(0x000000da65700000,0x000000da65800000) (1024K)]
  0x0000025b8d957de0 JavaThread "Compiler Class File Writer" daemon [_thread_blocked, id=17060, stack(0x000000da65800000,0x000000da65900000) (1024K)]
  0x0000025b8d957750 JavaThread "Compiler Source File Reader" daemon [_thread_blocked, id=19404, stack(0x000000da65900000,0x000000da65a00000) (1024K)]
  0x0000025b8d958b00 JavaThread "Compiler Class File Writer" daemon [_thread_blocked, id=16324, stack(0x000000da65a00000,0x000000da65b00000) (1024K)]
  0x0000025b92d2a5d0 JavaThread "Cleaner-0"                  daemon [_thread_blocked, id=18124, stack(0x000000da65c00000,0x000000da65d00000) (1024K)]
Total: 93

Other Threads:
  0x0000025b2b991b80 VMThread "VM Thread"                           [id=34632, stack(0x000000da5e600000,0x000000da5e700000) (1024K)]
  0x0000025b4227c210 WatcherThread "VM Periodic Task Thread"        [id=35940, stack(0x000000da5e500000,0x000000da5e600000) (1024K)]
  0x0000025b2b90db40 WorkerThread "GC Thread#0"                     [id=19628, stack(0x000000da5e400000,0x000000da5e500000) (1024K)]
  0x0000025b8664b810 WorkerThread "GC Thread#1"                     [id=24656, stack(0x000000da5f600000,0x000000da5f700000) (1024K)]
  0x0000025b8664bfc0 WorkerThread "GC Thread#2"                     [id=25096, stack(0x000000da5f700000,0x000000da5f800000) (1024K)]
  0x0000025b8683f440 WorkerThread "GC Thread#3"                     [id=1384, stack(0x000000da5f800000,0x000000da5f900000) (1024K)]
  0x0000025b8683f7f0 WorkerThread "GC Thread#4"                     [id=13576, stack(0x000000da5f900000,0x000000da5fa00000) (1024K)]
  0x0000025b8683fba0 WorkerThread "GC Thread#5"                     [id=36376, stack(0x000000da5fa00000,0x000000da5fb00000) (1024K)]
  0x0000025b8663ce20 WorkerThread "GC Thread#6"                     [id=3188, stack(0x000000da5fb00000,0x000000da5fc00000) (1024K)]
  0x0000025b8663d1d0 WorkerThread "GC Thread#7"                     [id=27788, stack(0x000000da5fd00000,0x000000da5fe00000) (1024K)]
  0x0000025b8663d930 WorkerThread "GC Thread#8"                     [id=1456, stack(0x000000da60100000,0x000000da60200000) (1024K)]
  0x0000025b8663e090 WorkerThread "GC Thread#9"                     [id=11136, stack(0x000000da60200000,0x000000da60300000) (1024K)]
  0x0000025b8663dce0 WorkerThread "GC Thread#10"                    [id=24812, stack(0x000000da60300000,0x000000da60400000) (1024K)]
  0x0000025b8663ca70 WorkerThread "GC Thread#11"                    [id=12556, stack(0x000000da60500000,0x000000da60600000) (1024K)]
  0x0000025b8b0fadf0 WorkerThread "GC Thread#12"                    [id=31808, stack(0x000000da60600000,0x000000da60700000) (1024K)]
Total: 15

Threads with active compile tasks:
C2 CompilerThread0  79109 14801   !   4       org.eclipse.jdt.internal.core.JavaProject$ModuleLookup::getModule (102 bytes)
Total: 1

VM state: not at safepoint (normal execution)

VM Mutex/Monitor currently owned by a thread: None

Heap address: 0x0000000080000000, size: 2048 MB, Compressed Oops mode: 32-bit

CDS archive(s) mapped at: [0x0000025b43000000-0x0000025b43ba0000-0x0000025b43ba0000), size 12189696, SharedBaseAddress: 0x0000025b43000000, ArchiveRelocationMode: 1.
Compressed class space mapped at: 0x0000025b44000000-0x0000025b84000000, reserved size: 1073741824
Narrow klass base: 0x0000025b43000000, Narrow klass shift: 0, Narrow klass range: 0x100000000

GC Precious Log:
 CardTable entry size: 512
 CPUs: 16 total, 16 available
 Memory: 7811M
 Large Page Support: Disabled
 NUMA Support: Disabled
 Compressed Oops: Enabled (32-bit)
 Alignments: Space 512K, Generation 512K, Heap 2M
 Heap Min Capacity: 100M
 Heap Initial Capacity: 100M
 Heap Max Capacity: 2G
 Pre-touch: Disabled
 Parallel Workers: 13

Heap:
 PSYoungGen      total 18944K, used 13000K [0x00000000d5580000, 0x00000000d6b00000, 0x0000000100000000)
  eden space 17920K, 68% used [0x00000000d5580000,0x00000000d617e330,0x00000000d6700000)
  from space 1024K, 70% used [0x00000000d6700000,0x00000000d67b4010,0x00000000d6800000)
  to   space 2048K, 0% used [0x00000000d6900000,0x00000000d6900000,0x00000000d6b00000)
 ParOldGen       total 124416K, used 124209K [0x0000000080000000, 0x0000000087980000, 0x00000000d5580000)
  object space 124416K, 99% used [0x0000000080000000,0x000000008794c7f8,0x0000000087980000)
 Metaspace       used 72690K, committed 74304K, reserved 1179648K
  class space    used 7412K, committed 8128K, reserved 1048576K

Card table byte_map: [0x0000025b2b290000,0x0000025b2b6a0000] _byte_map_base: 0x0000025b2ae90000

Marking Bits: (ParMarkBitMap*) 0x00007ffd9cd33450
 Begin Bits: [0x0000025b3dda0000, 0x0000025b3fda0000)
 End Bits:   [0x0000025b3fda0000, 0x0000025b41da0000)

Polling page: 0x0000025b298d0000

Metaspace:

Usage:
  Non-class:     63.75 MB used.
      Class:      7.24 MB used.
       Both:     70.99 MB used.

Virtual space:
  Non-class space:      128.00 MB reserved,      64.62 MB ( 50%) committed,  2 nodes.
      Class space:        1.00 GB reserved,       7.94 MB ( <1%) committed,  1 nodes.
             Both:        1.12 GB reserved,      72.56 MB (  6%) committed. 

Chunk freelists:
   Non-Class:  14.58 MB
       Class:  8.06 MB
        Both:  22.64 MB

MaxMetaspaceSize: unlimited
CompressedClassSpaceSize: 1.00 GB
Initial GC threshold: 21.00 MB
Current GC threshold: 97.31 MB
CDS: on
 - commit_granule_bytes: 65536.
 - commit_granule_words: 8192.
 - virtual_space_node_default_size: 8388608.
 - enlarge_chunks_in_place: 1.
 - use_allocation_guard: 0.


Internal statistics:

num_allocs_failed_limit: 11.
num_arena_births: 1368.
num_arena_deaths: 14.
num_vsnodes_births: 3.
num_vsnodes_deaths: 0.
num_space_committed: 1161.
num_space_uncommitted: 0.
num_chunks_returned_to_freelist: 25.
num_chunks_taken_from_freelist: 4911.
num_chunk_merges: 13.
num_chunk_splits: 2979.
num_chunks_enlarged: 1642.
num_inconsistent_stats: 0.

CodeHeap 'non-profiled nmethods': size=119168Kb used=9400Kb max_used=9400Kb free=109767Kb
 bounds [0x0000025b36690000, 0x0000025b36fc0000, 0x0000025b3daf0000]
CodeHeap 'profiled nmethods': size=119104Kb used=32827Kb max_used=32827Kb free=86276Kb
 bounds [0x0000025b2eaf0000, 0x0000025b30b00000, 0x0000025b35f40000]
CodeHeap 'non-nmethods': size=7488Kb used=1459Kb max_used=3246Kb free=6028Kb
 bounds [0x0000025b35f40000, 0x0000025b36340000, 0x0000025b36690000]
CodeCache: size=245760Kb, used=43686Kb, max_used=45473Kb, free=202071Kb
 total_blobs=14837, nmethods=14059, adapters=683, full_count=0
Compilation: enabled, stopped_count=0, restarted_count=0

Compilation events (20 events):
Event: 76.917 Thread 0x0000025b84827d30 nmethod 14824 0x0000025b36fb6510 code [0x0000025b36fb66c0, 0x0000025b36fb6968]
Event: 76.917 Thread 0x0000025b84827d30 14815       4       org.eclipse.jdt.internal.compiler.lookup.PlainPackageBinding::getIncarnation (12 bytes)
Event: 76.917 Thread 0x0000025b84827d30 nmethod 14815 0x0000025b36fb6b10 code [0x0000025b36fb6ca0, 0x0000025b36fb6d50]
Event: 76.917 Thread 0x0000025b84827d30 14828       4       org.eclipse.jdt.internal.core.SourceRefElement::calculateHashCode (12 bytes)
Event: 76.919 Thread 0x0000025b84827d30 nmethod 14828 0x0000025b36fb6e10 code [0x0000025b36fb6fc0, 0x0000025b36fb71e8]
Event: 76.919 Thread 0x0000025b84827d30 14811       4       java.util.stream.ReduceOps$3::getOpFlags (28 bytes)
Event: 76.924 Thread 0x0000025b84827d30 nmethod 14811 0x0000025b36fb7410 code [0x0000025b36fb7640, 0x0000025b36fb7bf8]
Event: 76.924 Thread 0x0000025b84827d30 14802   !   4       org.eclipse.jdt.internal.compiler.parser.Parser::$SWITCH_TABLE$org$eclipse$jdt$internal$compiler$parser$TerminalToken (2065 bytes)
Event: 76.926 Thread 0x0000025b84827d30 nmethod 14802 0x0000025b36fb8010 code [0x0000025b36fb81a0, 0x0000025b36fb8238]
Event: 76.926 Thread 0x0000025b84827d30 14814       4       java.util.HashSet::size (8 bytes)
Event: 76.927 Thread 0x0000025b84827d30 nmethod 14814 0x0000025b36fb8310 code [0x0000025b36fb84a0, 0x0000025b36fb8540]
Event: 76.927 Thread 0x0000025b84827d30 14817       4       lombok.core.TypeResolver::typeRefToFullyQualifiedName (487 bytes)
Event: 76.948 Thread 0x0000025b84827d30 nmethod 14817 0x0000025b36fb8610 code [0x0000025b36fb89a0, 0x0000025b36fba468]
Event: 76.948 Thread 0x0000025b84827d30 14818       4       lombok.core.TypeLibrary::toQualifieds (81 bytes)
Event: 76.953 Thread 0x0000025b84827d30 nmethod 14818 0x0000025b36fbb990 code [0x0000025b36fbbba0, 0x0000025b36fbc078]
Event: 76.953 Thread 0x0000025b84827d30 14819   !   4       lombok.eclipse.HandlerLibrary::handleAnnotation (224 bytes)
Event: 76.959 Thread 0x0000025b84827d30 nmethod 14819 0x0000025b36fbc510 code [0x0000025b36fbc780, 0x0000025b36fbcfd0]
Event: 76.960 Thread 0x0000025b84827d30 14800       4       org.eclipse.jdt.internal.compiler.classfmt.ModuleInfo::hashCode (35 bytes)
Event: 76.962 Thread 0x0000025b84827d30 nmethod 14800 0x0000025b36fbd890 code [0x0000025b36fbda80, 0x0000025b36fbe028]
Event: 76.962 Thread 0x0000025b84827d30 14801   !   4       org.eclipse.jdt.internal.core.JavaProject$ModuleLookup::getModule (102 bytes)

GC Heap History (20 events):
Event: 13.689 GC heap before
{Heap before GC invocations=239 (full 3):
 PSYoungGen      total 23040K, used 22688K [0x00000000d5580000, 0x00000000d6d00000, 0x0000000100000000)
  eden space 22016K, 100% used [0x00000000d5580000,0x00000000d6b00000,0x00000000d6b00000)
  from space 1024K, 65% used [0x00000000d6b00000,0x00000000d6ba8020,0x00000000d6c00000)
  to   space 1024K, 0% used [0x00000000d6c00000,0x00000000d6c00000,0x00000000d6d00000)
 ParOldGen       total 113152K, used 113063K [0x0000000080000000, 0x0000000086e80000, 0x00000000d5580000)
  object space 113152K, 99% used [0x0000000080000000,0x0000000086e69f38,0x0000000086e80000)
 Metaspace       used 68081K, committed 69696K, reserved 1114112K
  class space    used 7135K, committed 7808K, reserved 1048576K
}
Event: 13.690 GC heap after
{Heap after GC invocations=239 (full 3):
 PSYoungGen      total 20480K, used 1012K [0x00000000d5580000, 0x00000000d7200000, 0x0000000100000000)
  eden space 19456K, 0% used [0x00000000d5580000,0x00000000d5580000,0x00000000d6880000)
  from space 1024K, 98% used [0x00000000d6c00000,0x00000000d6cfd220,0x00000000d6d00000)
  to   space 3584K, 0% used [0x00000000d6880000,0x00000000d6880000,0x00000000d6c00000)
 ParOldGen       total 115200K, used 114991K [0x0000000080000000, 0x0000000087080000, 0x00000000d5580000)
  object space 115200K, 99% used [0x0000000080000000,0x000000008704bfe8,0x0000000087080000)
 Metaspace       used 68081K, committed 69696K, reserved 1114112K
  class space    used 7135K, committed 7808K, reserved 1048576K
}
Event: 13.778 GC heap before
{Heap before GC invocations=240 (full 3):
 PSYoungGen      total 20480K, used 20468K [0x00000000d5580000, 0x00000000d7200000, 0x0000000100000000)
  eden space 19456K, 100% used [0x00000000d5580000,0x00000000d6880000,0x00000000d6880000)
  from space 1024K, 98% used [0x00000000d6c00000,0x00000000d6cfd220,0x00000000d6d00000)
  to   space 3584K, 0% used [0x00000000d6880000,0x00000000d6880000,0x00000000d6c00000)
 ParOldGen       total 115200K, used 114991K [0x0000000080000000, 0x0000000087080000, 0x00000000d5580000)
  object space 115200K, 99% used [0x0000000080000000,0x000000008704bfe8,0x0000000087080000)
 Metaspace       used 68890K, committed 70464K, reserved 1114112K
  class space    used 7191K, committed 7872K, reserved 1048576K
}
Event: 13.780 GC heap after
{Heap after GC invocations=240 (full 3):
 PSYoungGen      total 21504K, used 1764K [0x00000000d5580000, 0x00000000d6d80000, 0x0000000100000000)
  eden space 19456K, 0% used [0x00000000d5580000,0x00000000d5580000,0x00000000d6880000)
  from space 2048K, 86% used [0x00000000d6880000,0x00000000d6a39210,0x00000000d6a80000)
  to   space 2560K, 0% used [0x00000000d6b00000,0x00000000d6b00000,0x00000000d6d80000)
 ParOldGen       total 116224K, used 115980K [0x0000000080000000, 0x0000000087180000, 0x00000000d5580000)
  object space 116224K, 99% used [0x0000000080000000,0x0000000087143208,0x0000000087180000)
 Metaspace       used 68890K, committed 70464K, reserved 1114112K
  class space    used 7191K, committed 7872K, reserved 1048576K
}
Event: 13.875 GC heap before
{Heap before GC invocations=241 (full 3):
 PSYoungGen      total 21504K, used 21211K [0x00000000d5580000, 0x00000000d6d80000, 0x0000000100000000)
  eden space 19456K, 99% used [0x00000000d5580000,0x00000000d687da68,0x00000000d6880000)
  from space 2048K, 86% used [0x00000000d6880000,0x00000000d6a39210,0x00000000d6a80000)
  to   space 2560K, 0% used [0x00000000d6b00000,0x00000000d6b00000,0x00000000d6d80000)
 ParOldGen       total 116224K, used 115980K [0x0000000080000000, 0x0000000087180000, 0x00000000d5580000)
  object space 116224K, 99% used [0x0000000080000000,0x0000000087143208,0x0000000087180000)
 Metaspace       used 69704K, committed 71296K, reserved 1114112K
  class space    used 7260K, committed 7936K, reserved 1048576K
}
Event: 13.877 GC heap after
{Heap after GC invocations=241 (full 3):
 PSYoungGen      total 22016K, used 2045K [0x00000000d5580000, 0x00000000d6d80000, 0x0000000100000000)
  eden space 19456K, 0% used [0x00000000d5580000,0x00000000d5580000,0x00000000d6880000)
  from space 2560K, 79% used [0x00000000d6b00000,0x00000000d6cff630,0x00000000d6d80000)
  to   space 2560K, 0% used [0x00000000d6880000,0x00000000d6880000,0x00000000d6b00000)
 ParOldGen       total 117248K, used 117191K [0x0000000080000000, 0x0000000087280000, 0x00000000d5580000)
  object space 117248K, 99% used [0x0000000080000000,0x0000000087271d28,0x0000000087280000)
 Metaspace       used 69704K, committed 71296K, reserved 1114112K
  class space    used 7260K, committed 7936K, reserved 1048576K
}
Event: 13.986 GC heap before
{Heap before GC invocations=242 (full 3):
 PSYoungGen      total 22016K, used 21501K [0x00000000d5580000, 0x00000000d6d80000, 0x0000000100000000)
  eden space 19456K, 100% used [0x00000000d5580000,0x00000000d6880000,0x00000000d6880000)
  from space 2560K, 79% used [0x00000000d6b00000,0x00000000d6cff630,0x00000000d6d80000)
  to   space 2560K, 0% used [0x00000000d6880000,0x00000000d6880000,0x00000000d6b00000)
 ParOldGen       total 117248K, used 117191K [0x0000000080000000, 0x0000000087280000, 0x00000000d5580000)
  object space 117248K, 99% used [0x0000000080000000,0x0000000087271d28,0x0000000087280000)
 Metaspace       used 70338K, committed 71936K, reserved 1114112K
  class space    used 7294K, committed 8000K, reserved 1048576K
}
Event: 13.988 GC heap after
{Heap after GC invocations=242 (full 3):
 PSYoungGen      total 21504K, used 1722K [0x00000000d5580000, 0x00000000d6c80000, 0x0000000100000000)
  eden space 19456K, 0% used [0x00000000d5580000,0x00000000d5580000,0x00000000d6880000)
  from space 2048K, 84% used [0x00000000d6880000,0x00000000d6a2e900,0x00000000d6a80000)
  to   space 2048K, 0% used [0x00000000d6a80000,0x00000000d6a80000,0x00000000d6c80000)
 ParOldGen       total 119296K, used 118880K [0x0000000080000000, 0x0000000087480000, 0x00000000d5580000)
  object space 119296K, 99% used [0x0000000080000000,0x0000000087418228,0x0000000087480000)
 Metaspace       used 70338K, committed 71936K, reserved 1114112K
  class space    used 7294K, committed 8000K, reserved 1048576K
}
Event: 14.090 GC heap before
{Heap before GC invocations=243 (full 3):
 PSYoungGen      total 21504K, used 21178K [0x00000000d5580000, 0x00000000d6c80000, 0x0000000100000000)
  eden space 19456K, 100% used [0x00000000d5580000,0x00000000d6880000,0x00000000d6880000)
  from space 2048K, 84% used [0x00000000d6880000,0x00000000d6a2e900,0x00000000d6a80000)
  to   space 2048K, 0% used [0x00000000d6a80000,0x00000000d6a80000,0x00000000d6c80000)
 ParOldGen       total 119296K, used 118880K [0x0000000080000000, 0x0000000087480000, 0x00000000d5580000)
  object space 119296K, 99% used [0x0000000080000000,0x0000000087418228,0x0000000087480000)
 Metaspace       used 71025K, committed 72576K, reserved 1114112K
  class space    used 7344K, committed 8000K, reserved 1048576K
}
Event: 14.091 GC heap after
{Heap after GC invocations=243 (full 3):
 PSYoungGen      total 21504K, used 1702K [0x00000000d5580000, 0x00000000d6c80000, 0x0000000100000000)
  eden space 19456K, 0% used [0x00000000d5580000,0x00000000d5580000,0x00000000d6880000)
  from space 2048K, 83% used [0x00000000d6a80000,0x00000000d6c29a90,0x00000000d6c80000)
  to   space 2048K, 0% used [0x00000000d6880000,0x00000000d6880000,0x00000000d6a80000)
 ParOldGen       total 120320K, used 119946K [0x0000000080000000, 0x0000000087580000, 0x00000000d5580000)
  object space 120320K, 99% used [0x0000000080000000,0x0000000087522880,0x0000000087580000)
 Metaspace       used 71025K, committed 72576K, reserved 1114112K
  class space    used 7344K, committed 8000K, reserved 1048576K
}
Event: 14.165 GC heap before
{Heap before GC invocations=244 (full 3):
 PSYoungGen      total 21504K, used 21158K [0x00000000d5580000, 0x00000000d6c80000, 0x0000000100000000)
  eden space 19456K, 100% used [0x00000000d5580000,0x00000000d6880000,0x00000000d6880000)
  from space 2048K, 83% used [0x00000000d6a80000,0x00000000d6c29a90,0x00000000d6c80000)
  to   space 2048K, 0% used [0x00000000d6880000,0x00000000d6880000,0x00000000d6a80000)
 ParOldGen       total 120320K, used 119946K [0x0000000080000000, 0x0000000087580000, 0x00000000d5580000)
  object space 120320K, 99% used [0x0000000080000000,0x0000000087522880,0x0000000087580000)
 Metaspace       used 71380K, committed 72960K, reserved 1179648K
  class space    used 7353K, committed 8000K, reserved 1048576K
}
Event: 14.167 GC heap after
{Heap after GC invocations=244 (full 3):
 PSYoungGen      total 20480K, used 899K [0x00000000d5580000, 0x00000000d6b80000, 0x0000000100000000)
  eden space 19456K, 0% used [0x00000000d5580000,0x00000000d5580000,0x00000000d6880000)
  from space 1024K, 87% used [0x00000000d6880000,0x00000000d6960dc0,0x00000000d6980000)
  to   space 1536K, 0% used [0x00000000d6a00000,0x00000000d6a00000,0x00000000d6b80000)
 ParOldGen       total 120832K, used 120407K [0x0000000080000000, 0x0000000087600000, 0x00000000d5580000)
  object space 120832K, 99% used [0x0000000080000000,0x0000000087595c48,0x0000000087600000)
 Metaspace       used 71380K, committed 72960K, reserved 1179648K
  class space    used 7353K, committed 8000K, reserved 1048576K
}
Event: 14.237 GC heap before
{Heap before GC invocations=245 (full 3):
 PSYoungGen      total 20480K, used 20355K [0x00000000d5580000, 0x00000000d6b80000, 0x0000000100000000)
  eden space 19456K, 100% used [0x00000000d5580000,0x00000000d6880000,0x00000000d6880000)
  from space 1024K, 87% used [0x00000000d6880000,0x00000000d6960dc0,0x00000000d6980000)
  to   space 1536K, 0% used [0x00000000d6a00000,0x00000000d6a00000,0x00000000d6b80000)
 ParOldGen       total 120832K, used 120407K [0x0000000080000000, 0x0000000087600000, 0x00000000d5580000)
  object space 120832K, 99% used [0x0000000080000000,0x0000000087595c48,0x0000000087600000)
 Metaspace       used 71626K, committed 73152K, reserved 1179648K
  class space    used 7358K, committed 8000K, reserved 1048576K
}
Event: 14.238 GC heap after
{Heap after GC invocations=245 (full 3):
 PSYoungGen      total 20480K, used 864K [0x00000000d5580000, 0x00000000d6b00000, 0x0000000100000000)
  eden space 19456K, 0% used [0x00000000d5580000,0x00000000d5580000,0x00000000d6880000)
  from space 1024K, 84% used [0x00000000d6a00000,0x00000000d6ad8000,0x00000000d6b00000)
  to   space 1024K, 0% used [0x00000000d6880000,0x00000000d6880000,0x00000000d6980000)
 ParOldGen       total 120832K, used 120495K [0x0000000080000000, 0x0000000087600000, 0x00000000d5580000)
  object space 120832K, 99% used [0x0000000080000000,0x00000000875abc48,0x0000000087600000)
 Metaspace       used 71626K, committed 73152K, reserved 1179648K
  class space    used 7358K, committed 8000K, reserved 1048576K
}
Event: 14.318 GC heap before
{Heap before GC invocations=246 (full 3):
 PSYoungGen      total 20480K, used 20320K [0x00000000d5580000, 0x00000000d6b00000, 0x0000000100000000)
  eden space 19456K, 100% used [0x00000000d5580000,0x00000000d6880000,0x00000000d6880000)
  from space 1024K, 84% used [0x00000000d6a00000,0x00000000d6ad8000,0x00000000d6b00000)
  to   space 1024K, 0% used [0x00000000d6880000,0x00000000d6880000,0x00000000d6980000)
 ParOldGen       total 120832K, used 120495K [0x0000000080000000, 0x0000000087600000, 0x00000000d5580000)
  object space 120832K, 99% used [0x0000000080000000,0x00000000875abc48,0x0000000087600000)
 Metaspace       used 72156K, committed 73664K, reserved 1179648K
  class space    used 7399K, committed 8064K, reserved 1048576K
}
Event: 14.319 GC heap after
{Heap after GC invocations=246 (full 3):
 PSYoungGen      total 20480K, used 996K [0x00000000d5580000, 0x00000000d6c80000, 0x0000000100000000)
  eden space 19456K, 0% used [0x00000000d5580000,0x00000000d5580000,0x00000000d6880000)
  from space 1024K, 97% used [0x00000000d6880000,0x00000000d6979210,0x00000000d6980000)
  to   space 2048K, 0% used [0x00000000d6a80000,0x00000000d6a80000,0x00000000d6c80000)
 ParOldGen       total 121344K, used 121155K [0x0000000080000000, 0x0000000087680000, 0x00000000d5580000)
  object space 121344K, 99% used [0x0000000080000000,0x0000000087650e78,0x0000000087680000)
 Metaspace       used 72156K, committed 73664K, reserved 1179648K
  class space    used 7399K, committed 8064K, reserved 1048576K
}
Event: 67.256 GC heap before
{Heap before GC invocations=247 (full 3):
 PSYoungGen      total 20480K, used 20452K [0x00000000d5580000, 0x00000000d6c80000, 0x0000000100000000)
  eden space 19456K, 100% used [0x00000000d5580000,0x00000000d6880000,0x00000000d6880000)
  from space 1024K, 97% used [0x00000000d6880000,0x00000000d6979210,0x00000000d6980000)
  to   space 2048K, 0% used [0x00000000d6a80000,0x00000000d6a80000,0x00000000d6c80000)
 ParOldGen       total 121344K, used 121155K [0x0000000080000000, 0x0000000087680000, 0x00000000d5580000)
  object space 121344K, 99% used [0x0000000080000000,0x0000000087650e78,0x0000000087680000)
 Metaspace       used 72355K, committed 73984K, reserved 1179648K
  class space    used 7411K, committed 8128K, reserved 1048576K
}
Event: 67.294 GC heap after
{Heap after GC invocations=247 (full 3):
 PSYoungGen      total 19968K, used 2035K [0x00000000d5580000, 0x00000000d6f80000, 0x0000000100000000)
  eden space 17920K, 0% used [0x00000000d5580000,0x00000000d5580000,0x00000000d6700000)
  from space 2048K, 99% used [0x00000000d6a80000,0x00000000d6c7ce18,0x00000000d6c80000)
  to   space 3584K, 0% used [0x00000000d6700000,0x00000000d6700000,0x00000000d6a80000)
 ParOldGen       total 122368K, used 122238K [0x0000000080000000, 0x0000000087780000, 0x00000000d5580000)
  object space 122368K, 99% used [0x0000000080000000,0x000000008775fb90,0x0000000087780000)
 Metaspace       used 72355K, committed 73984K, reserved 1179648K
  class space    used 7411K, committed 8128K, reserved 1048576K
}
Event: 70.321 GC heap before
{Heap before GC invocations=248 (full 3):
 PSYoungGen      total 19968K, used 19955K [0x00000000d5580000, 0x00000000d6f80000, 0x0000000100000000)
  eden space 17920K, 100% used [0x00000000d5580000,0x00000000d6700000,0x00000000d6700000)
  from space 2048K, 99% used [0x00000000d6a80000,0x00000000d6c7ce18,0x00000000d6c80000)
  to   space 3584K, 0% used [0x00000000d6700000,0x00000000d6700000,0x00000000d6a80000)
 ParOldGen       total 122368K, used 122238K [0x0000000080000000, 0x0000000087780000, 0x00000000d5580000)
  object space 122368K, 99% used [0x0000000080000000,0x000000008775fb90,0x0000000087780000)
 Metaspace       used 72612K, committed 74240K, reserved 1179648K
  class space    used 7412K, committed 8128K, reserved 1048576K
}
Event: 70.322 GC heap after
{Heap after GC invocations=248 (full 3):
 PSYoungGen      total 18944K, used 720K [0x00000000d5580000, 0x00000000d6b00000, 0x0000000100000000)
  eden space 17920K, 0% used [0x00000000d5580000,0x00000000d5580000,0x00000000d6700000)
  from space 1024K, 70% used [0x00000000d6700000,0x00000000d67b4010,0x00000000d6800000)
  to   space 2048K, 0% used [0x00000000d6900000,0x00000000d6900000,0x00000000d6b00000)
 ParOldGen       total 124416K, used 124209K [0x0000000080000000, 0x0000000087980000, 0x00000000d5580000)
  object space 124416K, 99% used [0x0000000080000000,0x000000008794c7f8,0x0000000087980000)
 Metaspace       used 72612K, committed 74240K, reserved 1179648K
  class space    used 7412K, committed 8128K, reserved 1048576K
}

Dll operation events (10 events):
Event: 0.005 Loaded shared library c:\Users\marce\.vscode\extensions\redhat.java-1.54.0-win32-x64\jre\21.0.10-win32-x86_64\bin\java.dll
Event: 0.040 Loaded shared library c:\Users\marce\.vscode\extensions\redhat.java-1.54.0-win32-x64\jre\21.0.10-win32-x86_64\bin\zip.dll
Event: 0.052 Loaded shared library C:\Users\marce\.vscode\extensions\redhat.java-1.54.0-win32-x64\jre\21.0.10-win32-x86_64\bin\instrument.dll
Event: 0.055 Loaded shared library C:\Users\marce\.vscode\extensions\redhat.java-1.54.0-win32-x64\jre\21.0.10-win32-x86_64\bin\net.dll
Event: 0.056 Loaded shared library C:\Users\marce\.vscode\extensions\redhat.java-1.54.0-win32-x64\jre\21.0.10-win32-x86_64\bin\nio.dll
Event: 0.057 Loaded shared library C:\Users\marce\.vscode\extensions\redhat.java-1.54.0-win32-x64\jre\21.0.10-win32-x86_64\bin\zip.dll
Event: 0.069 Loaded shared library C:\Users\marce\.vscode\extensions\redhat.java-1.54.0-win32-x64\jre\21.0.10-win32-x86_64\bin\jimage.dll
Event: 0.107 Loaded shared library c:\Users\marce\.vscode\extensions\redhat.java-1.54.0-win32-x64\jre\21.0.10-win32-x86_64\bin\verify.dll
Event: 0.903 Loaded shared library C:\Users\marce\AppData\Roaming\Code\User\globalStorage\redhat.java\1.54.0\config_win\org.eclipse.equinox.launcher\org.eclipse.equinox.launcher.win32.win32.x86_64_1.3.0.v20260203-2149\eclipse_11919.dll
Event: 4.378 Loaded shared library C:\Users\marce\AppData\Local\Temp\jna-103666240\jna4298497954447301327.dll

Deoptimization events (20 events):
Event: 67.373 Thread 0x0000025b8d5620c0 DEOPT PACKING pc=0x0000025b36f0078c sp=0x000000da62afde40
Event: 67.373 Thread 0x0000025b8d5620c0 DEOPT UNPACKING pc=0x0000025b35f93aa2 sp=0x000000da62afdde8 mode 2
Event: 67.373 Thread 0x0000025b8d5620c0 Uncommon trap: trap_request=0xffffffd6 fr.pc=0x0000025b36f0078c relative=0x0000000000006b0c
Event: 67.373 Thread 0x0000025b8d5620c0 Uncommon trap: reason=array_check action=maybe_recompile pc=0x0000025b36f0078c method=org.eclipse.jdt.internal.compiler.classfmt.ModuleInfo.readModuleAttribute(I)V @ 1029 c2
Event: 67.373 Thread 0x0000025b8d5620c0 DEOPT PACKING pc=0x0000025b36f0078c sp=0x000000da62afde40
Event: 67.373 Thread 0x0000025b8d5620c0 DEOPT UNPACKING pc=0x0000025b35f93aa2 sp=0x000000da62afdde8 mode 2
Event: 67.390 Thread 0x0000025b8d5620c0 DEOPT PACKING pc=0x0000025b302c569f sp=0x000000da62afd3f0
Event: 67.390 Thread 0x0000025b8d5620c0 DEOPT UNPACKING pc=0x0000025b35f94242 sp=0x000000da62afc908 mode 0
Event: 67.452 Thread 0x0000025b8d5620c0 DEOPT PACKING pc=0x0000025b302c569f sp=0x000000da62afd3f0
Event: 67.452 Thread 0x0000025b8d5620c0 DEOPT UNPACKING pc=0x0000025b35f94242 sp=0x000000da62afc908 mode 0
Event: 67.528 Thread 0x0000025b8d5620c0 Uncommon trap: trap_request=0xffffffde fr.pc=0x0000025b36cb8c18 relative=0x0000000000000078
Event: 67.528 Thread 0x0000025b8d5620c0 Uncommon trap: reason=class_check action=maybe_recompile pc=0x0000025b36cb8c18 method=java.util.LinkedHashMap.afterNodeInsertion(Z)V @ 15 c2
Event: 67.528 Thread 0x0000025b8d5620c0 DEOPT PACKING pc=0x0000025b36cb8c18 sp=0x000000da62afef30
Event: 67.529 Thread 0x0000025b8d5620c0 DEOPT UNPACKING pc=0x0000025b35f93aa2 sp=0x000000da62afeea8 mode 2
Event: 70.320 Thread 0x0000025b8d5620c0 DEOPT PACKING pc=0x0000025b3044a6e9 sp=0x000000da62afe0f0
Event: 70.320 Thread 0x0000025b8d5620c0 DEOPT UNPACKING pc=0x0000025b35f94242 sp=0x000000da62afd610 mode 0
Event: 76.467 Thread 0x0000025b8d5620c0 DEOPT PACKING pc=0x0000025b302c569f sp=0x000000da62afd590
Event: 76.468 Thread 0x0000025b8d5620c0 DEOPT UNPACKING pc=0x0000025b35f94242 sp=0x000000da62afcaa0 mode 0
Event: 76.484 Thread 0x0000025b8d5620c0 DEOPT PACKING pc=0x0000025b308fd325 sp=0x000000da62afe250
Event: 76.484 Thread 0x0000025b8d5620c0 DEOPT UNPACKING pc=0x0000025b35f94242 sp=0x000000da62afd6d8 mode 0

Classes loaded (20 events):
Event: 12.594 Loading class java/lang/UnsupportedClassVersionError
Event: 12.594 Loading class java/lang/UnsupportedClassVersionError done
Event: 13.566 Loading class java/util/stream/ReduceOps$5
Event: 13.566 Loading class java/util/stream/ReduceOps$5 done
Event: 13.566 Loading class java/util/stream/ReduceOps$CountingSink$OfRef
Event: 13.567 Loading class java/util/stream/ReduceOps$CountingSink
Event: 13.567 Loading class java/util/stream/ReduceOps$CountingSink done
Event: 13.567 Loading class java/util/stream/ReduceOps$CountingSink$OfRef done
Event: 13.738 Loading class java/util/stream/ReduceOps$1
Event: 13.738 Loading class java/util/stream/ReduceOps$1 done
Event: 13.738 Loading class java/util/stream/ReduceOps$1ReducingSink
Event: 13.739 Loading class java/util/stream/ReduceOps$1ReducingSink done
Event: 14.007 Loading class jdk/internal/ref/CleanerImpl$InnocuousThreadFactory
Event: 14.008 Loading class jdk/internal/ref/CleanerImpl$InnocuousThreadFactory done
Event: 30.847 Loading class sun/nio/cs/ISO_8859_1$Encoder
Event: 30.847 Loading class sun/nio/cs/ISO_8859_1$Encoder done
Event: 30.847 Loading class sun/nio/cs/Surrogate$Parser
Event: 30.847 Loading class sun/nio/cs/Surrogate$Parser done
Event: 30.847 Loading class sun/nio/cs/Surrogate
Event: 30.847 Loading class sun/nio/cs/Surrogate done

Classes unloaded (7 events):
Event: 4.741 Thread 0x0000025b2b991b80 Unloading class 0x0000025b441a3800 'java/lang/invoke/LambdaForm$MH+0x0000025b441a3800'
Event: 4.741 Thread 0x0000025b2b991b80 Unloading class 0x0000025b441a3400 'java/lang/invoke/LambdaForm$MH+0x0000025b441a3400'
Event: 4.741 Thread 0x0000025b2b991b80 Unloading class 0x0000025b441a3000 'java/lang/invoke/LambdaForm$MH+0x0000025b441a3000'
Event: 4.741 Thread 0x0000025b2b991b80 Unloading class 0x0000025b441a2c00 'java/lang/invoke/LambdaForm$MH+0x0000025b441a2c00'
Event: 4.741 Thread 0x0000025b2b991b80 Unloading class 0x0000025b441a2800 'java/lang/invoke/LambdaForm$BMH+0x0000025b441a2800'
Event: 4.741 Thread 0x0000025b2b991b80 Unloading class 0x0000025b441a2400 'java/lang/invoke/LambdaForm$DMH+0x0000025b441a2400'
Event: 4.741 Thread 0x0000025b2b991b80 Unloading class 0x0000025b441a1000 'java/lang/invoke/LambdaForm$DMH+0x0000025b441a1000'

Classes redefined (0 events):
No events

Internal exceptions (20 events):
Event: 13.128 Thread 0x0000025b8b0ac710 Exception <a 'sun/nio/fs/WindowsException'{0x00000000d5be8600}> (0x00000000d5be8600) 
thrown [s\src\hotspot\share\prims\jni.cpp, line 520]
Event: 13.138 Thread 0x0000025b8b0ac710 Exception <a 'sun/nio/fs/WindowsException'{0x00000000d559cbb0}> (0x00000000d559cbb0) 
thrown [s\src\hotspot\share\prims\jni.cpp, line 520]
Event: 13.138 Thread 0x0000025b8b0ac710 Exception <a 'sun/nio/fs/WindowsException'{0x00000000d559d408}> (0x00000000d559d408) 
thrown [s\src\hotspot\share\prims\jni.cpp, line 520]
Event: 13.149 Thread 0x0000025b8b0ac710 Exception <a 'sun/nio/fs/WindowsException'{0x00000000d57d9ae0}> (0x00000000d57d9ae0) 
thrown [s\src\hotspot\share\prims\jni.cpp, line 520]
Event: 13.149 Thread 0x0000025b8b0ac710 Exception <a 'sun/nio/fs/WindowsException'{0x00000000d597b888}> (0x00000000d597b888) 
thrown [s\src\hotspot\share\prims\jni.cpp, line 520]
Event: 13.248 Thread 0x0000025b8d564190 Exception <a 'java/lang/IncompatibleClassChangeError'{0x00000000d5d325e0}: Found class java.lang.Object, but interface was expected> (0x00000000d5d325e0) 
thrown [s\src\hotspot\share\interpreter\linkResolver.cpp, line 840]
Event: 13.248 Thread 0x0000025b8c589580 Exception <a 'java/lang/IncompatibleClassChangeError'{0x00000000d5d26360}: Found class java.lang.Object, but interface was expected> (0x00000000d5d26360) 
thrown [s\src\hotspot\share\interpreter\linkResolver.cpp, line 840]
Event: 13.248 Thread 0x0000025b8d5620c0 Exception <a 'java/lang/IncompatibleClassChangeError'{0x00000000d5ca72c8}: Found class java.lang.Object, but interface was expected> (0x00000000d5ca72c8) 
thrown [s\src\hotspot\share\interpreter\linkResolver.cpp, line 840]
Event: 13.568 Thread 0x0000025b8b0ac710 Exception <a 'sun/nio/fs/WindowsException'{0x00000000d5d29a10}> (0x00000000d5d29a10) 
thrown [s\src\hotspot\share\prims\jni.cpp, line 520]
Event: 13.568 Thread 0x0000025b8b0ac710 Exception <a 'sun/nio/fs/WindowsException'{0x00000000d5d2a268}> (0x00000000d5d2a268) 
thrown [s\src\hotspot\share\prims\jni.cpp, line 520]
Event: 13.737 Thread 0x0000025b8c589580 Exception <a 'java/lang/LinkageError'{0x00000000d5fb0888}: loader lombok.launch.ShadowClassLoader @226adf1 attempted duplicate class definition for lombok.eclipse.agent.PatchDiagnostics. (lombok.eclipse.agent.PatchDiagnostics is in unnamed module of loader lombok.launch.ShadowClassLoader @226adf1, parent loader org.eclipse.osgi.internal.loader.EquinoxClassLoader @463694e7)> (0x00000000d5fb0888) 
thrown [s\src\hotspot\share\classfile\systemDictionary.cpp, line 1672]
Event: 13.738 Thread 0x0000025b8d564190 Exception <a 'java/lang/LinkageError'{0x00000000d5ec74e0}: loader lombok.launch.ShadowClassLoader @226adf1 attempted duplicate class definition for lombok.eclipse.agent.PatchDiagnostics. (lombok.eclipse.agent.PatchDiagnostics is in unnamed module of loader lombok.launch.ShadowClassLoader @226adf1, parent loader org.eclipse.osgi.internal.loader.EquinoxClassLoader @463694e7)> (0x00000000d5ec74e0) 
thrown [s\src\hotspot\share\classfile\systemDictionary.cpp, line 1672]
Event: 13.739 Thread 0x0000025b8c589580 Exception <a 'java/lang/LinkageError'{0x00000000d5fb9fb0}: loader lombok.launch.ShadowClassLoader @226adf1 attempted duplicate class definition for lombok.eclipse.EcjAugments. (lombok.eclipse.EcjAugments is in unnamed module of loader lombok.launch.ShadowClassLoader @226adf1, parent loader org.eclipse.osgi.internal.loader.EquinoxClassLoader @463694e7)> (0x00000000d5fb9fb0) 
thrown [s\src\hotspot\share\classfile\systemDictionary.cpp, line 1672]
Event: 13.740 Thread 0x0000025b8d5620c0 Exception <a 'java/lang/LinkageError'{0x00000000d5f5e788}: loader lombok.launch.ShadowClassLoader @226adf1 attempted duplicate class definition for lombok.eclipse.EcjAugments. (lombok.eclipse.EcjAugments is in unnamed module of loader lombok.launch.ShadowClassLoader @226adf1, parent loader org.eclipse.osgi.internal.loader.EquinoxClassLoader @463694e7)> (0x00000000d5f5e788) 
thrown [s\src\hotspot\share\classfile\systemDictionary.cpp, line 1672]
Event: 13.740 Thread 0x0000025b8d564190 Exception <a 'java/lang/LinkageError'{0x00000000d60d4bc8}: loader lombok.launch.ShadowClassLoader @226adf1 attempted duplicate class definition for lombok.eclipse.EcjAugments. (lombok.eclipse.EcjAugments is in unnamed module of loader lombok.launch.ShadowClassLoader @226adf1, parent loader org.eclipse.osgi.internal.loader.EquinoxClassLoader @463694e7)> (0x00000000d60d4bc8) 
thrown [s\src\hotspot\share\classfile\systemDictionary.cpp, line 1672]
Event: 13.754 Thread 0x0000025b8c589580 Exception <a 'java/lang/LinkageError'{0x00000000d6405960}: loader lombok.launch.ShadowClassLoader @226adf1 attempted duplicate class definition for lombok.launch.PatchFixesHider$PatchFixes. (lombok.launch.PatchFixesHider$PatchFixes is in unnamed module of loader lombok.launch.ShadowClassLoader @226adf1, parent loader org.eclipse.osgi.internal.loader.EquinoxClassLoader @463694e7)> (0x00000000d6405960) 
thrown [s\src\hotspot\share\classfile\systemDictionary.cpp, line 1672]
Event: 13.755 Thread 0x0000025b8d564190 Exception <a 'java/lang/LinkageError'{0x00000000d641ee60}: loader lombok.launch.ShadowClassLoader @226adf1 attempted duplicate class definition for lombok.launch.PatchFixesHider$PatchFixes. (lombok.launch.PatchFixesHider$PatchFixes is in unnamed module of loader lombok.launch.ShadowClassLoader @226adf1, parent loader org.eclipse.osgi.internal.loader.EquinoxClassLoader @463694e7)> (0x00000000d641ee60) 
thrown [s\src\hotspot\share\classfile\systemDictionary.cpp, line 1672]
Event: 13.781 Thread 0x0000025b8d5620c0 Exception <a 'java/lang/LinkageError'{0x00000000d55abfa0}: loader lombok.launch.ShadowClassLoader @226adf1 attempted duplicate class definition for lombok.launch.PatchFixesHider$ValPortal. (lombok.launch.PatchFixesHider$ValPortal is in unnamed module of loader lombok.launch.ShadowClassLoader @226adf1, parent loader org.eclipse.osgi.internal.loader.EquinoxClassLoader @463694e7)> (0x00000000d55abfa0) 
thrown [s\src\hotspot\share\classfile\systemDictionary.cpp, line 1672]
Event: 13.782 Thread 0x0000025b8c589580 Exception <a 'java/lang/LinkageError'{0x00000000d558c758}: loader lombok.launch.ShadowClassLoader @226adf1 attempted duplicate class definition for lombok.launch.PatchFixesHider$ValPortal. (lombok.launch.PatchFixesHider$ValPortal is in unnamed module of loader lombok.launch.ShadowClassLoader @226adf1, parent loader org.eclipse.osgi.internal.loader.EquinoxClassLoader @463694e7)> (0x00000000d558c758) 
thrown [s\src\hotspot\share\classfile\systemDictionary.cpp, line 1672]
Event: 66.496 Thread 0x0000025b8c58b650 Exception <a 'java/lang/IncompatibleClassChangeError'{0x00000000d5d1d820}: Found class java.lang.Object, but interface was expected> (0x00000000d5d1d820) 
thrown [s\src\hotspot\share\interpreter\linkResolver.cpp, line 840]

ZGC Phase Switch (0 events):
No events

VM Operations (20 events):
Event: 60.106 Executing non-safepoint VM operation: RendezvousGCThreads
Event: 60.106 Executing non-safepoint VM operation: RendezvousGCThreads done
Event: 64.130 Executing safepoint VM operation: Cleanup
Event: 64.132 Executing safepoint VM operation: Cleanup done
Event: 65.142 Executing safepoint VM operation: Cleanup
Event: 65.142 Executing safepoint VM operation: Cleanup done
Event: 67.161 Executing safepoint VM operation: Cleanup
Event: 67.162 Executing safepoint VM operation: Cleanup done
Event: 67.255 Executing safepoint VM operation: ParallelGCFailedAllocation (Allocation Failure)
Event: 67.295 Executing safepoint VM operation: ParallelGCFailedAllocation (Allocation Failure) done
Event: 68.297 Executing safepoint VM operation: Cleanup
Event: 68.298 Executing safepoint VM operation: Cleanup done
Event: 70.314 Executing safepoint VM operation: Cleanup
Event: 70.314 Executing safepoint VM operation: Cleanup done
Event: 70.321 Executing safepoint VM operation: ParallelGCFailedAllocation (Allocation Failure)
Event: 70.322 Executing safepoint VM operation: ParallelGCFailedAllocation (Allocation Failure) done
Event: 71.325 Executing safepoint VM operation: Cleanup
Event: 71.325 Executing safepoint VM operation: Cleanup done
Event: 77.378 Executing safepoint VM operation: Cleanup
Event: 77.378 Executing safepoint VM operation: Cleanup done

Memory protections (0 events):
No events

Nmethod flushes (20 events):
Event: 10.074 Thread 0x0000025b2b991b80 flushing  nmethod 0x0000025b2f4ceb90
Event: 10.074 Thread 0x0000025b2b991b80 flushing  nmethod 0x0000025b2f4d1d90
Event: 10.074 Thread 0x0000025b2b991b80 flushing  nmethod 0x0000025b2f4d2110
Event: 10.074 Thread 0x0000025b2b991b80 flushing osr nmethod 0x0000025b2f4d2c10
Event: 10.074 Thread 0x0000025b2b991b80 flushing  nmethod 0x0000025b2f4d4a10
Event: 10.074 Thread 0x0000025b2b991b80 flushing  nmethod 0x0000025b2f4e1f10
Event: 10.074 Thread 0x0000025b2b991b80 flushing  nmethod 0x0000025b2f51e310
Event: 10.074 Thread 0x0000025b2b991b80 flushing  nmethod 0x0000025b2f53e210
Event: 10.074 Thread 0x0000025b2b991b80 flushing  nmethod 0x0000025b2f53ff10
Event: 10.074 Thread 0x0000025b2b991b80 flushing  nmethod 0x0000025b2f540510
Event: 10.074 Thread 0x0000025b2b991b80 flushing  nmethod 0x0000025b2f540d90
Event: 10.074 Thread 0x0000025b2b991b80 flushing  nmethod 0x0000025b2f541390
Event: 10.074 Thread 0x0000025b2b991b80 flushing  nmethod 0x0000025b2f543890
Event: 10.074 Thread 0x0000025b2b991b80 flushing  nmethod 0x0000025b2f55e210
Event: 10.074 Thread 0x0000025b2b991b80 flushing  nmethod 0x0000025b2f564510
Event: 10.074 Thread 0x0000025b2b991b80 flushing  nmethod 0x0000025b2f576c90
Event: 10.074 Thread 0x0000025b2b991b80 flushing  nmethod 0x0000025b2f593610
Event: 10.074 Thread 0x0000025b2b991b80 flushing  nmethod 0x0000025b2f5cdf90
Event: 10.074 Thread 0x0000025b2b991b80 flushing  nmethod 0x0000025b2f5d8590
Event: 10.074 Thread 0x0000025b2b991b80 flushing  nmethod 0x0000025b2f5f3a90

Events (20 events):
Event: 11.749 Thread 0x0000025b92d26ac0 Thread exited: 0x0000025b92d26ac0
Event: 11.987 Thread 0x0000025b8c58b650 Thread added: 0x0000025b92d27e70
Event: 14.008 Thread 0x0000025b8d5620c0 Thread added: 0x0000025b92d2a5d0
Event: 19.344 Thread 0x0000025b8b4762a0 Thread exited: 0x0000025b8b4762a0
Event: 19.344 Thread 0x0000025b8bdcf760 Thread exited: 0x0000025b8bdcf760
Event: 19.998 Thread 0x0000025b8d243a30 Thread exited: 0x0000025b8d243a30
Event: 24.349 Thread 0x0000025b8b0b2910 Thread exited: 0x0000025b8b0b2910
Event: 24.933 Thread 0x0000025b8dace330 Thread exited: 0x0000025b8dace330
Event: 24.948 Thread 0x0000025b8b89b650 Thread exited: 0x0000025b8b89b650
Event: 30.794 Thread 0x0000025b8482c290 Thread added: 0x0000025b8daafda0
Event: 30.811 Thread 0x0000025b84827d30 Thread added: 0x0000025b8daac720
Event: 35.855 Thread 0x0000025b8daafda0 Thread exited: 0x0000025b8daafda0
Event: 35.932 Thread 0x0000025b8daac720 Thread exited: 0x0000025b8daac720
Event: 69.677 Thread 0x0000025b8d568330 Thread exited: 0x0000025b8d568330
Event: 69.849 Thread 0x0000025b8d955d10 Thread exited: 0x0000025b8d955d10
Event: 70.342 Thread 0x0000025b8482c290 Thread added: 0x0000025b8daafda0
Event: 73.236 Thread 0x0000025b8b0ae150 Thread exited: 0x0000025b8b0ae150
Event: 73.532 Thread 0x0000025b8492c340 Thread exited: 0x0000025b8492c340
Event: 73.547 Thread 0x0000025b92d27e70 Thread exited: 0x0000025b92d27e70
Event: 75.364 Thread 0x0000025b8daafda0 Thread exited: 0x0000025b8daafda0


Dynamic libraries:
0x00007ff7730a0000 - 0x00007ff7730ae000 	c:\Users\marce\.vscode\extensions\redhat.java-1.54.0-win32-x64\jre\21.0.10-win32-x86_64\bin\java.exe
0x00007ffe68000000 - 0x00007ffe68267000 	C:\WINDOWS\SYSTEM32\ntdll.dll
0x00007ffe668d0000 - 0x00007ffe66999000 	C:\WINDOWS\System32\KERNEL32.DLL
0x00007ffe64f20000 - 0x00007ffe65317000 	C:\WINDOWS\System32\KERNELBASE.dll
0x00007ffe64d20000 - 0x00007ffe64e6b000 	C:\WINDOWS\System32\ucrtbase.dll
0x00007ffe2f780000 - 0x00007ffe2f79e000 	c:\Users\marce\.vscode\extensions\redhat.java-1.54.0-win32-x64\jre\21.0.10-win32-x86_64\bin\VCRUNTIME140.dll
0x00007ffe30440000 - 0x00007ffe30458000 	c:\Users\marce\.vscode\extensions\redhat.java-1.54.0-win32-x64\jre\21.0.10-win32-x86_64\bin\jli.dll
0x00007ffe66530000 - 0x00007ffe666f6000 	C:\WINDOWS\System32\USER32.dll
0x00007ffe4b0d0000 - 0x00007ffe4b362000 	C:\WINDOWS\WinSxS\amd64_microsoft.windows.common-controls_6595b64144ccf1df_6.0.26100.8457_none_3e0b2faee331e92d\COMCTL32.dll
0x00007ffe65d50000 - 0x00007ffe65d77000 	C:\WINDOWS\System32\win32u.dll
0x00007ffe661b0000 - 0x00007ffe66259000 	C:\WINDOWS\System32\msvcrt.dll
0x00007ffe65d80000 - 0x00007ffe65dab000 	C:\WINDOWS\System32\GDI32.dll
0x00007ffe65b90000 - 0x00007ffe65cbc000 	C:\WINDOWS\System32\gdi32full.dll
0x00007ffe64e70000 - 0x00007ffe64f13000 	C:\WINDOWS\System32\msvcp_win.dll
0x00007ffe67010000 - 0x00007ffe67042000 	C:\WINDOWS\System32\IMM32.DLL
0x00007ffe5eb00000 - 0x00007ffe5eb0c000 	c:\Users\marce\.vscode\extensions\redhat.java-1.54.0-win32-x64\jre\21.0.10-win32-x86_64\bin\vcruntime140_1.dll
0x00007ffde5420000 - 0x00007ffde54ad000 	c:\Users\marce\.vscode\extensions\redhat.java-1.54.0-win32-x64\jre\21.0.10-win32-x86_64\bin\msvcp140.dll
0x00007ffd9c070000 - 0x00007ffd9ce11000 	c:\Users\marce\.vscode\extensions\redhat.java-1.54.0-win32-x64\jre\21.0.10-win32-x86_64\bin\server\jvm.dll
0x00007ffe66eb0000 - 0x00007ffe66f66000 	C:\WINDOWS\System32\ADVAPI32.dll
0x00007ffe67200000 - 0x00007ffe672a7000 	C:\WINDOWS\System32\sechost.dll
0x00007ffe66d40000 - 0x00007ffe66e58000 	C:\WINDOWS\System32\RPCRT4.dll
0x00007ffe660a0000 - 0x00007ffe66120000 	C:\WINDOWS\System32\WS2_32.dll
0x00007ffe635f0000 - 0x00007ffe6364e000 	C:\WINDOWS\SYSTEM32\POWRPROF.dll
0x00007ffe5a300000 - 0x00007ffe5a30b000 	C:\WINDOWS\SYSTEM32\VERSION.dll
0x00007ffe59080000 - 0x00007ffe590b6000 	C:\WINDOWS\SYSTEM32\WINMM.dll
0x00007ffe635d0000 - 0x00007ffe635e4000 	C:\WINDOWS\SYSTEM32\UMPDC.dll
0x00007ffe638a0000 - 0x00007ffe638bb000 	C:\WINDOWS\SYSTEM32\kernel.appcore.dll
0x00007ffe5e2a0000 - 0x00007ffe5e2aa000 	c:\Users\marce\.vscode\extensions\redhat.java-1.54.0-win32-x64\jre\21.0.10-win32-x86_64\bin\jimage.dll
0x00007ffe623f0000 - 0x00007ffe62632000 	C:\WINDOWS\SYSTEM32\DBGHELP.DLL
0x00007ffe669a0000 - 0x00007ffe66d23000 	C:\WINDOWS\System32\combase.dll
0x00007ffe667f0000 - 0x00007ffe668c9000 	C:\WINDOWS\System32\OLEAUT32.dll
0x00007ffe4ad40000 - 0x00007ffe4ad7b000 	C:\WINDOWS\SYSTEM32\dbgcore.DLL
0x00007ffe64af0000 - 0x00007ffe64b98000 	C:\WINDOWS\System32\bcryptPrimitives.dll
0x00007ffe58fd0000 - 0x00007ffe58fdf000 	c:\Users\marce\.vscode\extensions\redhat.java-1.54.0-win32-x64\jre\21.0.10-win32-x86_64\bin\instrument.dll
0x00007ffe2f760000 - 0x00007ffe2f780000 	c:\Users\marce\.vscode\extensions\redhat.java-1.54.0-win32-x64\jre\21.0.10-win32-x86_64\bin\java.dll
0x00007ffe67840000 - 0x00007ffe67fae000 	C:\WINDOWS\System32\SHELL32.dll
0x00007ffe65320000 - 0x00007ffe65b8c000 	C:\WINDOWS\System32\windows.storage.dll
0x00007ffe67740000 - 0x00007ffe67836000 	C:\WINDOWS\System32\SHCORE.dll
0x00007ffe66fa0000 - 0x00007ffe67006000 	C:\WINDOWS\System32\shlwapi.dll
0x00007ffe64950000 - 0x00007ffe64979000 	C:\WINDOWS\SYSTEM32\profapi.dll
0x00007ffe2f110000 - 0x00007ffe2f128000 	c:\Users\marce\.vscode\extensions\redhat.java-1.54.0-win32-x64\jre\21.0.10-win32-x86_64\bin\zip.dll
0x00007ffe51a40000 - 0x00007ffe51a50000 	C:\Users\marce\.vscode\extensions\redhat.java-1.54.0-win32-x64\jre\21.0.10-win32-x86_64\bin\net.dll
0x00007ffe5e670000 - 0x00007ffe5e799000 	C:\WINDOWS\SYSTEM32\WINHTTP.dll
0x00007ffe63df0000 - 0x00007ffe63e5c000 	C:\WINDOWS\system32\mswsock.dll
0x00007ffe2efa0000 - 0x00007ffe2efb6000 	C:\Users\marce\.vscode\extensions\redhat.java-1.54.0-win32-x64\jre\21.0.10-win32-x86_64\bin\nio.dll
0x00007ffe4b610000 - 0x00007ffe4b620000 	c:\Users\marce\.vscode\extensions\redhat.java-1.54.0-win32-x64\jre\21.0.10-win32-x86_64\bin\verify.dll
0x00007ffe18160000 - 0x00007ffe181a5000 	C:\Users\marce\AppData\Roaming\Code\User\globalStorage\redhat.java\1.54.0\config_win\org.eclipse.equinox.launcher\org.eclipse.equinox.launcher.win32.win32.x86_64_1.3.0.v20260203-2149\eclipse_11919.dll
0x00007ffe67050000 - 0x00007ffe671e7000 	C:\WINDOWS\System32\ole32.dll
0x00007ffe641f0000 - 0x00007ffe6420b000 	C:\WINDOWS\SYSTEM32\CRYPTSP.dll
0x00007ffe63800000 - 0x00007ffe63839000 	C:\WINDOWS\system32\rsaenh.dll
0x00007ffe63ea0000 - 0x00007ffe63ed3000 	C:\WINDOWS\SYSTEM32\USERENV.dll
0x00007ffe64920000 - 0x00007ffe6494a000 	C:\WINDOWS\SYSTEM32\bcrypt.dll
0x00007ffe64050000 - 0x00007ffe6405c000 	C:\WINDOWS\SYSTEM32\CRYPTBASE.dll
0x00007ffe632b0000 - 0x00007ffe632e2000 	C:\WINDOWS\SYSTEM32\IPHLPAPI.DLL
0x00007ffe671f0000 - 0x00007ffe671fa000 	C:\WINDOWS\System32\NSI.dll
0x00007ffe36110000 - 0x00007ffe36159000 	C:\Users\marce\AppData\Local\Temp\jna-103666240\jna4298497954447301327.dll
0x00007ffe667e0000 - 0x00007ffe667e8000 	C:\WINDOWS\System32\PSAPI.DLL
0x00007ffe5e850000 - 0x00007ffe5e86d000 	C:\WINDOWS\SYSTEM32\dhcpcsvc6.DLL
0x00007ffe5e820000 - 0x00007ffe5e845000 	C:\WINDOWS\SYSTEM32\dhcpcsvc.DLL

JVMTI agents:
c:\Users\marce\.vscode\extensions\redhat.java-1.54.0-win32-x64\lombok\lombok-1.18.39-4050.jar path:c:\Users\marce\.vscode\extensions\redhat.java-1.54.0-win32-x64\jre\21.0.10-win32-x86_64\bin\instrument.dll, loaded, initialized, instrumentlib options:none

dbghelp: loaded successfully - version: 4.0.5 - missing functions: none
symbol engine: initialized successfully - sym options: 0x614 - pdb path: .;c:\Users\marce\.vscode\extensions\redhat.java-1.54.0-win32-x64\jre\21.0.10-win32-x86_64\bin;C:\WINDOWS\SYSTEM32;C:\WINDOWS\WinSxS\amd64_microsoft.windows.common-controls_6595b64144ccf1df_6.0.26100.8457_none_3e0b2faee331e92d;c:\Users\marce\.vscode\extensions\redhat.java-1.54.0-win32-x64\jre\21.0.10-win32-x86_64\bin\server;C:\Users\marce\AppData\Roaming\Code\User\globalStorage\redhat.java\1.54.0\config_win\org.eclipse.equinox.launcher\org.eclipse.equinox.launcher.win32.win32.x86_64_1.3.0.v20260203-2149;C:\Users\marce\AppData\Local\Temp\jna-103666240

VM Arguments:
jvm_args: --add-modules=ALL-SYSTEM --add-opens=java.base/java.util=ALL-UNNAMED --add-opens=java.base/java.lang=ALL-UNNAMED --add-opens=java.base/sun.nio.fs=ALL-UNNAMED -Declipse.application=org.eclipse.jdt.ls.core.id1 -Dosgi.bundles.defaultStartLevel=4 -Declipse.product=org.eclipse.jdt.ls.core.product -Djava.import.generatesMetadataFilesAtProjectRoot=false -DDetectVMInstallationsJob.disabled=true -Dfile.encoding=utf8 -XX:+UseParallelGC -XX:GCTimeRatio=4 -XX:AdaptiveSizePolicyWeight=90 -Dsun.zip.disableMemoryMapping=true -Xmx2G -Xms100m -Xlog:disable -javaagent:c:\Users\marce\.vscode\extensions\redhat.java-1.54.0-win32-x64\lombok\lombok-1.18.39-4050.jar -XX:+HeapDumpOnOutOfMemoryError -XX:HeapDumpPath=c:\Users\marce\AppData\Roaming\Code\User\workspaceStorage\f693a7e2ddc1c21ef60c32541dd000ca\redhat.java -Daether.dependencyCollector.impl=bf 
java_command: c:\Users\marce\.vscode\extensions\redhat.java-1.54.0-win32-x64\server\plugins\org.eclipse.equinox.launcher_1.7.100.v20251111-0406.jar -configuration c:\Users\marce\AppData\Roaming\Code\User\globalStorage\redhat.java\1.54.0\config_win -data c:\Users\marce\AppData\Roaming\Code\User\workspaceStorage\f693a7e2ddc1c21ef60c32541dd000ca\redhat.java\jdt_ws --pipe=\\.\pipe\lsp-04ce73b65addfddbb07b5d0c0631e3f9-sock
java_class_path (initial): c:\Users\marce\.vscode\extensions\redhat.java-1.54.0-win32-x64\server\plugins\org.eclipse.equinox.launcher_1.7.100.v20251111-0406.jar
Launcher Type: SUN_STANDARD

[Global flags]
    uintx AdaptiveSizePolicyWeight                 = 90                                        {product} {command line}
     intx CICompilerCount                          = 12                                        {product} {ergonomic}
    uintx GCTimeRatio                              = 4                                         {product} {command line}
     bool HeapDumpOnOutOfMemoryError               = true                                   {manageable} {command line}
    ccstr HeapDumpPath                             = c:\Users\marce\AppData\Roaming\Code\User\workspaceStorage\f693a7e2ddc1c21ef60c32541dd000ca\redhat.java         {manageable} {command line}
   size_t InitialHeapSize                          = 104857600                                 {product} {command line}
   size_t MaxHeapSize                              = 2147483648                                {product} {command line}
   size_t MaxNewSize                               = 715653120                                 {product} {ergonomic}
   size_t MinHeapDeltaBytes                        = 524288                                    {product} {ergonomic}
   size_t MinHeapSize                              = 104857600                                 {product} {command line}
   size_t NewSize                                  = 34603008                                  {product} {ergonomic}
    uintx NonNMethodCodeHeapSize                   = 7602480                                {pd product} {ergonomic}
    uintx NonProfiledCodeHeapSize                  = 122027880                              {pd product} {ergonomic}
   size_t OldSize                                  = 70254592                                  {product} {ergonomic}
    uintx ProfiledCodeHeapSize                     = 122027880                              {pd product} {ergonomic}
    uintx ReservedCodeCacheSize                    = 251658240                              {pd product} {ergonomic}
     bool SegmentedCodeCache                       = true                                      {product} {ergonomic}
   size_t SoftMaxHeapSize                          = 2147483648                             {manageable} {ergonomic}
     bool UseCompressedOops                        = true                           {product lp64_product} {ergonomic}
     bool UseLargePagesIndividualAllocation        = false                                  {pd product} {ergonomic}
     bool UseParallelGC                            = true                                      {product} {command line}

Logging:
Log output configuration:
 #0: stdout all=off uptime,level,tags foldmultilines=false
 #1: stderr all=off uptime,level,tags foldmultilines=false

Release file:
JAVA_VERSION="21.0.10" 
MODULES="java.base java.compiler java.datatransfer java.xml java.prefs java.desktop java.instrument java.logging java.management java.security.sasl java.naming java.rmi java.management.rmi java.net.http java.scripting java.security.jgss java.transaction.xa java.sql java.sql.rowset java.xml.crypto java.se java.smartcardio jdk.accessibility jdk.internal.jvmstat jdk.attach jdk.charsets jdk.internal.opt jdk.zipfs jdk.compiler jdk.crypto.ec jdk.crypto.cryptoki jdk.crypto.mscapi jdk.dynalink jdk.internal.ed jdk.editpad jdk.hotspot.agent jdk.httpserver jdk.internal.le jdk.internal.vm.ci jdk.internal.vm.compiler jdk.internal.vm.compiler.management jdk.jartool jdk.javadoc jdk.jcmd jdk.management jdk.management.agent jdk.jconsole jdk.jdeps jdk.jdwp.agent jdk.jdi jdk.jfr jdk.jshell jdk.jsobject jdk.jstatd jdk.localedata jdk.management.jfr jdk.naming.dns jdk.naming.rmi jdk.net jdk.nio.mapmode jdk.random jdk.sctp jdk.security.auth jdk.security.jgss jdk.unsupported jdk.unsupported.desktop jdk.xml.dom" 

Environment Variables:
PATH=C:\Users\marce\AppData\Local\Programs\Microsoft VS Code;C:\oracleXE\dbhomeXE\bin;C:\Program Files\Common Files\Oracle\Java\javapath;C:\Program Files (x86)\Common Files\Oracle\Java\java8path;C:\Program Files (x86)\Common Files\Oracle\Java\javapath;C:\WINDOWS\system32;C:\WINDOWS;C:\WINDOWS\System32\Wbem;C:\WINDOWS\System32\WindowsPowerShell\v1.0\;C:\WINDOWS\System32\OpenSSH\;C:\Program Files\Git\cmd;C:\Program Files (x86)\Microsoft SQL Server\170\Tools\Binn\;C:\Program Files\Microsoft SQL Server\170\Tools\Binn\;C:\Program Files\Microsoft SQL Server\Client SDK\ODBC\180\Tools\Binn\;C:\Program Files\Microsoft SQL Server\170\DTS\Binn\;C:\Program Files\Docker\Docker\resources\bin;C:\Users\marce\AppData\Local\Microsoft\WindowsApps;C:\Users\marce\AppData\Local\Programs\IntelliJ IDEA 2025.2.2\bin;C:\Users\marce\AppData\Local\Programs\Microsoft VS Code\bin
USERNAME=marce
OS=Windows_NT
PROCESSOR_IDENTIFIER=Intel64 Family 6 Model 154 Stepping 3, GenuineIntel
TMP=C:\Users\marce\AppData\Local\Temp
TEMP=C:\Users\marce\AppData\Local\Temp




Periodic native trim disabled

---------------  S Y S T E M  ---------------

OS:
 Windows 11 , 64 bit Build 26100 (10.0.26100.8328)
OS uptime: 5 days 7:23 hours
Hyper-V role detected

CPU: total 16 (initial active 16) (8 cores per cpu, 2 threads per core) family 6 model 154 stepping 3 microcode 0x434, cx8, cmov, fxsr, ht, mmx, 3dnowpref, sse, sse2, sse3, ssse3, sse4.1, sse4.2, popcnt, lzcnt, tsc, tscinvbit, avx, avx2, aes, erms, clmul, bmi1, bmi2, adx, sha, fma, vzeroupper, clflush, clflushopt, clwb, hv, serialize, rdtscp, rdpid, fsrm, f16c, cet_ibt, cet_ss
Processor Information for processor 0
  Max Mhz: 2500, Current Mhz: 2500, Mhz Limit: 2500
Processor Information for processor 1
  Max Mhz: 2500, Current Mhz: 2500, Mhz Limit: 2500
Processor Information for processor 2
  Max Mhz: 2500, Current Mhz: 2500, Mhz Limit: 2500
Processor Information for processor 3
  Max Mhz: 2500, Current Mhz: 2500, Mhz Limit: 2500
Processor Information for processor 4
  Max Mhz: 2500, Current Mhz: 2500, Mhz Limit: 2500
Processor Information for processor 5
  Max Mhz: 2500, Current Mhz: 2500, Mhz Limit: 2500
Processor Information for processor 6
  Max Mhz: 2500, Current Mhz: 2500, Mhz Limit: 2500
Processor Information for processor 7
  Max Mhz: 2500, Current Mhz: 2500, Mhz Limit: 2500
Processor Information for processor 8
  Max Mhz: 2500, Current Mhz: 2500, Mhz Limit: 2500
Processor Information for processor 9
  Max Mhz: 2500, Current Mhz: 2500, Mhz Limit: 2500
Processor Information for processor 10
  Max Mhz: 2500, Current Mhz: 2500, Mhz Limit: 2500
Processor Information for processor 11
  Max Mhz: 2500, Current Mhz: 2500, Mhz Limit: 2500
Processor Information for processor 12
  Max Mhz: 2500, Current Mhz: 2500, Mhz Limit: 2500
Processor Information for processor 13
  Max Mhz: 2500, Current Mhz: 2500, Mhz Limit: 2500
Processor Information for processor 14
  Max Mhz: 2500, Current Mhz: 1527, Mhz Limit: 2500
Processor Information for processor 15
  Max Mhz: 2500, Current Mhz: 2500, Mhz Limit: 2500

Memory: 4k page, system-wide physical 7811M (532M free)
TotalPageFile size 31363M (AvailPageFile size 60M)
current process WorkingSet (physical memory assigned to process): 177M, peak: 450M
current process commit charge ("private bytes"): 484M, peak: 543M

vm_info: OpenJDK 64-Bit Server VM (21.0.10+7-LTS) for windows-amd64 JRE (21.0.10+7-LTS), built on 2026-01-20T00:00:00Z by "admin" with MS VC++ 17.12 (VS2022)

END.
