#
# There is insufficient memory for the Java Runtime Environment to continue.
# Native memory allocation (malloc) failed to allocate 1155856 bytes. Error detail: Chunk::new
# Possible reasons:
#   The system is out of physical RAM or swap space
#   This process is running with CompressedOops enabled, and the Java Heap may be blocking the growth of the native heap
# Possible solutions:
#   Reduce memory load on the system
#   Increase physical memory or swap space
#   Check if swap backing store is full
#   Decrease Java heap size (-Xmx/-Xms)
#   Decrease number of Java threads
#   Decrease Java thread stack sizes (-Xss)
#   Set larger code cache with -XX:ReservedCodeCacheSize=
#   JVM is running with Unscaled Compressed Oops mode in which the Java heap is
#     placed in the first 4GB address space. The Java Heap base address is the
#     maximum limit for the native heap growth. Please use -XX:HeapBaseMinAddress
#     to set the Java Heap base and to place the Java Heap above 4GB virtual address.
# This output file may be truncated or incomplete.
#
#  Out of Memory Error (arena.cpp:168), pid=2564, tid=36540
#
# JRE version: OpenJDK Runtime Environment Temurin-21.0.10+7 (21.0.10+7) (build 21.0.10+7-LTS)
# Java VM: OpenJDK 64-Bit Server VM Temurin-21.0.10+7 (21.0.10+7-LTS, mixed mode, sharing, tiered, compressed oops, compressed class ptrs, parallel gc, windows-amd64)
# No core dump will be written. Minidumps are not enabled by default on client versions of Windows
#

---------------  S U M M A R Y ------------

Command Line: --add-modules=ALL-SYSTEM --add-opens=java.base/java.util=ALL-UNNAMED --add-opens=java.base/java.lang=ALL-UNNAMED --add-opens=java.base/sun.nio.fs=ALL-UNNAMED -Declipse.application=org.eclipse.jdt.ls.core.id1 -Dosgi.bundles.defaultStartLevel=4 -Declipse.product=org.eclipse.jdt.ls.core.product -Djava.import.generatesMetadataFilesAtProjectRoot=false -DDetectVMInstallationsJob.disabled=true -Dfile.encoding=utf8 -XX:+UseParallelGC -XX:GCTimeRatio=4 -XX:AdaptiveSizePolicyWeight=90 -Dsun.zip.disableMemoryMapping=true -Xmx2G -Xms100m -Xlog:disable -javaagent:c:\Users\marce\.vscode\extensions\redhat.java-1.54.0-win32-x64\lombok\lombok-1.18.39-4050.jar -XX:+HeapDumpOnOutOfMemoryError -XX:HeapDumpPath=c:\Users\marce\AppData\Roaming\Code\User\workspaceStorage\f693a7e2ddc1c21ef60c32541dd000ca\redhat.java -Daether.dependencyCollector.impl=bf c:\Users\marce\.vscode\extensions\redhat.java-1.54.0-win32-x64\server\plugins\org.eclipse.equinox.launcher_1.7.100.v20251111-0406.jar -configuration c:\Users\marce\AppData\Roaming\Code\User\globalStorage\redhat.java\1.54.0\config_win -data c:\Users\marce\AppData\Roaming\Code\User\workspaceStorage\f693a7e2ddc1c21ef60c32541dd000ca\redhat.java\jdt_ws --pipe=\\.\pipe\lsp-4398873b215ecf2a5fab1202d501d4b1-sock

Host: 12th Gen Intel(R) Core(TM) i5-12500H, 16 cores, 7G,  Windows 11 , 64 bit Build 26100 (10.0.26100.8328)
Time: Wed May 20 21:09:18 2026 Pacific SA Standard Time elapsed time: 400.508563 seconds (0d 0h 6m 40s)

---------------  T H R E A D  ---------------

Current thread (0x0000029f7f00eb10):  JavaThread "C2 CompilerThread0" daemon [_thread_in_native, id=36540, stack(0x000000ec95400000,0x000000ec95500000) (1024K)]


Current CompileTask:
C2:400508 18360       4       org.eclipse.jdt.core.dom.MethodDeclaration::accept0 (174 bytes)

Stack: [0x000000ec95400000,0x000000ec95500000]
Native frames: (J=compiled Java code, j=interpreted, Vv=VM code, C=native code)
V  [jvm.dll+0x6d7a39]
V  [jvm.dll+0x8b4b26]
V  [jvm.dll+0x8b70de]
V  [jvm.dll+0x8b77c3]
V  [jvm.dll+0x284346]
V  [jvm.dll+0xc66ed]
V  [jvm.dll+0xc6c31]
V  [jvm.dll+0x2fb29e]
V  [jvm.dll+0x5fe884]
V  [jvm.dll+0x255b17]
V  [jvm.dll+0x255edd]
V  [jvm.dll+0x24e500]
V  [jvm.dll+0x24ba42]
V  [jvm.dll+0x1cb34e]
V  [jvm.dll+0x25b85d]
V  [jvm.dll+0x259dea]
V  [jvm.dll+0x3f857e]
V  [jvm.dll+0x85f59d]
V  [jvm.dll+0x6d626d]
C  [ucrtbase.dll+0x37b0]
C  [KERNEL32.DLL+0x2e957]
C  [ntdll.dll+0x427c]


---------------  P R O C E S S  ---------------

Threads class SMR info:
_java_thread_list=0x0000029f62e56090, length=75, elements={
0x0000029f7ef5dd80, 0x0000029f1633d710, 0x0000029f1633e880, 0x0000029f7f005390,
0x0000029f7f0082b0, 0x0000029f7f00a270, 0x0000029f7f0103c0, 0x0000029f7f00eb10,
0x0000029f7f0191b0, 0x0000029f58b56970, 0x0000029f5a1f5460, 0x0000029f5f0572a0,
0x0000029f5f135b90, 0x0000029f5a917700, 0x0000029f5a917d70, 0x0000029f5f8c04a0,
0x0000029f5f6d26b0, 0x0000029f58961180, 0x0000029f5891c2a0, 0x0000029f5891a860,
0x0000029f5f5385f0, 0x0000029f5f535800, 0x0000029f5f536520, 0x0000029f5f539310,
0x0000029f5f537240, 0x0000029f5f538c80, 0x0000029f5f535e90, 0x0000029f5f53a030,
0x0000029f5f5399a0, 0x0000029f5f53a6c0, 0x0000029f5f53ad50, 0x0000029f5f5378d0,
0x0000029f5f53c100, 0x0000029f5f53ce20, 0x0000029f5f53ba70, 0x0000029f5f53b3e0,
0x0000029f5f53c790, 0x0000029f6179a990, 0x0000029f6179ca60, 0x0000029f6179a300,
0x0000029f6179bd40, 0x0000029f61799c70, 0x0000029f6179d0f0, 0x0000029f6179b6b0,
0x0000029f6179c3d0, 0x0000029f6179b020, 0x0000029f6179d780, 0x0000029f6179f850,
0x0000029f617a0c00, 0x0000029f6179e4a0, 0x0000029f6179fee0, 0x0000029f6179de10,
0x0000029f6179eb30, 0x0000029f617a0570, 0x0000029f617a1290, 0x0000029f5a3cdae0,
0x0000029f5a3cacf0, 0x0000029f5a3cc0a0, 0x0000029f5a3ce800, 0x0000029f5a3cb380,
0x0000029f5a3cee90, 0x0000029f5a3cd450, 0x0000029f5a3cfbb0, 0x0000029f5a3d0f60,
0x0000029f5a3d15f0, 0x0000029f5fcb8980, 0x0000029f5fcbb0e0, 0x0000029f669782d0,
0x0000029f6697ebd0, 0x0000029f60cf9f20, 0x0000029f60cfbff0, 0x0000029f60cfa5b0,
0x0000029f62de0520, 0x0000029f62de12c0, 0x0000029f62de1990
}

Java Threads: ( => current thread )
  0x0000029f7ef5dd80 JavaThread "main"                              [_thread_blocked, id=3852, stack(0x000000ec94a00000,0x000000ec94b00000) (1024K)]
  0x0000029f1633d710 JavaThread "Reference Handler"          daemon [_thread_blocked, id=27052, stack(0x000000ec94e00000,0x000000ec94f00000) (1024K)]
  0x0000029f1633e880 JavaThread "Finalizer"                  daemon [_thread_blocked, id=22476, stack(0x000000ec94f00000,0x000000ec95000000) (1024K)]
  0x0000029f7f005390 JavaThread "Signal Dispatcher"          daemon [_thread_blocked, id=10900, stack(0x000000ec95000000,0x000000ec95100000) (1024K)]
  0x0000029f7f0082b0 JavaThread "Attach Listener"            daemon [_thread_blocked, id=22024, stack(0x000000ec95100000,0x000000ec95200000) (1024K)]
  0x0000029f7f00a270 JavaThread "Service Thread"             daemon [_thread_blocked, id=14988, stack(0x000000ec95200000,0x000000ec95300000) (1024K)]
  0x0000029f7f0103c0 JavaThread "Monitor Deflation Thread"   daemon [_thread_blocked, id=7652, stack(0x000000ec95300000,0x000000ec95400000) (1024K)]
=>0x0000029f7f00eb10 JavaThread "C2 CompilerThread0"         daemon [_thread_in_native, id=36540, stack(0x000000ec95400000,0x000000ec95500000) (1024K)]
  0x0000029f7f0191b0 JavaThread "C1 CompilerThread0"         daemon [_thread_blocked, id=14236, stack(0x000000ec95500000,0x000000ec95600000) (1024K)]
  0x0000029f58b56970 JavaThread "Common-Cleaner"             daemon [_thread_blocked, id=23916, stack(0x000000ec95900000,0x000000ec95a00000) (1024K)]
  0x0000029f5a1f5460 JavaThread "Notification Thread"        daemon [_thread_blocked, id=28480, stack(0x000000ec95b00000,0x000000ec95c00000) (1024K)]
  0x0000029f5f0572a0 JavaThread "Active Thread: Equinox Container: 34d0b952-3353-41d2-a9f6-c5f40daa05a2"        [_thread_blocked, id=11268, stack(0x000000ec95a00000,0x000000ec95b00000) (1024K)]
  0x0000029f5f135b90 JavaThread "Refresh Thread: Equinox Container: 34d0b952-3353-41d2-a9f6-c5f40daa05a2" daemon [_thread_blocked, id=22480, stack(0x000000ec96300000,0x000000ec96400000) (1024K)]
  0x0000029f5a917700 JavaThread "Framework Event Dispatcher: Equinox Container: 34d0b952-3353-41d2-a9f6-c5f40daa05a2" daemon [_thread_blocked, id=26376, stack(0x000000ec96400000,0x000000ec96500000) (1024K)]
  0x0000029f5a917d70 JavaThread "Start Level: Equinox Container: 34d0b952-3353-41d2-a9f6-c5f40daa05a2" daemon [_thread_blocked, id=25704, stack(0x000000ec96500000,0x000000ec96600000) (1024K)]
  0x0000029f5f8c04a0 JavaThread "Bundle File Closer"         daemon [_thread_blocked, id=12792, stack(0x000000ec96a00000,0x000000ec96b00000) (1024K)]
  0x0000029f5f6d26b0 JavaThread "SCR Component Actor"        daemon [_thread_blocked, id=26056, stack(0x000000ec95700000,0x000000ec95800000) (1024K)]
  0x0000029f58961180 JavaThread "Worker-JM"                         [_thread_blocked, id=36700, stack(0x000000ec96c00000,0x000000ec96d00000) (1024K)]
  0x0000029f5891c2a0 JavaThread "JNA Cleaner"                daemon [_thread_blocked, id=4636, stack(0x000000ec95800000,0x000000ec95900000) (1024K)]
  0x0000029f5891a860 JavaThread "Java indexing"              daemon [_thread_blocked, id=19936, stack(0x000000ec97400000,0x000000ec97500000) (1024K)]
  0x0000029f5f5385f0 JavaThread "Thread-1"                   daemon [_thread_in_native, id=6380, stack(0x000000ec97b00000,0x000000ec97c00000) (1024K)]
  0x0000029f5f535800 JavaThread "Thread-2"                   daemon [_thread_in_native, id=35672, stack(0x000000ec97c00000,0x000000ec97d00000) (1024K)]
  0x0000029f5f536520 JavaThread "Thread-3"                   daemon [_thread_in_native, id=25072, stack(0x000000ec97d00000,0x000000ec97e00000) (1024K)]
  0x0000029f5f539310 JavaThread "Thread-4"                   daemon [_thread_in_native, id=35668, stack(0x000000ec97e00000,0x000000ec97f00000) (1024K)]
  0x0000029f5f537240 JavaThread "Thread-5"                   daemon [_thread_in_native, id=32480, stack(0x000000ec97f00000,0x000000ec98000000) (1024K)]
  0x0000029f5f538c80 JavaThread "Thread-6"                   daemon [_thread_in_native, id=35776, stack(0x000000ec98000000,0x000000ec98100000) (1024K)]
  0x0000029f5f535e90 JavaThread "Thread-7"                   daemon [_thread_in_native, id=27796, stack(0x000000ec98100000,0x000000ec98200000) (1024K)]
  0x0000029f5f53a030 JavaThread "Thread-8"                   daemon [_thread_in_native, id=21308, stack(0x000000ec98200000,0x000000ec98300000) (1024K)]
  0x0000029f5f5399a0 JavaThread "Thread-9"                   daemon [_thread_in_native, id=23160, stack(0x000000ec98300000,0x000000ec98400000) (1024K)]
  0x0000029f5f53a6c0 JavaThread "Thread-10"                  daemon [_thread_in_native, id=28236, stack(0x000000ec98400000,0x000000ec98500000) (1024K)]
  0x0000029f5f53ad50 JavaThread "Thread-11"                  daemon [_thread_in_native, id=31756, stack(0x000000ec98500000,0x000000ec98600000) (1024K)]
  0x0000029f5f5378d0 JavaThread "Thread-12"                  daemon [_thread_in_native, id=7740, stack(0x000000ec98600000,0x000000ec98700000) (1024K)]
  0x0000029f5f53c100 JavaThread "Thread-13"                  daemon [_thread_in_native, id=8444, stack(0x000000ec98700000,0x000000ec98800000) (1024K)]
  0x0000029f5f53ce20 JavaThread "Thread-14"                  daemon [_thread_in_native, id=30116, stack(0x000000ec98800000,0x000000ec98900000) (1024K)]
  0x0000029f5f53ba70 JavaThread "Thread-15"                  daemon [_thread_in_native, id=27972, stack(0x000000ec98900000,0x000000ec98a00000) (1024K)]
  0x0000029f5f53b3e0 JavaThread "Thread-16"                  daemon [_thread_in_native, id=28264, stack(0x000000ec98a00000,0x000000ec98b00000) (1024K)]
  0x0000029f5f53c790 JavaThread "Thread-17"                  daemon [_thread_in_native, id=7000, stack(0x000000ec98b00000,0x000000ec98c00000) (1024K)]
  0x0000029f6179a990 JavaThread "pool-2-thread-1"                   [_thread_blocked, id=23308, stack(0x000000ec98c00000,0x000000ec98d00000) (1024K)]
  0x0000029f6179ca60 JavaThread "WorkspaceEventsHandler"            [_thread_blocked, id=12188, stack(0x000000ec98d00000,0x000000ec98e00000) (1024K)]
  0x0000029f6179a300 JavaThread "pool-1-thread-1"                   [_thread_in_vm, id=25392, stack(0x000000ec98e00000,0x000000ec98f00000) (1024K)]
  0x0000029f6179bd40 JavaThread "ForkJoinPool.commonPool-worker-1" daemon [_thread_blocked, id=24596, stack(0x000000ec98f00000,0x000000ec99000000) (1024K)]
  0x0000029f61799c70 JavaThread "ForkJoinPool.commonPool-worker-2" daemon [_thread_blocked, id=7960, stack(0x000000ec99000000,0x000000ec99100000) (1024K)]
  0x0000029f6179d0f0 JavaThread "ForkJoinPool.commonPool-worker-3" daemon [_thread_blocked, id=9676, stack(0x000000ec99100000,0x000000ec99200000) (1024K)]
  0x0000029f6179b6b0 JavaThread "ForkJoinPool.commonPool-worker-4" daemon [_thread_blocked, id=25256, stack(0x000000ec99200000,0x000000ec99300000) (1024K)]
  0x0000029f6179c3d0 JavaThread "ForkJoinPool.commonPool-worker-5" daemon [_thread_blocked, id=33524, stack(0x000000ec99300000,0x000000ec99400000) (1024K)]
  0x0000029f6179b020 JavaThread "ForkJoinPool.commonPool-worker-7" daemon [_thread_blocked, id=23876, stack(0x000000ec99400000,0x000000ec99500000) (1024K)]
  0x0000029f6179d780 JavaThread "ForkJoinPool.commonPool-worker-6" daemon [_thread_blocked, id=7340, stack(0x000000ec99500000,0x000000ec99600000) (1024K)]
  0x0000029f6179f850 JavaThread "ForkJoinPool.commonPool-worker-9" daemon [_thread_blocked, id=27228, stack(0x000000ec99600000,0x000000ec99700000) (1024K)]
  0x0000029f617a0c00 JavaThread "ForkJoinPool.commonPool-worker-8" daemon [_thread_blocked, id=15628, stack(0x000000ec99700000,0x000000ec99800000) (1024K)]
  0x0000029f6179e4a0 JavaThread "ForkJoinPool.commonPool-worker-10" daemon [_thread_blocked, id=16032, stack(0x000000ec99800000,0x000000ec99900000) (1024K)]
  0x0000029f6179fee0 JavaThread "ForkJoinPool.commonPool-worker-11" daemon [_thread_blocked, id=31084, stack(0x000000ec99900000,0x000000ec99a00000) (1024K)]
  0x0000029f6179de10 JavaThread "ForkJoinPool.commonPool-worker-12" daemon [_thread_blocked, id=23672, stack(0x000000ec99a00000,0x000000ec99b00000) (1024K)]
  0x0000029f6179eb30 JavaThread "ForkJoinPool.commonPool-worker-13" daemon [_thread_blocked, id=24356, stack(0x000000ec99b00000,0x000000ec99c00000) (1024K)]
  0x0000029f617a0570 JavaThread "ForkJoinPool.commonPool-worker-14" daemon [_thread_blocked, id=32536, stack(0x000000ec99c00000,0x000000ec99d00000) (1024K)]
  0x0000029f617a1290 JavaThread "ForkJoinPool.commonPool-worker-15" daemon [_thread_blocked, id=25460, stack(0x000000ec99d00000,0x000000ec99e00000) (1024K)]
  0x0000029f5a3cdae0 JavaThread "LocalFile Deleter"          daemon [_thread_blocked, id=24860, stack(0x000000ec9a100000,0x000000ec9a200000) (1024K)]
  0x0000029f5a3cacf0 JavaThread "LocalFile Deleter"          daemon [_thread_blocked, id=5876, stack(0x000000ec9a300000,0x000000ec9a400000) (1024K)]
  0x0000029f5a3cc0a0 JavaThread "LocalFile Deleter"          daemon [_thread_blocked, id=25444, stack(0x000000ec9a400000,0x000000ec9a500000) (1024K)]
  0x0000029f5a3ce800 JavaThread "LocalFile Deleter"          daemon [_thread_blocked, id=10784, stack(0x000000ec9a500000,0x000000ec9a600000) (1024K)]
  0x0000029f5a3cb380 JavaThread "LocalFile Deleter"          daemon [_thread_blocked, id=13684, stack(0x000000ec9a600000,0x000000ec9a700000) (1024K)]
  0x0000029f5a3cee90 JavaThread "LocalFile Deleter"          daemon [_thread_blocked, id=21672, stack(0x000000ec9a700000,0x000000ec9a800000) (1024K)]
  0x0000029f5a3cd450 JavaThread "LocalFile Deleter"          daemon [_thread_blocked, id=10376, stack(0x000000ec9a800000,0x000000ec9a900000) (1024K)]
  0x0000029f5a3cfbb0 JavaThread "LocalFile Deleter"          daemon [_thread_blocked, id=29288, stack(0x000000ec9ab00000,0x000000ec9ac00000) (1024K)]
  0x0000029f5a3d0f60 JavaThread "LocalFile Deleter"          daemon [_thread_blocked, id=25124, stack(0x000000ec9ac00000,0x000000ec9ad00000) (1024K)]
  0x0000029f5a3d15f0 JavaThread "LocalFile Deleter"          daemon [_thread_blocked, id=7820, stack(0x000000ec9ad00000,0x000000ec9ae00000) (1024K)]
  0x0000029f5fcb8980 JavaThread "Compiler Source File Reader" daemon [_thread_blocked, id=23288, stack(0x000000ec9b400000,0x000000ec9b500000) (1024K)]
  0x0000029f5fcbb0e0 JavaThread "Compiler Source File Reader" daemon [_thread_blocked, id=10808, stack(0x000000ec9b500000,0x000000ec9b600000) (1024K)]
  0x0000029f669782d0 JavaThread "Cleaner-0"                  daemon [_thread_blocked, id=9244, stack(0x000000ec9c200000,0x000000ec9c300000) (1024K)]
  0x0000029f6697ebd0 JavaThread "Compiler Source File Reader" daemon [_thread_blocked, id=16084, stack(0x000000ec96d00000,0x000000ec96e00000) (1024K)]
  0x0000029f60cf9f20 JavaThread "Compiler Source File Reader" daemon [_thread_blocked, id=9936, stack(0x000000ec96e00000,0x000000ec96f00000) (1024K)]
  0x0000029f60cfbff0 JavaThread "Worker-6"                          [_thread_blocked, id=27324, stack(0x000000ec96f00000,0x000000ec97000000) (1024K)]
  0x0000029f60cfa5b0 JavaThread "Worker-7"                          [_thread_blocked, id=16552, stack(0x000000ec97000000,0x000000ec97100000) (1024K)]
  0x0000029f62de0520 JavaThread "C1 CompilerThread1"         daemon [_thread_blocked, id=11288, stack(0x000000ec94700000,0x000000ec94800000) (1024K)]
  0x0000029f62de12c0 JavaThread "C2 CompilerThread1"         daemon [_thread_in_vm, id=24896, stack(0x000000ec95600000,0x000000ec95700000) (1024K)]
  0x0000029f62de1990 JavaThread "C2 CompilerThread2"         daemon [_thread_in_native, id=36652, stack(0x000000ec97100000,0x000000ec97200000) (1024K)]
Total: 75

Other Threads:
  0x0000029f16324a60 VMThread "VM Thread"                           [id=4820, stack(0x000000ec94d00000,0x000000ec94e00000) (1024K)]
  0x0000029f1621ca10 WatcherThread "VM Periodic Task Thread"        [id=14576, stack(0x000000ec94c00000,0x000000ec94d00000) (1024K)]
  0x0000029f7ef7c100 WorkerThread "GC Thread#0"                     [id=35020, stack(0x000000ec94b00000,0x000000ec94c00000) (1024K)]
  0x0000029f5f18c980 WorkerThread "GC Thread#1"                     [id=20224, stack(0x000000ec95c00000,0x000000ec95d00000) (1024K)]
  0x0000029f5a536830 WorkerThread "GC Thread#2"                     [id=32944, stack(0x000000ec95d00000,0x000000ec95e00000) (1024K)]
  0x0000029f5a965a20 WorkerThread "GC Thread#3"                     [id=28792, stack(0x000000ec95e00000,0x000000ec95f00000) (1024K)]
  0x0000029f5a965dd0 WorkerThread "GC Thread#4"                     [id=27496, stack(0x000000ec95f00000,0x000000ec96000000) (1024K)]
  0x0000029f5a966180 WorkerThread "GC Thread#5"                     [id=10868, stack(0x000000ec96000000,0x000000ec96100000) (1024K)]
  0x0000029f5a2653a0 WorkerThread "GC Thread#6"                     [id=32832, stack(0x000000ec96100000,0x000000ec96200000) (1024K)]
  0x0000029f5f3c4b20 WorkerThread "GC Thread#7"                     [id=32240, stack(0x000000ec96200000,0x000000ec96300000) (1024K)]
  0x0000029f5f8fd720 WorkerThread "GC Thread#8"                     [id=3440, stack(0x000000ec96700000,0x000000ec96800000) (1024K)]
  0x0000029f5a8300d0 WorkerThread "GC Thread#9"                     [id=9444, stack(0x000000ec96800000,0x000000ec96900000) (1024K)]
  0x0000029f5f31b7c0 WorkerThread "GC Thread#10"                    [id=24864, stack(0x000000ec96900000,0x000000ec96a00000) (1024K)]
  0x0000029f5f3299a0 WorkerThread "GC Thread#11"                    [id=8844, stack(0x000000ec96600000,0x000000ec96700000) (1024K)]
  0x0000029f5f32a100 WorkerThread "GC Thread#12"                    [id=10388, stack(0x000000ec96b00000,0x000000ec96c00000) (1024K)]
Total: 15

Threads with active compile tasks:
C2 CompilerThread0  400546 18360       4       org.eclipse.jdt.core.dom.MethodDeclaration::accept0 (174 bytes)
C2 CompilerThread1  400546 18373   !   4       org.eclipse.jdt.internal.core.SearchableEnvironment::getModulesDeclaringPackage (526 bytes)
C2 CompilerThread2  400546 18379       4       java.util.concurrent.ForkJoinPool::awaitWork (321 bytes)
Total: 3

VM state: not at safepoint (normal execution)

VM Mutex/Monitor currently owned by a thread: None

Heap address: 0x0000000080000000, size: 2048 MB, Compressed Oops mode: 32-bit

CDS archive(s) mapped at: [0x0000029f17000000-0x0000029f17ba0000-0x0000029f17ba0000), size 12189696, SharedBaseAddress: 0x0000029f17000000, ArchiveRelocationMode: 1.
Compressed class space mapped at: 0x0000029f18000000-0x0000029f58000000, reserved size: 1073741824
Narrow klass base: 0x0000029f17000000, Narrow klass shift: 0, Narrow klass range: 0x100000000

GC Precious Log:
 CardTable entry size: 512
 CPUs: 16 total, 16 available
 Memory: 7811M
 Large Page Support: Disabled
 NUMA Support: Disabled
 Compressed Oops: Enabled (32-bit)
 Alignments: Space 512K, Generation 512K, Heap 2M
 Heap Min Capacity: 100M
 Heap Initial Capacity: 100M
 Heap Max Capacity: 2G
 Pre-touch: Disabled
 Parallel Workers: 13

Heap:
 PSYoungGen      total 4096K, used 3261K [0x00000000d5580000, 0x00000000d5a80000, 0x0000000100000000)
  eden space 3584K, 80% used [0x00000000d5580000,0x00000000d584f7f8,0x00000000d5900000)
  from space 512K, 75% used [0x00000000d5980000,0x00000000d59e0000,0x00000000d5a00000)
  to   space 512K, 0% used [0x00000000d5a00000,0x00000000d5a00000,0x00000000d5a80000)
 ParOldGen       total 395264K, used 252794K [0x0000000080000000, 0x0000000098200000, 0x00000000d5580000)
  object space 395264K, 63% used [0x0000000080000000,0x000000008f6dead0,0x0000000098200000)
 Metaspace       used 85071K, committed 86912K, reserved 1179648K
  class space    used 8814K, committed 9664K, reserved 1048576K

Card table byte_map: [0x0000029f7e900000,0x0000029f7ed10000] _byte_map_base: 0x0000029f7e500000

Marking Bits: (ParMarkBitMap*) 0x00007ffd9cd33450
 Begin Bits: [0x0000029f12140000, 0x0000029f14140000)
 End Bits:   [0x0000029f14140000, 0x0000029f16140000)

Polling page: 0x0000029f7cd90000

Metaspace:

Usage:
  Non-class:     74.47 MB used.
      Class:      8.61 MB used.
       Both:     83.08 MB used.

Virtual space:
  Non-class space:      128.00 MB reserved,      75.44 MB ( 59%) committed,  2 nodes.
      Class space:        1.00 GB reserved,       9.44 MB ( <1%) committed,  1 nodes.
             Both:        1.12 GB reserved,      84.88 MB (  7%) committed. 

Chunk freelists:
   Non-Class:  3.72 MB
       Class:  6.47 MB
        Both:  10.19 MB

MaxMetaspaceSize: unlimited
CompressedClassSpaceSize: 1.00 GB
Initial GC threshold: 21.00 MB
Current GC threshold: 138.06 MB
CDS: on
 - commit_granule_bytes: 65536.
 - commit_granule_words: 8192.
 - virtual_space_node_default_size: 8388608.
 - enlarge_chunks_in_place: 1.
 - use_allocation_guard: 0.


Internal statistics:

num_allocs_failed_limit: 11.
num_arena_births: 1614.
num_arena_deaths: 24.
num_vsnodes_births: 3.
num_vsnodes_deaths: 0.
num_space_committed: 1358.
num_space_uncommitted: 0.
num_chunks_returned_to_freelist: 40.
num_chunks_taken_from_freelist: 5795.
num_chunk_merges: 22.
num_chunk_splits: 3431.
num_chunks_enlarged: 1804.
num_inconsistent_stats: 0.

CodeHeap 'non-profiled nmethods': size=119168Kb used=14060Kb max_used=14060Kb free=105108Kb
 bounds [0x0000029f0ace0000, 0x0000029f0baa0000, 0x0000029f12140000]
CodeHeap 'profiled nmethods': size=119104Kb used=40676Kb max_used=40676Kb free=78427Kb
 bounds [0x0000029f03140000, 0x0000029f05900000, 0x0000029f0a590000]
CodeHeap 'non-nmethods': size=7488Kb used=2070Kb max_used=3264Kb free=5417Kb
 bounds [0x0000029f0a590000, 0x0000029f0a990000, 0x0000029f0ace0000]
CodeCache: size=245760Kb, used=56806Kb, max_used=58000Kb, free=188952Kb
 total_blobs=17577, nmethods=16744, adapters=733, full_count=0
Compilation: enabled, stopped_count=0, restarted_count=0

Compilation events (20 events):
Event: 399.778 Thread 0x0000029f7f0191b0 nmethod 18375 0x0000029f058d4f90 code [0x0000029f058d5140, 0x0000029f058d52c8]
Event: 399.778 Thread 0x0000029f62de0520 nmethod 18374 0x0000029f058d5390 code [0x0000029f058d55e0, 0x0000029f058d5ee8]
Event: 399.780 Thread 0x0000029f7f0191b0 18377       3       org.eclipse.lsp4j.jsonrpc.RemoteEndpoint$$Lambda/0x0000029f184b6178::accept (13 bytes)
Event: 399.780 Thread 0x0000029f62de0520 18378       3       org.eclipse.lsp4j.jsonrpc.RemoteEndpoint::lambda$handleRequest$1 (16 bytes)
Event: 399.781 Thread 0x0000029f7f0191b0 nmethod 18377 0x0000029f058d6210 code [0x0000029f058d63e0, 0x0000029f058d6750]
Event: 399.781 Thread 0x0000029f62de0520 nmethod 18378 0x0000029f058d6910 code [0x0000029f058d6ae0, 0x0000029f058d6dd0]
Event: 399.937 Thread 0x0000029f62de0520 18380       1       org.eclipse.lsp4j.CodeActionContext::getDiagnostics (5 bytes)
Event: 399.937 Thread 0x0000029f62de0520 nmethod 18380 0x0000029f0ba92190 code [0x0000029f0ba92320, 0x0000029f0ba923e8]
Event: 399.941 Thread 0x0000029f7f0191b0 18384       3       org.eclipse.jdt.internal.corext.dom.GenericVisitor::visit (6 bytes)
Event: 399.941 Thread 0x0000029f62de0520 18385       3       org.eclipse.jdt.internal.corext.dom.GenericVisitor::endVisit (6 bytes)
Event: 399.941 Thread 0x0000029f62de0520 nmethod 18385 0x0000029f058d6f90 code [0x0000029f058d7140, 0x0000029f058d7320]
Event: 399.941 Thread 0x0000029f7f0191b0 nmethod 18384 0x0000029f058d7410 code [0x0000029f058d75c0, 0x0000029f058d7788]
Event: 400.157 Thread 0x0000029f7f0191b0 18386       3       com.google.gson.internal.bind.EnumTypeAdapter$1::create (48 bytes)
Event: 400.158 Thread 0x0000029f7f0191b0 nmethod 18386 0x0000029f058d7810 code [0x0000029f058d7a20, 0x0000029f058d7f08]
Event: 400.158 Thread 0x0000029f7f0191b0 18387       3       com.google.gson.internal.bind.ReflectiveTypeAdapterFactory::getBoundFields (539 bytes)
Event: 400.506 Thread 0x0000029f7f0191b0 nmethod 18387 0x0000029f058d8110 code [0x0000029f058d8aa0, 0x0000029f058de348]
Event: 400.506 Thread 0x0000029f62de0520 18392       3       java.util.Collections$EmptyList::toArray (11 bytes)
Event: 400.506 Thread 0x0000029f62de12c0 18398   !   4       org.eclipse.jdt.core.dom.DefaultCommentMapper::storeTrailingComments (794 bytes)
Event: 400.506 Thread 0x0000029f7f0191b0 18394       3       org.eclipse.jdt.core.dom.ASTConverter::convert (77 bytes)
Event: 400.506 Thread 0x0000029f62de1990 18399   !   4       org.eclipse.jdt.core.dom.DefaultCommentMapper::storeLeadingComments (552 bytes)

GC Heap History (20 events):
Event: 398.715 GC heap before
{Heap before GC invocations=697 (full 4):
 PSYoungGen      total 4096K, used 3872K [0x00000000d5580000, 0x00000000d5a80000, 0x0000000100000000)
  eden space 3584K, 100% used [0x00000000d5580000,0x00000000d5900000,0x00000000d5900000)
  from space 512K, 56% used [0x00000000d5a00000,0x00000000d5a48000,0x00000000d5a80000)
  to   space 512K, 0% used [0x00000000d5980000,0x00000000d5980000,0x00000000d5a00000)
 ParOldGen       total 395264K, used 249957K [0x0000000080000000, 0x0000000098200000, 0x00000000d5580000)
  object space 395264K, 63% used [0x0000000080000000,0x000000008f4196a0,0x0000000098200000)
 Metaspace       used 84866K, committed 86720K, reserved 1179648K
  class space    used 8798K, committed 9664K, reserved 1048576K
}
Event: 398.716 GC heap after
{Heap after GC invocations=697 (full 4):
 PSYoungGen      total 4096K, used 320K [0x00000000d5580000, 0x00000000d5a80000, 0x0000000100000000)
  eden space 3584K, 0% used [0x00000000d5580000,0x00000000d5580000,0x00000000d5900000)
  from space 512K, 62% used [0x00000000d5980000,0x00000000d59d0000,0x00000000d5a00000)
  to   space 512K, 0% used [0x00000000d5a00000,0x00000000d5a00000,0x00000000d5a80000)
 ParOldGen       total 395264K, used 250021K [0x0000000080000000, 0x0000000098200000, 0x00000000d5580000)
  object space 395264K, 63% used [0x0000000080000000,0x000000008f4296a0,0x0000000098200000)
 Metaspace       used 84866K, committed 86720K, reserved 1179648K
  class space    used 8798K, committed 9664K, reserved 1048576K
}
Event: 398.719 GC heap before
{Heap before GC invocations=698 (full 4):
 PSYoungGen      total 4096K, used 3904K [0x00000000d5580000, 0x00000000d5a80000, 0x0000000100000000)
  eden space 3584K, 100% used [0x00000000d5580000,0x00000000d5900000,0x00000000d5900000)
  from space 512K, 62% used [0x00000000d5980000,0x00000000d59d0000,0x00000000d5a00000)
  to   space 512K, 0% used [0x00000000d5a00000,0x00000000d5a00000,0x00000000d5a80000)
 ParOldGen       total 395264K, used 250021K [0x0000000080000000, 0x0000000098200000, 0x00000000d5580000)
  object space 395264K, 63% used [0x0000000080000000,0x000000008f4296a0,0x0000000098200000)
 Metaspace       used 84867K, committed 86720K, reserved 1179648K
  class space    used 8798K, committed 9664K, reserved 1048576K
}
Event: 398.720 GC heap after
{Heap after GC invocations=698 (full 4):
 PSYoungGen      total 4096K, used 224K [0x00000000d5580000, 0x00000000d5a80000, 0x0000000100000000)
  eden space 3584K, 0% used [0x00000000d5580000,0x00000000d5580000,0x00000000d5900000)
  from space 512K, 43% used [0x00000000d5a00000,0x00000000d5a38000,0x00000000d5a80000)
  to   space 512K, 0% used [0x00000000d5980000,0x00000000d5980000,0x00000000d5a00000)
 ParOldGen       total 395264K, used 250109K [0x0000000080000000, 0x0000000098200000, 0x00000000d5580000)
  object space 395264K, 63% used [0x0000000080000000,0x000000008f43f6a0,0x0000000098200000)
 Metaspace       used 84867K, committed 86720K, reserved 1179648K
  class space    used 8798K, committed 9664K, reserved 1048576K
}
Event: 398.902 GC heap before
{Heap before GC invocations=699 (full 4):
 PSYoungGen      total 4096K, used 3808K [0x00000000d5580000, 0x00000000d5a80000, 0x0000000100000000)
  eden space 3584K, 100% used [0x00000000d5580000,0x00000000d5900000,0x00000000d5900000)
  from space 512K, 43% used [0x00000000d5a00000,0x00000000d5a38000,0x00000000d5a80000)
  to   space 512K, 0% used [0x00000000d5980000,0x00000000d5980000,0x00000000d5a00000)
 ParOldGen       total 395264K, used 250109K [0x0000000080000000, 0x0000000098200000, 0x00000000d5580000)
  object space 395264K, 63% used [0x0000000080000000,0x000000008f43f6a0,0x0000000098200000)
 Metaspace       used 84871K, committed 86720K, reserved 1179648K
  class space    used 8798K, committed 9664K, reserved 1048576K
}
Event: 398.905 GC heap after
{Heap after GC invocations=699 (full 4):
 PSYoungGen      total 4096K, used 442K [0x00000000d5580000, 0x00000000d5a80000, 0x0000000100000000)
  eden space 3584K, 0% used [0x00000000d5580000,0x00000000d5580000,0x00000000d5900000)
  from space 512K, 86% used [0x00000000d5980000,0x00000000d59ee900,0x00000000d5a00000)
  to   space 512K, 0% used [0x00000000d5a00000,0x00000000d5a00000,0x00000000d5a80000)
 ParOldGen       total 395264K, used 250189K [0x0000000080000000, 0x0000000098200000, 0x00000000d5580000)
  object space 395264K, 63% used [0x0000000080000000,0x000000008f4536a0,0x0000000098200000)
 Metaspace       used 84871K, committed 86720K, reserved 1179648K
  class space    used 8798K, committed 9664K, reserved 1048576K
}
Event: 398.949 GC heap before
{Heap before GC invocations=700 (full 4):
 PSYoungGen      total 4096K, used 4026K [0x00000000d5580000, 0x00000000d5a80000, 0x0000000100000000)
  eden space 3584K, 100% used [0x00000000d5580000,0x00000000d5900000,0x00000000d5900000)
  from space 512K, 86% used [0x00000000d5980000,0x00000000d59ee900,0x00000000d5a00000)
  to   space 512K, 0% used [0x00000000d5a00000,0x00000000d5a00000,0x00000000d5a80000)
 ParOldGen       total 395264K, used 250189K [0x0000000080000000, 0x0000000098200000, 0x00000000d5580000)
  object space 395264K, 63% used [0x0000000080000000,0x000000008f4536a0,0x0000000098200000)
 Metaspace       used 84877K, committed 86720K, reserved 1179648K
  class space    used 8798K, committed 9664K, reserved 1048576K
}
Event: 398.951 GC heap after
{Heap after GC invocations=700 (full 4):
 PSYoungGen      total 4096K, used 512K [0x00000000d5580000, 0x00000000d5b00000, 0x0000000100000000)
  eden space 3584K, 0% used [0x00000000d5580000,0x00000000d5580000,0x00000000d5900000)
  from space 512K, 100% used [0x00000000d5a00000,0x00000000d5a80000,0x00000000d5a80000)
  to   space 1024K, 0% used [0x00000000d5900000,0x00000000d5900000,0x00000000d5a00000)
 ParOldGen       total 395264K, used 250532K [0x0000000080000000, 0x0000000098200000, 0x00000000d5580000)
  object space 395264K, 63% used [0x0000000080000000,0x000000008f4a91c0,0x0000000098200000)
 Metaspace       used 84877K, committed 86720K, reserved 1179648K
  class space    used 8798K, committed 9664K, reserved 1048576K
}
Event: 398.986 GC heap before
{Heap before GC invocations=701 (full 4):
 PSYoungGen      total 4096K, used 4096K [0x00000000d5580000, 0x00000000d5b00000, 0x0000000100000000)
  eden space 3584K, 100% used [0x00000000d5580000,0x00000000d5900000,0x00000000d5900000)
  from space 512K, 100% used [0x00000000d5a00000,0x00000000d5a80000,0x00000000d5a80000)
  to   space 1024K, 0% used [0x00000000d5900000,0x00000000d5900000,0x00000000d5a00000)
 ParOldGen       total 395264K, used 250532K [0x0000000080000000, 0x0000000098200000, 0x00000000d5580000)
  object space 395264K, 63% used [0x0000000080000000,0x000000008f4a91c0,0x0000000098200000)
 Metaspace       used 84883K, committed 86720K, reserved 1179648K
  class space    used 8798K, committed 9664K, reserved 1048576K
}
Event: 398.989 GC heap after
{Heap after GC invocations=701 (full 4):
 PSYoungGen      total 4608K, used 794K [0x00000000d5580000, 0x00000000d5b00000, 0x0000000100000000)
  eden space 3584K, 0% used [0x00000000d5580000,0x00000000d5580000,0x00000000d5900000)
  from space 1024K, 77% used [0x00000000d5900000,0x00000000d59c6900,0x00000000d5a00000)
  to   space 1024K, 0% used [0x00000000d5a00000,0x00000000d5a00000,0x00000000d5b00000)
 ParOldGen       total 395264K, used 251030K [0x0000000080000000, 0x0000000098200000, 0x00000000d5580000)
  object space 395264K, 63% used [0x0000000080000000,0x000000008f525ad0,0x0000000098200000)
 Metaspace       used 84883K, committed 86720K, reserved 1179648K
  class space    used 8798K, committed 9664K, reserved 1048576K
}
Event: 398.992 GC heap before
{Heap before GC invocations=702 (full 4):
 PSYoungGen      total 4608K, used 4378K [0x00000000d5580000, 0x00000000d5b00000, 0x0000000100000000)
  eden space 3584K, 100% used [0x00000000d5580000,0x00000000d5900000,0x00000000d5900000)
  from space 1024K, 77% used [0x00000000d5900000,0x00000000d59c6900,0x00000000d5a00000)
  to   space 1024K, 0% used [0x00000000d5a00000,0x00000000d5a00000,0x00000000d5b00000)
 ParOldGen       total 395264K, used 251030K [0x0000000080000000, 0x0000000098200000, 0x00000000d5580000)
  object space 395264K, 63% used [0x0000000080000000,0x000000008f525ad0,0x0000000098200000)
 Metaspace       used 84883K, committed 86720K, reserved 1179648K
  class space    used 8798K, committed 9664K, reserved 1048576K
}
Event: 398.995 GC heap after
{Heap after GC invocations=702 (full 4):
 PSYoungGen      total 4608K, used 736K [0x00000000d5580000, 0x00000000d5b00000, 0x0000000100000000)
  eden space 3584K, 0% used [0x00000000d5580000,0x00000000d5580000,0x00000000d5900000)
  from space 1024K, 71% used [0x00000000d5a00000,0x00000000d5ab8000,0x00000000d5b00000)
  to   space 1024K, 0% used [0x00000000d5900000,0x00000000d5900000,0x00000000d5a00000)
 ParOldGen       total 395264K, used 251607K [0x0000000080000000, 0x0000000098200000, 0x00000000d5580000)
  object space 395264K, 63% used [0x0000000080000000,0x000000008f5b5c00,0x0000000098200000)
 Metaspace       used 84883K, committed 86720K, reserved 1179648K
  class space    used 8798K, committed 9664K, reserved 1048576K
}
Event: 399.425 GC heap before
{Heap before GC invocations=703 (full 4):
 PSYoungGen      total 4608K, used 4320K [0x00000000d5580000, 0x00000000d5b00000, 0x0000000100000000)
  eden space 3584K, 100% used [0x00000000d5580000,0x00000000d5900000,0x00000000d5900000)
  from space 1024K, 71% used [0x00000000d5a00000,0x00000000d5ab8000,0x00000000d5b00000)
  to   space 1024K, 0% used [0x00000000d5900000,0x00000000d5900000,0x00000000d5a00000)
 ParOldGen       total 395264K, used 251607K [0x0000000080000000, 0x0000000098200000, 0x00000000d5580000)
  object space 395264K, 63% used [0x0000000080000000,0x000000008f5b5c00,0x0000000098200000)
 Metaspace       used 84968K, committed 86848K, reserved 1179648K
  class space    used 8805K, committed 9664K, reserved 1048576K
}
Event: 399.428 GC heap after
{Heap after GC invocations=703 (full 4):
 PSYoungGen      total 4608K, used 576K [0x00000000d5580000, 0x00000000d5b00000, 0x0000000100000000)
  eden space 3584K, 0% used [0x00000000d5580000,0x00000000d5580000,0x00000000d5900000)
  from space 1024K, 56% used [0x00000000d5900000,0x00000000d5990000,0x00000000d5a00000)
  to   space 1024K, 0% used [0x00000000d5a00000,0x00000000d5a00000,0x00000000d5b00000)
 ParOldGen       total 395264K, used 252183K [0x0000000080000000, 0x0000000098200000, 0x00000000d5580000)
  object space 395264K, 63% used [0x0000000080000000,0x000000008f645c20,0x0000000098200000)
 Metaspace       used 84968K, committed 86848K, reserved 1179648K
  class space    used 8805K, committed 9664K, reserved 1048576K
}
Event: 399.471 GC heap before
{Heap before GC invocations=704 (full 4):
 PSYoungGen      total 4608K, used 4160K [0x00000000d5580000, 0x00000000d5b00000, 0x0000000100000000)
  eden space 3584K, 100% used [0x00000000d5580000,0x00000000d5900000,0x00000000d5900000)
  from space 1024K, 56% used [0x00000000d5900000,0x00000000d5990000,0x00000000d5a00000)
  to   space 1024K, 0% used [0x00000000d5a00000,0x00000000d5a00000,0x00000000d5b00000)
 ParOldGen       total 395264K, used 252183K [0x0000000080000000, 0x0000000098200000, 0x00000000d5580000)
  object space 395264K, 63% used [0x0000000080000000,0x000000008f645c20,0x0000000098200000)
 Metaspace       used 84989K, committed 86848K, reserved 1179648K
  class space    used 8805K, committed 9664K, reserved 1048576K
}
Event: 399.473 GC heap after
{Heap after GC invocations=704 (full 4):
 PSYoungGen      total 4096K, used 346K [0x00000000d5580000, 0x00000000d5a80000, 0x0000000100000000)
  eden space 3584K, 0% used [0x00000000d5580000,0x00000000d5580000,0x00000000d5900000)
  from space 512K, 67% used [0x00000000d5a00000,0x00000000d5a56900,0x00000000d5a80000)
  to   space 512K, 0% used [0x00000000d5980000,0x00000000d5980000,0x00000000d5a00000)
 ParOldGen       total 395264K, used 252546K [0x0000000080000000, 0x0000000098200000, 0x00000000d5580000)
  object space 395264K, 63% used [0x0000000080000000,0x000000008f6a0ad0,0x0000000098200000)
 Metaspace       used 84989K, committed 86848K, reserved 1179648K
  class space    used 8805K, committed 9664K, reserved 1048576K
}
Event: 399.491 GC heap before
{Heap before GC invocations=705 (full 4):
 PSYoungGen      total 4096K, used 3929K [0x00000000d5580000, 0x00000000d5a80000, 0x0000000100000000)
  eden space 3584K, 99% used [0x00000000d5580000,0x00000000d58ffee0,0x00000000d5900000)
  from space 512K, 67% used [0x00000000d5a00000,0x00000000d5a56900,0x00000000d5a80000)
  to   space 512K, 0% used [0x00000000d5980000,0x00000000d5980000,0x00000000d5a00000)
 ParOldGen       total 395264K, used 252546K [0x0000000080000000, 0x0000000098200000, 0x00000000d5580000)
  object space 395264K, 63% used [0x0000000080000000,0x000000008f6a0ad0,0x0000000098200000)
 Metaspace       used 84992K, committed 86848K, reserved 1179648K
  class space    used 8805K, committed 9664K, reserved 1048576K
}
Event: 399.493 GC heap after
{Heap after GC invocations=705 (full 4):
 PSYoungGen      total 4096K, used 320K [0x00000000d5580000, 0x00000000d5a80000, 0x0000000100000000)
  eden space 3584K, 0% used [0x00000000d5580000,0x00000000d5580000,0x00000000d5900000)
  from space 512K, 62% used [0x00000000d5980000,0x00000000d59d0000,0x00000000d5a00000)
  to   space 512K, 0% used [0x00000000d5a00000,0x00000000d5a00000,0x00000000d5a80000)
 ParOldGen       total 395264K, used 252626K [0x0000000080000000, 0x0000000098200000, 0x00000000d5580000)
  object space 395264K, 63% used [0x0000000080000000,0x000000008f6b4ad0,0x0000000098200000)
 Metaspace       used 84992K, committed 86848K, reserved 1179648K
  class space    used 8805K, committed 9664K, reserved 1048576K
}
Event: 399.939 GC heap before
{Heap before GC invocations=706 (full 4):
 PSYoungGen      total 4096K, used 3904K [0x00000000d5580000, 0x00000000d5a80000, 0x0000000100000000)
  eden space 3584K, 100% used [0x00000000d5580000,0x00000000d5900000,0x00000000d5900000)
  from space 512K, 62% used [0x00000000d5980000,0x00000000d59d0000,0x00000000d5a00000)
  to   space 512K, 0% used [0x00000000d5a00000,0x00000000d5a00000,0x00000000d5a80000)
 ParOldGen       total 395264K, used 252626K [0x0000000080000000, 0x0000000098200000, 0x00000000d5580000)
  object space 395264K, 63% used [0x0000000080000000,0x000000008f6b4ad0,0x0000000098200000)
 Metaspace       used 85013K, committed 86848K, reserved 1179648K
  class space    used 8811K, committed 9664K, reserved 1048576K
}
Event: 399.941 GC heap after
{Heap after GC invocations=706 (full 4):
 PSYoungGen      total 4096K, used 384K [0x00000000d5580000, 0x00000000d5a80000, 0x0000000100000000)
  eden space 3584K, 0% used [0x00000000d5580000,0x00000000d5580000,0x00000000d5900000)
  from space 512K, 75% used [0x00000000d5a00000,0x00000000d5a60000,0x00000000d5a80000)
  to   space 512K, 0% used [0x00000000d5980000,0x00000000d5980000,0x00000000d5a00000)
 ParOldGen       total 395264K, used 252706K [0x0000000080000000, 0x0000000098200000, 0x00000000d5580000)
  object space 395264K, 63% used [0x0000000080000000,0x000000008f6c8ad0,0x0000000098200000)
 Metaspace       used 85013K, committed 86848K, reserved 1179648K
  class space    used 8811K, committed 9664K, reserved 1048576K
}

Dll operation events (12 events):
Event: 0.011 Loaded shared library c:\Users\marce\.vscode\extensions\redhat.java-1.54.0-win32-x64\jre\21.0.10-win32-x86_64\bin\java.dll
Event: 0.086 Loaded shared library c:\Users\marce\.vscode\extensions\redhat.java-1.54.0-win32-x64\jre\21.0.10-win32-x86_64\bin\zip.dll
Event: 0.112 Loaded shared library C:\Users\marce\.vscode\extensions\redhat.java-1.54.0-win32-x64\jre\21.0.10-win32-x86_64\bin\instrument.dll
Event: 0.118 Loaded shared library C:\Users\marce\.vscode\extensions\redhat.java-1.54.0-win32-x64\jre\21.0.10-win32-x86_64\bin\net.dll
Event: 0.124 Loaded shared library C:\Users\marce\.vscode\extensions\redhat.java-1.54.0-win32-x64\jre\21.0.10-win32-x86_64\bin\nio.dll
Event: 0.127 Loaded shared library C:\Users\marce\.vscode\extensions\redhat.java-1.54.0-win32-x64\jre\21.0.10-win32-x86_64\bin\zip.dll
Event: 0.146 Loaded shared library C:\Users\marce\.vscode\extensions\redhat.java-1.54.0-win32-x64\jre\21.0.10-win32-x86_64\bin\jimage.dll
Event: 0.214 Loaded shared library c:\Users\marce\.vscode\extensions\redhat.java-1.54.0-win32-x64\jre\21.0.10-win32-x86_64\bin\verify.dll
Event: 2.569 Loaded shared library C:\Users\marce\AppData\Roaming\Code\User\globalStorage\redhat.java\1.54.0\config_win\org.eclipse.equinox.launcher\org.eclipse.equinox.launcher.win32.win32.x86_64_1.3.0.v20260203-2149\eclipse_11919.dll
Event: 6.456 Loaded shared library C:\Users\marce\AppData\Local\Temp\jna-103666240\jna17238204800138758289.dll
Event: 67.156 Loaded shared library C:\Users\marce\.vscode\extensions\redhat.java-1.54.0-win32-x64\jre\21.0.10-win32-x86_64\bin\sunmscapi.dll
Event: 67.297 Loaded shared library C:\Users\marce\.vscode\extensions\redhat.java-1.54.0-win32-x64\jre\21.0.10-win32-x86_64\bin\extnet.dll

Deoptimization events (20 events):
Event: 399.279 Thread 0x0000029f6179d780 DEOPT PACKING pc=0x0000029f0b72d188 sp=0x000000ec995fe550
Event: 399.279 Thread 0x0000029f6179d780 DEOPT UNPACKING pc=0x0000029f0a5e3aa2 sp=0x000000ec995fe508 mode 2
Event: 399.391 Thread 0x0000029f6179d780 Uncommon trap: trap_request=0xffffff76 fr.pc=0x0000029f0ba83390 relative=0x0000000000002a70
Event: 399.391 Thread 0x0000029f6179d780 Uncommon trap: reason=predicate action=maybe_recompile pc=0x0000029f0ba83390 method=org.eclipse.jdt.internal.compiler.parser.Parser.parse()V @ 52 c2
Event: 399.391 Thread 0x0000029f6179d780 DEOPT PACKING pc=0x0000029f0ba83390 sp=0x000000ec995fe690
Event: 399.391 Thread 0x0000029f6179d780 DEOPT UNPACKING pc=0x0000029f0a5e3aa2 sp=0x000000ec995fe650 mode 2
Event: 399.398 Thread 0x0000029f6179d780 Uncommon trap: trap_request=0x000010a6 fr.pc=0x0000029f0b7345a0 relative=0x0000000000001840
Event: 399.398 Thread 0x0000029f6179d780 Uncommon trap: reason=unloaded action=reinterpret pc=0x0000029f0b7345a0 method=org.eclipse.jdt.internal.compiler.parser.Parser.consumeToken(Lorg/eclipse/jdt/internal/compiler/parser/TerminalToken;)V @ 1667 c2
Event: 399.398 Thread 0x0000029f6179d780 DEOPT PACKING pc=0x0000029f0b7345a0 sp=0x000000ec995fe5f0
Event: 399.398 Thread 0x0000029f6179d780 DEOPT UNPACKING pc=0x0000029f0a5e3aa2 sp=0x000000ec995fe5c8 mode 2
Event: 399.473 Thread 0x0000029f61799c70 Uncommon trap: trap_request=0xffffffbe fr.pc=0x0000029f0ba8af38 relative=0x0000000000002718
Event: 399.473 Thread 0x0000029f61799c70 Uncommon trap: reason=profile_predicate action=maybe_recompile pc=0x0000029f0ba8af38 method=org.eclipse.jdt.internal.compiler.parser.Parser.parse()V @ 58 c2
Event: 399.473 Thread 0x0000029f61799c70 DEOPT PACKING pc=0x0000029f0ba8af38 sp=0x000000ec990fe1d0
Event: 399.473 Thread 0x0000029f61799c70 DEOPT UNPACKING pc=0x0000029f0a5e3aa2 sp=0x000000ec990fe188 mode 2
Event: 399.506 Thread 0x0000029f61799c70 Uncommon trap: trap_request=0xffffff45 fr.pc=0x0000029f0afd9668 relative=0x0000000000000148
Event: 399.506 Thread 0x0000029f61799c70 Uncommon trap: reason=unstable_if action=reinterpret pc=0x0000029f0afd9668 method=java.util.stream.StreamOpFlag.getMask(I)I @ 1 c2
Event: 399.506 Thread 0x0000029f61799c70 DEOPT PACKING pc=0x0000029f0afd9668 sp=0x000000ec990fe6c0
Event: 399.506 Thread 0x0000029f61799c70 DEOPT UNPACKING pc=0x0000029f0a5e3aa2 sp=0x000000ec990fe580 mode 2
Event: 399.781 Thread 0x0000029f6179d780 DEOPT PACKING pc=0x0000029f04f87a46 sp=0x000000ec995ff490
Event: 399.781 Thread 0x0000029f6179d780 DEOPT UNPACKING pc=0x0000029f0a5e4242 sp=0x000000ec995fe988 mode 0

Classes loaded (20 events):
Event: 307.223 Loading class java/util/stream/Nodes$CollectorTask$OfRef
Event: 307.224 Loading class java/util/stream/Nodes$CollectorTask
Event: 307.224 Loading class java/util/stream/Nodes$CollectorTask done
Event: 307.225 Loading class java/util/stream/Nodes$CollectorTask$OfRef done
Event: 307.240 Loading class java/util/function/LongFunction
Event: 307.241 Loading class java/util/function/LongFunction done
Event: 307.241 Loading class java/util/stream/Nodes$ConcNode
Event: 307.241 Loading class java/util/stream/Nodes$AbstractConcNode
Event: 307.242 Loading class java/util/stream/Nodes$AbstractConcNode done
Event: 307.242 Loading class java/util/stream/Nodes$ConcNode done
Event: 307.270 Loading class java/io/ObjectOutputStream$BlockDataOutputStream
Event: 307.271 Loading class java/io/ObjectOutputStream$BlockDataOutputStream done
Event: 307.271 Loading class java/io/ObjectOutputStream$HandleTable
Event: 307.271 Loading class java/io/ObjectOutputStream$HandleTable done
Event: 307.271 Loading class java/io/ObjectOutputStream$ReplaceTable
Event: 307.272 Loading class java/io/ObjectOutputStream$ReplaceTable done
Event: 399.503 Loading class java/util/stream/ReferencePipeline$15
Event: 399.504 Loading class java/util/stream/ReferencePipeline$15 done
Event: 399.507 Loading class java/util/stream/ReferencePipeline$15$1
Event: 399.508 Loading class java/util/stream/ReferencePipeline$15$1 done

Classes unloaded (12 events):
Event: 6.996 Thread 0x0000029f16324a60 Unloading class 0x0000029f181ab400 'java/lang/invoke/LambdaForm$MH+0x0000029f181ab400'
Event: 6.996 Thread 0x0000029f16324a60 Unloading class 0x0000029f181ab000 'java/lang/invoke/LambdaForm$MH+0x0000029f181ab000'
Event: 6.996 Thread 0x0000029f16324a60 Unloading class 0x0000029f181aac00 'java/lang/invoke/LambdaForm$MH+0x0000029f181aac00'
Event: 6.996 Thread 0x0000029f16324a60 Unloading class 0x0000029f181aa800 'java/lang/invoke/LambdaForm$MH+0x0000029f181aa800'
Event: 6.996 Thread 0x0000029f16324a60 Unloading class 0x0000029f181aa400 'java/lang/invoke/LambdaForm$BMH+0x0000029f181aa400'
Event: 6.996 Thread 0x0000029f16324a60 Unloading class 0x0000029f181aa000 'java/lang/invoke/LambdaForm$DMH+0x0000029f181aa000'
Event: 6.996 Thread 0x0000029f16324a60 Unloading class 0x0000029f181a8c00 'java/lang/invoke/LambdaForm$DMH+0x0000029f181a8c00'
Event: 272.578 Thread 0x0000029f16324a60 Unloading class 0x0000029f1877e000 'java/lang/invoke/LambdaForm$DMH+0x0000029f1877e000'
Event: 272.579 Thread 0x0000029f16324a60 Unloading class 0x0000029f18709400 'java/lang/invoke/LambdaForm$DMH+0x0000029f18709400'
Event: 272.579 Thread 0x0000029f16324a60 Unloading class 0x0000029f18709000 'java/lang/invoke/LambdaForm$DMH+0x0000029f18709000'
Event: 272.579 Thread 0x0000029f16324a60 Unloading class 0x0000029f18708c00 'java/lang/invoke/LambdaForm$DMH+0x0000029f18708c00'
Event: 272.579 Thread 0x0000029f16324a60 Unloading class 0x0000029f18708800 'java/lang/invoke/LambdaForm$DMH+0x0000029f18708800'

Classes redefined (0 events):
No events

Internal exceptions (20 events):
Event: 126.325 Thread 0x0000029f5891a860 Exception <a 'sun/nio/fs/WindowsException'{0x00000000d55eda20}> (0x00000000d55eda20) 
thrown [s\src\hotspot\share\prims\jni.cpp, line 520]
Event: 128.751 Thread 0x0000029f6179e4a0 Implicit null exception at 0x0000029f0b6c3da3 to 0x0000029f0b6c3f76
Event: 129.422 Thread 0x0000029f60cfac40 Exception <a 'java/lang/NoSuchMethodError'{0x00000000d558cb18}: 'void java.lang.invoke.DirectMethodHandle$Holder.invokeStatic(java.lang.Object, java.lang.Object, int)'> (0x00000000d558cb18) 
thrown [s\src\hotspot\share\interpreter\linkResolver.cpp, line 773]
Event: 130.729 Thread 0x0000029f6179e4a0 Exception <a 'java/lang/NoSuchMethodError'{0x00000000d56a7440}: 'java.lang.Object java.lang.invoke.DirectMethodHandle$Holder.invokeStaticInit(java.lang.Object, java.lang.Object, java.lang.Object)'> (0x00000000d56a7440) 
thrown [s\src\hotspot\share\interpreter\linkResolver.cpp, line 773]
Event: 130.737 Thread 0x0000029f6179e4a0 Exception <a 'java/lang/NoSuchMethodError'{0x00000000d57171f8}: 'int java.lang.invoke.DirectMethodHandle$Holder.invokeStaticInit(java.lang.Object, int)'> (0x00000000d57171f8) 
thrown [s\src\hotspot\share\interpreter\linkResolver.cpp, line 773]
Event: 192.669 Thread 0x0000029f61799c70 Exception <a 'java/lang/NoSuchMethodError'{0x00000000d57382a8}: 'java.lang.Object java.lang.invoke.DirectMethodHandle$Holder.invokeStatic(java.lang.Object, int, java.lang.Object, java.lang.Object, java.lang.Object, java.lang.Object)'> (0x00000000d57382a8) 
thrown [s\src\hotspot\share\interpreter\linkResolver.cpp, line 773]
Event: 192.672 Thread 0x0000029f61799c70 Exception <a 'java/lang/NoSuchMethodError'{0x00000000d5752de0}: 'java.lang.Object java.lang.invoke.DirectMethodHandle$Holder.newInvokeSpecial(java.lang.Object, int, java.lang.Object, java.lang.Object, java.lang.Object)'> (0x00000000d5752de0) 
thrown [s\src\hotspot\share\interpreter\linkResolver.cpp, line 773]
Event: 217.711 Thread 0x0000029f5891a860 Exception <a 'sun/nio/fs/WindowsException'{0x00000000d571fde0}> (0x00000000d571fde0) 
thrown [s\src\hotspot\share\prims\jni.cpp, line 520]
Event: 218.003 Thread 0x0000029f5891a860 Exception <a 'sun/nio/fs/WindowsException'{0x00000000d563e9d0}> (0x00000000d563e9d0) 
thrown [s\src\hotspot\share\prims\jni.cpp, line 520]
Event: 241.983 Thread 0x0000029f6179e4a0 Exception <a 'java/lang/ArrayIndexOutOfBoundsException'{0x00000000d5714f08}: Index 248 out of bounds for length 247> (0x00000000d5714f08) 
thrown [s\src\hotspot\share\interpreter\interpreterRuntime.cpp, line 439]
Event: 278.720 Thread 0x0000029f5891a860 Exception <a 'sun/nio/fs/WindowsException'{0x00000000d57b7fd8}> (0x00000000d57b7fd8) 
thrown [s\src\hotspot\share\prims\jni.cpp, line 520]
Event: 278.943 Thread 0x0000029f5891a860 Exception <a 'sun/nio/fs/WindowsException'{0x00000000d55e6630}> (0x00000000d55e6630) 
thrown [s\src\hotspot\share\prims\jni.cpp, line 520]
Event: 291.578 Thread 0x0000029f6179fee0 Implicit null exception at 0x0000029f0b7e8c39 to 0x0000029f0b7e92e4
Event: 297.018 Thread 0x0000029f5891a860 Exception <a 'sun/nio/fs/WindowsException'{0x00000000d55c73f0}> (0x00000000d55c73f0) 
thrown [s\src\hotspot\share\prims\jni.cpp, line 520]
Event: 297.166 Thread 0x0000029f5891a860 Exception <a 'sun/nio/fs/WindowsException'{0x00000000d55a4368}> (0x00000000d55a4368) 
thrown [s\src\hotspot\share\prims\jni.cpp, line 520]
Event: 307.262 Thread 0x0000029f60cfbff0 Exception <a 'sun/nio/fs/WindowsException'{0x00000000d55b8018}> (0x00000000d55b8018) 
thrown [s\src\hotspot\share\prims\jni.cpp, line 520]
Event: 307.262 Thread 0x0000029f60cfbff0 Exception <a 'sun/nio/fs/WindowsException'{0x00000000d55b8da0}> (0x00000000d55b8da0) 
thrown [s\src\hotspot\share\prims\jni.cpp, line 520]
Event: 307.263 Thread 0x0000029f60cfbff0 Implicit null exception at 0x0000029f0b38e886 to 0x0000029f0b38ebfc
Event: 307.295 Thread 0x0000029f60cfbff0 Exception <a 'java/lang/NoSuchMethodError'{0x00000000d5656f60}: static [J.<clinit>()V> (0x00000000d5656f60) 
thrown [s\src\hotspot\share\prims\jni.cpp, line 1111]
Event: 307.307 Thread 0x0000029f60cfbff0 Exception <a 'java/lang/NoSuchMethodError'{0x00000000d55882d0}: 'java.lang.Object java.lang.invoke.DirectMethodHandle$Holder.newInvokeSpecial(java.lang.Object, java.lang.Object, java.lang.Object, java.lang.Object, java.lang.Object, java.lang.Object, java.lang.Object, java.lang.Object)'> (0x00000000d55882d0) 
thrown [s\src\hotspot\share\interpreter\linkResolver.cpp, line 773]

ZGC Phase Switch (0 events):
No events

VM Operations (20 events):
Event: 398.902 Executing safepoint VM operation: ParallelGCFailedAllocation (Allocation Failure)
Event: 398.905 Executing safepoint VM operation: ParallelGCFailedAllocation (Allocation Failure) done
Event: 398.949 Executing safepoint VM operation: ParallelGCFailedAllocation (Allocation Failure)
Event: 398.951 Executing safepoint VM operation: ParallelGCFailedAllocation (Allocation Failure) done
Event: 398.962 Executing safepoint VM operation: ParallelGCFailedAllocation (Allocation Failure)
Event: 398.989 Executing safepoint VM operation: ParallelGCFailedAllocation (Allocation Failure) done
Event: 398.989 Executing non-safepoint VM operation: HandshakeAllThreads (Deoptimize)
Event: 398.989 Executing non-safepoint VM operation: HandshakeAllThreads (Deoptimize) done
Event: 398.992 Executing safepoint VM operation: ParallelGCFailedAllocation (Allocation Failure)
Event: 398.995 Executing safepoint VM operation: ParallelGCFailedAllocation (Allocation Failure) done
Event: 399.397 Executing non-safepoint VM operation: HandshakeAllThreads (Deoptimize)
Event: 399.397 Executing non-safepoint VM operation: HandshakeAllThreads (Deoptimize) done
Event: 399.425 Executing safepoint VM operation: ParallelGCFailedAllocation (Allocation Failure)
Event: 399.428 Executing safepoint VM operation: ParallelGCFailedAllocation (Allocation Failure) done
Event: 399.471 Executing safepoint VM operation: ParallelGCFailedAllocation (Allocation Failure)
Event: 399.473 Executing safepoint VM operation: ParallelGCFailedAllocation (Allocation Failure) done
Event: 399.491 Executing safepoint VM operation: ParallelGCFailedAllocation (Allocation Failure)
Event: 399.493 Executing safepoint VM operation: ParallelGCFailedAllocation (Allocation Failure) done
Event: 399.939 Executing safepoint VM operation: ParallelGCFailedAllocation (Allocation Failure)
Event: 399.941 Executing safepoint VM operation: ParallelGCFailedAllocation (Allocation Failure) done

Memory protections (0 events):
No events

Nmethod flushes (20 events):
Event: 274.037 Thread 0x0000029f16324a60 flushing  nmethod 0x0000029f041ff490
Event: 274.037 Thread 0x0000029f16324a60 flushing  nmethod 0x0000029f04200510
Event: 274.037 Thread 0x0000029f16324a60 flushing  nmethod 0x0000029f04200d90
Event: 274.037 Thread 0x0000029f16324a60 flushing  nmethod 0x0000029f0420f610
Event: 274.037 Thread 0x0000029f16324a60 flushing  nmethod 0x0000029f04217210
Event: 274.037 Thread 0x0000029f16324a60 flushing  nmethod 0x0000029f04218810
Event: 274.037 Thread 0x0000029f16324a60 flushing  nmethod 0x0000029f04225990
Event: 274.037 Thread 0x0000029f16324a60 flushing  nmethod 0x0000029f0424ec90
Event: 274.037 Thread 0x0000029f16324a60 flushing  nmethod 0x0000029f04253510
Event: 274.037 Thread 0x0000029f16324a60 flushing  nmethod 0x0000029f042bdc10
Event: 274.037 Thread 0x0000029f16324a60 flushing  nmethod 0x0000029f042d0210
Event: 274.037 Thread 0x0000029f16324a60 flushing  nmethod 0x0000029f0430c310
Event: 274.037 Thread 0x0000029f16324a60 flushing  nmethod 0x0000029f0431db10
Event: 274.037 Thread 0x0000029f16324a60 flushing  nmethod 0x0000029f0431e410
Event: 274.037 Thread 0x0000029f16324a60 flushing  nmethod 0x0000029f04329b10
Event: 274.037 Thread 0x0000029f16324a60 flushing  nmethod 0x0000029f04338510
Event: 274.037 Thread 0x0000029f16324a60 flushing  nmethod 0x0000029f0433a890
Event: 274.037 Thread 0x0000029f16324a60 flushing  nmethod 0x0000029f0433ac90
Event: 274.037 Thread 0x0000029f16324a60 flushing  nmethod 0x0000029f0433b290
Event: 274.037 Thread 0x0000029f16324a60 flushing  nmethod 0x0000029f04340310

Events (20 events):
Event: 337.028 Thread 0x0000029f7f0191b0 Thread added: 0x0000029f62bc7d40
Event: 337.225 Thread 0x0000029f61b926d0 Thread exited: 0x0000029f61b926d0
Event: 337.243 Thread 0x0000029f7f0191b0 Thread added: 0x0000029f62bc7670
Event: 337.371 Thread 0x0000029f62bc7670 Thread exited: 0x0000029f62bc7670
Event: 337.407 Thread 0x0000029f7f00eb10 Thread added: 0x0000029f5896fc10
Event: 337.747 Thread 0x0000029f5896fc10 Thread exited: 0x0000029f5896fc10
Event: 343.629 Thread 0x0000029f62bc7d40 Thread exited: 0x0000029f62bc7d40
Event: 357.139 Thread 0x0000029f60cfb2d0 Thread exited: 0x0000029f60cfb2d0
Event: 362.925 Thread 0x0000029f6697c470 Thread exited: 0x0000029f6697c470
Event: 363.291 Thread 0x0000029f6697cb00 Thread exited: 0x0000029f6697cb00
Event: 368.986 Thread 0x0000029f5f536bb0 Thread exited: 0x0000029f5f536bb0
Event: 372.111 Thread 0x0000029f5a3cba10 Thread exited: 0x0000029f5a3cba10
Event: 397.419 Thread 0x0000029f5f537f60 Thread exited: 0x0000029f5f537f60
Event: 398.533 Thread 0x0000029f7f0191b0 Thread added: 0x0000029f60eb2410
Event: 398.874 Thread 0x0000029f60eb2410 Thread exited: 0x0000029f60eb2410
Event: 398.989 Thread 0x0000029f7f0191b0 Thread added: 0x0000029f62505950
Event: 399.261 Thread 0x0000029f62505950 Thread exited: 0x0000029f62505950
Event: 399.281 Thread 0x0000029f7f00eb10 Thread added: 0x0000029f62de0520
Event: 400.506 Thread 0x0000029f62de0520 Thread added: 0x0000029f62de12c0
Event: 400.506 Thread 0x0000029f62de0520 Thread added: 0x0000029f62de1990


Dynamic libraries:
0x00007ff7730a0000 - 0x00007ff7730ae000 	c:\Users\marce\.vscode\extensions\redhat.java-1.54.0-win32-x64\jre\21.0.10-win32-x86_64\bin\java.exe
0x00007ffe68000000 - 0x00007ffe68267000 	C:\WINDOWS\SYSTEM32\ntdll.dll
0x00007ffe668d0000 - 0x00007ffe66999000 	C:\WINDOWS\System32\KERNEL32.DLL
0x00007ffe64f20000 - 0x00007ffe65317000 	C:\WINDOWS\System32\KERNELBASE.dll
0x00007ffe64d20000 - 0x00007ffe64e6b000 	C:\WINDOWS\System32\ucrtbase.dll
0x00007ffe2f780000 - 0x00007ffe2f79e000 	c:\Users\marce\.vscode\extensions\redhat.java-1.54.0-win32-x64\jre\21.0.10-win32-x86_64\bin\VCRUNTIME140.dll
0x00007ffe30440000 - 0x00007ffe30458000 	c:\Users\marce\.vscode\extensions\redhat.java-1.54.0-win32-x64\jre\21.0.10-win32-x86_64\bin\jli.dll
0x00007ffe66530000 - 0x00007ffe666f6000 	C:\WINDOWS\System32\USER32.dll
0x00007ffe65d50000 - 0x00007ffe65d77000 	C:\WINDOWS\System32\win32u.dll
0x00007ffe65d80000 - 0x00007ffe65dab000 	C:\WINDOWS\System32\GDI32.dll
0x00007ffe4b0d0000 - 0x00007ffe4b362000 	C:\WINDOWS\WinSxS\amd64_microsoft.windows.common-controls_6595b64144ccf1df_6.0.26100.8457_none_3e0b2faee331e92d\COMCTL32.dll
0x00007ffe65b90000 - 0x00007ffe65cbc000 	C:\WINDOWS\System32\gdi32full.dll
0x00007ffe64e70000 - 0x00007ffe64f13000 	C:\WINDOWS\System32\msvcp_win.dll
0x00007ffe661b0000 - 0x00007ffe66259000 	C:\WINDOWS\System32\msvcrt.dll
0x00007ffe67010000 - 0x00007ffe67042000 	C:\WINDOWS\System32\IMM32.DLL
0x00007ffe5eb00000 - 0x00007ffe5eb0c000 	c:\Users\marce\.vscode\extensions\redhat.java-1.54.0-win32-x64\jre\21.0.10-win32-x86_64\bin\vcruntime140_1.dll
0x00007ffde5420000 - 0x00007ffde54ad000 	c:\Users\marce\.vscode\extensions\redhat.java-1.54.0-win32-x64\jre\21.0.10-win32-x86_64\bin\msvcp140.dll
0x00007ffd9c070000 - 0x00007ffd9ce11000 	c:\Users\marce\.vscode\extensions\redhat.java-1.54.0-win32-x64\jre\21.0.10-win32-x86_64\bin\server\jvm.dll
0x00007ffe66eb0000 - 0x00007ffe66f66000 	C:\WINDOWS\System32\ADVAPI32.dll
0x00007ffe67200000 - 0x00007ffe672a7000 	C:\WINDOWS\System32\sechost.dll
0x00007ffe66d40000 - 0x00007ffe66e58000 	C:\WINDOWS\System32\RPCRT4.dll
0x00007ffe660a0000 - 0x00007ffe66120000 	C:\WINDOWS\System32\WS2_32.dll
0x00007ffe5a300000 - 0x00007ffe5a30b000 	C:\WINDOWS\SYSTEM32\VERSION.dll
0x00007ffe59080000 - 0x00007ffe590b6000 	C:\WINDOWS\SYSTEM32\WINMM.dll
0x00007ffe635f0000 - 0x00007ffe6364e000 	C:\WINDOWS\SYSTEM32\POWRPROF.dll
0x00007ffe635d0000 - 0x00007ffe635e4000 	C:\WINDOWS\SYSTEM32\UMPDC.dll
0x00007ffe638a0000 - 0x00007ffe638bb000 	C:\WINDOWS\SYSTEM32\kernel.appcore.dll
0x00007ffe5e2a0000 - 0x00007ffe5e2aa000 	c:\Users\marce\.vscode\extensions\redhat.java-1.54.0-win32-x64\jre\21.0.10-win32-x86_64\bin\jimage.dll
0x00007ffe623f0000 - 0x00007ffe62632000 	C:\WINDOWS\SYSTEM32\DBGHELP.DLL
0x00007ffe669a0000 - 0x00007ffe66d23000 	C:\WINDOWS\System32\combase.dll
0x00007ffe667f0000 - 0x00007ffe668c9000 	C:\WINDOWS\System32\OLEAUT32.dll
0x00007ffe4ad40000 - 0x00007ffe4ad7b000 	C:\WINDOWS\SYSTEM32\dbgcore.DLL
0x00007ffe64af0000 - 0x00007ffe64b98000 	C:\WINDOWS\System32\bcryptPrimitives.dll
0x00007ffe58fd0000 - 0x00007ffe58fdf000 	c:\Users\marce\.vscode\extensions\redhat.java-1.54.0-win32-x64\jre\21.0.10-win32-x86_64\bin\instrument.dll
0x00007ffe2f760000 - 0x00007ffe2f780000 	c:\Users\marce\.vscode\extensions\redhat.java-1.54.0-win32-x64\jre\21.0.10-win32-x86_64\bin\java.dll
0x00007ffe67840000 - 0x00007ffe67fae000 	C:\WINDOWS\System32\SHELL32.dll
0x00007ffe65320000 - 0x00007ffe65b8c000 	C:\WINDOWS\System32\windows.storage.dll
0x00007ffe67740000 - 0x00007ffe67836000 	C:\WINDOWS\System32\SHCORE.dll
0x00007ffe66fa0000 - 0x00007ffe67006000 	C:\WINDOWS\System32\shlwapi.dll
0x00007ffe64950000 - 0x00007ffe64979000 	C:\WINDOWS\SYSTEM32\profapi.dll
0x00007ffe2f110000 - 0x00007ffe2f128000 	c:\Users\marce\.vscode\extensions\redhat.java-1.54.0-win32-x64\jre\21.0.10-win32-x86_64\bin\zip.dll
0x00007ffe51a40000 - 0x00007ffe51a50000 	C:\Users\marce\.vscode\extensions\redhat.java-1.54.0-win32-x64\jre\21.0.10-win32-x86_64\bin\net.dll
0x00007ffe5e670000 - 0x00007ffe5e799000 	C:\WINDOWS\SYSTEM32\WINHTTP.dll
0x00007ffe63df0000 - 0x00007ffe63e5c000 	C:\WINDOWS\system32\mswsock.dll
0x00007ffe2efa0000 - 0x00007ffe2efb6000 	C:\Users\marce\.vscode\extensions\redhat.java-1.54.0-win32-x64\jre\21.0.10-win32-x86_64\bin\nio.dll
0x00007ffe4b610000 - 0x00007ffe4b620000 	c:\Users\marce\.vscode\extensions\redhat.java-1.54.0-win32-x64\jre\21.0.10-win32-x86_64\bin\verify.dll
0x00007ffe18160000 - 0x00007ffe181a5000 	C:\Users\marce\AppData\Roaming\Code\User\globalStorage\redhat.java\1.54.0\config_win\org.eclipse.equinox.launcher\org.eclipse.equinox.launcher.win32.win32.x86_64_1.3.0.v20260203-2149\eclipse_11919.dll
0x00007ffe67050000 - 0x00007ffe671e7000 	C:\WINDOWS\System32\ole32.dll
0x00007ffe641f0000 - 0x00007ffe6420b000 	C:\WINDOWS\SYSTEM32\CRYPTSP.dll
0x00007ffe63800000 - 0x00007ffe63839000 	C:\WINDOWS\system32\rsaenh.dll
0x00007ffe63ea0000 - 0x00007ffe63ed3000 	C:\WINDOWS\SYSTEM32\USERENV.dll
0x00007ffe64920000 - 0x00007ffe6494a000 	C:\WINDOWS\SYSTEM32\bcrypt.dll
0x00007ffe64050000 - 0x00007ffe6405c000 	C:\WINDOWS\SYSTEM32\CRYPTBASE.dll
0x00007ffe632b0000 - 0x00007ffe632e2000 	C:\WINDOWS\SYSTEM32\IPHLPAPI.DLL
0x00007ffe671f0000 - 0x00007ffe671fa000 	C:\WINDOWS\System32\NSI.dll
0x00007ffe36100000 - 0x00007ffe36149000 	C:\Users\marce\AppData\Local\Temp\jna-103666240\jna17238204800138758289.dll
0x00007ffe667e0000 - 0x00007ffe667e8000 	C:\WINDOWS\System32\PSAPI.DLL
0x00007ffe5e850000 - 0x00007ffe5e86d000 	C:\WINDOWS\SYSTEM32\dhcpcsvc6.DLL
0x00007ffe5e820000 - 0x00007ffe5e845000 	C:\WINDOWS\SYSTEM32\dhcpcsvc.DLL
0x00007ffe39b90000 - 0x00007ffe39b9e000 	C:\Users\marce\.vscode\extensions\redhat.java-1.54.0-win32-x64\jre\21.0.10-win32-x86_64\bin\sunmscapi.dll
0x00007ffe64ba0000 - 0x00007ffe64d18000 	C:\WINDOWS\System32\CRYPT32.dll
0x00007ffe64350000 - 0x00007ffe64380000 	C:\WINDOWS\SYSTEM32\ncrypt.dll
0x00007ffe64300000 - 0x00007ffe6433f000 	C:\WINDOWS\SYSTEM32\NTASN1.dll
0x00007ffe381e0000 - 0x00007ffe381e8000 	C:\WINDOWS\system32\wshunix.dll
0x00007ffe385d0000 - 0x00007ffe385d9000 	C:\Users\marce\.vscode\extensions\redhat.java-1.54.0-win32-x64\jre\21.0.10-win32-x86_64\bin\extnet.dll
0x00007ffe632f0000 - 0x00007ffe63422000 	C:\WINDOWS\SYSTEM32\DNSAPI.dll
0x00007ffe5ce90000 - 0x00007ffe5ce9b000 	C:\Windows\System32\rasadhlp.dll
0x00007ffe5f410000 - 0x00007ffe5f496000 	C:\WINDOWS\System32\fwpuclnt.dll

JVMTI agents:
c:\Users\marce\.vscode\extensions\redhat.java-1.54.0-win32-x64\lombok\lombok-1.18.39-4050.jar path:c:\Users\marce\.vscode\extensions\redhat.java-1.54.0-win32-x64\jre\21.0.10-win32-x86_64\bin\instrument.dll, loaded, initialized, instrumentlib options:none

dbghelp: loaded successfully - version: 4.0.5 - missing functions: none
symbol engine: initialized successfully - sym options: 0x614 - pdb path: .;c:\Users\marce\.vscode\extensions\redhat.java-1.54.0-win32-x64\jre\21.0.10-win32-x86_64\bin;C:\WINDOWS\SYSTEM32;C:\WINDOWS\WinSxS\amd64_microsoft.windows.common-controls_6595b64144ccf1df_6.0.26100.8457_none_3e0b2faee331e92d;c:\Users\marce\.vscode\extensions\redhat.java-1.54.0-win32-x64\jre\21.0.10-win32-x86_64\bin\server;C:\Users\marce\AppData\Roaming\Code\User\globalStorage\redhat.java\1.54.0\config_win\org.eclipse.equinox.launcher\org.eclipse.equinox.launcher.win32.win32.x86_64_1.3.0.v20260203-2149;C:\Users\marce\AppData\Local\Temp\jna-103666240

VM Arguments:
jvm_args: --add-modules=ALL-SYSTEM --add-opens=java.base/java.util=ALL-UNNAMED --add-opens=java.base/java.lang=ALL-UNNAMED --add-opens=java.base/sun.nio.fs=ALL-UNNAMED -Declipse.application=org.eclipse.jdt.ls.core.id1 -Dosgi.bundles.defaultStartLevel=4 -Declipse.product=org.eclipse.jdt.ls.core.product -Djava.import.generatesMetadataFilesAtProjectRoot=false -DDetectVMInstallationsJob.disabled=true -Dfile.encoding=utf8 -XX:+UseParallelGC -XX:GCTimeRatio=4 -XX:AdaptiveSizePolicyWeight=90 -Dsun.zip.disableMemoryMapping=true -Xmx2G -Xms100m -Xlog:disable -javaagent:c:\Users\marce\.vscode\extensions\redhat.java-1.54.0-win32-x64\lombok\lombok-1.18.39-4050.jar -XX:+HeapDumpOnOutOfMemoryError -XX:HeapDumpPath=c:\Users\marce\AppData\Roaming\Code\User\workspaceStorage\f693a7e2ddc1c21ef60c32541dd000ca\redhat.java -Daether.dependencyCollector.impl=bf 
java_command: c:\Users\marce\.vscode\extensions\redhat.java-1.54.0-win32-x64\server\plugins\org.eclipse.equinox.launcher_1.7.100.v20251111-0406.jar -configuration c:\Users\marce\AppData\Roaming\Code\User\globalStorage\redhat.java\1.54.0\config_win -data c:\Users\marce\AppData\Roaming\Code\User\workspaceStorage\f693a7e2ddc1c21ef60c32541dd000ca\redhat.java\jdt_ws --pipe=\\.\pipe\lsp-4398873b215ecf2a5fab1202d501d4b1-sock
java_class_path (initial): c:\Users\marce\.vscode\extensions\redhat.java-1.54.0-win32-x64\server\plugins\org.eclipse.equinox.launcher_1.7.100.v20251111-0406.jar
Launcher Type: SUN_STANDARD

[Global flags]
    uintx AdaptiveSizePolicyWeight                 = 90                                        {product} {command line}
     intx CICompilerCount                          = 12                                        {product} {ergonomic}
    uintx GCTimeRatio                              = 4                                         {product} {command line}
     bool HeapDumpOnOutOfMemoryError               = true                                   {manageable} {command line}
    ccstr HeapDumpPath                             = c:\Users\marce\AppData\Roaming\Code\User\workspaceStorage\f693a7e2ddc1c21ef60c32541dd000ca\redhat.java         {manageable} {command line}
   size_t InitialHeapSize                          = 104857600                                 {product} {command line}
   size_t MaxHeapSize                              = 2147483648                                {product} {command line}
   size_t MaxNewSize                               = 715653120                                 {product} {ergonomic}
   size_t MinHeapDeltaBytes                        = 524288                                    {product} {ergonomic}
   size_t MinHeapSize                              = 104857600                                 {product} {command line}
   size_t NewSize                                  = 34603008                                  {product} {ergonomic}
    uintx NonNMethodCodeHeapSize                   = 7602480                                {pd product} {ergonomic}
    uintx NonProfiledCodeHeapSize                  = 122027880                              {pd product} {ergonomic}
   size_t OldSize                                  = 70254592                                  {product} {ergonomic}
    uintx ProfiledCodeHeapSize                     = 122027880                              {pd product} {ergonomic}
    uintx ReservedCodeCacheSize                    = 251658240                              {pd product} {ergonomic}
     bool SegmentedCodeCache                       = true                                      {product} {ergonomic}
   size_t SoftMaxHeapSize                          = 2147483648                             {manageable} {ergonomic}
     bool UseCompressedOops                        = true                           {product lp64_product} {ergonomic}
     bool UseLargePagesIndividualAllocation        = false                                  {pd product} {ergonomic}
     bool UseParallelGC                            = true                                      {product} {command line}

Logging:
Log output configuration:
 #0: stdout all=off uptime,level,tags foldmultilines=false
 #1: stderr all=off uptime,level,tags foldmultilines=false

Release file:
JAVA_VERSION="21.0.10" 
MODULES="java.base java.compiler java.datatransfer java.xml java.prefs java.desktop java.instrument java.logging java.management java.security.sasl java.naming java.rmi java.management.rmi java.net.http java.scripting java.security.jgss java.transaction.xa java.sql java.sql.rowset java.xml.crypto java.se java.smartcardio jdk.accessibility jdk.internal.jvmstat jdk.attach jdk.charsets jdk.internal.opt jdk.zipfs jdk.compiler jdk.crypto.ec jdk.crypto.cryptoki jdk.crypto.mscapi jdk.dynalink jdk.internal.ed jdk.editpad jdk.hotspot.agent jdk.httpserver jdk.internal.le jdk.internal.vm.ci jdk.internal.vm.compiler jdk.internal.vm.compiler.management jdk.jartool jdk.javadoc jdk.jcmd jdk.management jdk.management.agent jdk.jconsole jdk.jdeps jdk.jdwp.agent jdk.jdi jdk.jfr jdk.jshell jdk.jsobject jdk.jstatd jdk.localedata jdk.management.jfr jdk.naming.dns jdk.naming.rmi jdk.net jdk.nio.mapmode jdk.random jdk.sctp jdk.security.auth jdk.security.jgss jdk.unsupported jdk.unsupported.desktop jdk.xml.dom" 

Environment Variables:
PATH=C:\Users\marce\AppData\Local\Programs\Microsoft VS Code;C:\oracleXE\dbhomeXE\bin;C:\Program Files\Common Files\Oracle\Java\javapath;C:\Program Files (x86)\Common Files\Oracle\Java\java8path;C:\Program Files (x86)\Common Files\Oracle\Java\javapath;C:\WINDOWS\system32;C:\WINDOWS;C:\WINDOWS\System32\Wbem;C:\WINDOWS\System32\WindowsPowerShell\v1.0\;C:\WINDOWS\System32\OpenSSH\;C:\Program Files\Git\cmd;C:\Program Files (x86)\Microsoft SQL Server\170\Tools\Binn\;C:\Program Files\Microsoft SQL Server\170\Tools\Binn\;C:\Program Files\Microsoft SQL Server\Client SDK\ODBC\180\Tools\Binn\;C:\Program Files\Microsoft SQL Server\170\DTS\Binn\;C:\Program Files\Docker\Docker\resources\bin;C:\Users\marce\AppData\Local\Microsoft\WindowsApps;C:\Users\marce\AppData\Local\Programs\IntelliJ IDEA 2025.2.2\bin;C:\Users\marce\AppData\Local\Programs\Microsoft VS Code\bin
USERNAME=marce
OS=Windows_NT
PROCESSOR_IDENTIFIER=Intel64 Family 6 Model 154 Stepping 3, GenuineIntel
TMP=C:\Users\marce\AppData\Local\Temp
TEMP=C:\Users\marce\AppData\Local\Temp




Periodic native trim disabled

---------------  S Y S T E M  ---------------

OS:
 Windows 11 , 64 bit Build 26100 (10.0.26100.8328)
OS uptime: 5 days 7:22 hours
Hyper-V role detected

CPU: total 16 (initial active 16) (8 cores per cpu, 2 threads per core) family 6 model 154 stepping 3 microcode 0x434, cx8, cmov, fxsr, ht, mmx, 3dnowpref, sse, sse2, sse3, ssse3, sse4.1, sse4.2, popcnt, lzcnt, tsc, tscinvbit, avx, avx2, aes, erms, clmul, bmi1, bmi2, adx, sha, fma, vzeroupper, clflush, clflushopt, clwb, hv, serialize, rdtscp, rdpid, fsrm, f16c, cet_ibt, cet_ss
Processor Information for processor 0
  Max Mhz: 2500, Current Mhz: 2500, Mhz Limit: 2500
Processor Information for processor 1
  Max Mhz: 2500, Current Mhz: 2500, Mhz Limit: 2500
Processor Information for processor 2
  Max Mhz: 2500, Current Mhz: 2500, Mhz Limit: 2500
Processor Information for processor 3
  Max Mhz: 2500, Current Mhz: 2500, Mhz Limit: 2500
Processor Information for processor 4
  Max Mhz: 2500, Current Mhz: 2500, Mhz Limit: 2500
Processor Information for processor 5
  Max Mhz: 2500, Current Mhz: 2500, Mhz Limit: 2500
Processor Information for processor 6
  Max Mhz: 2500, Current Mhz: 2500, Mhz Limit: 2500
Processor Information for processor 7
  Max Mhz: 2500, Current Mhz: 2500, Mhz Limit: 2500
Processor Information for processor 8
  Max Mhz: 2500, Current Mhz: 2500, Mhz Limit: 2500
Processor Information for processor 9
  Max Mhz: 2500, Current Mhz: 2500, Mhz Limit: 2500
Processor Information for processor 10
  Max Mhz: 2500, Current Mhz: 2500, Mhz Limit: 2500
Processor Information for processor 11
  Max Mhz: 2500, Current Mhz: 1527, Mhz Limit: 2500
Processor Information for processor 12
  Max Mhz: 2500, Current Mhz: 1527, Mhz Limit: 2500
Processor Information for processor 13
  Max Mhz: 2500, Current Mhz: 2500, Mhz Limit: 2500
Processor Information for processor 14
  Max Mhz: 2500, Current Mhz: 2500, Mhz Limit: 2500
Processor Information for processor 15
  Max Mhz: 2500, Current Mhz: 2500, Mhz Limit: 2500

Memory: 4k page, system-wide physical 7811M (755M free)
TotalPageFile size 31363M (AvailPageFile size 145M)
current process WorkingSet (physical memory assigned to process): 183M, peak: 502M
current process commit charge ("private bytes"): 780M, peak: 806M

vm_info: OpenJDK 64-Bit Server VM (21.0.10+7-LTS) for windows-amd64 JRE (21.0.10+7-LTS), built on 2026-01-20T00:00:00Z by "admin" with MS VC++ 17.12 (VS2022)

END.
