#
# There is insufficient memory for the Java Runtime Environment to continue.
# Native memory allocation (malloc) failed to allocate 1621152 bytes. Error detail: Chunk::new
# Possible reasons:
#   The system is out of physical RAM or swap space
#   This process is running with CompressedOops enabled, and the Java Heap may be blocking the growth of the native heap
# Possible solutions:
#   Reduce memory load on the system
#   Increase physical memory or swap space
#   Check if swap backing store is full
#   Decrease Java heap size (-Xmx/-Xms)
#   Decrease number of Java threads
#   Decrease Java thread stack sizes (-Xss)
#   Set larger code cache with -XX:ReservedCodeCacheSize=
#   JVM is running with Unscaled Compressed Oops mode in which the Java heap is
#     placed in the first 4GB address space. The Java Heap base address is the
#     maximum limit for the native heap growth. Please use -XX:HeapBaseMinAddress
#     to set the Java Heap base and to place the Java Heap above 4GB virtual address.
# This output file may be truncated or incomplete.
#
#  Out of Memory Error (arena.cpp:168), pid=7652, tid=20708
#
# JRE version: OpenJDK Runtime Environment Temurin-21.0.10+7 (21.0.10+7) (build 21.0.10+7-LTS)
# Java VM: OpenJDK 64-Bit Server VM Temurin-21.0.10+7 (21.0.10+7-LTS, mixed mode, sharing, tiered, compressed oops, compressed class ptrs, parallel gc, windows-amd64)
# No core dump will be written. Minidumps are not enabled by default on client versions of Windows
#

---------------  S U M M A R Y ------------

Command Line: --add-modules=ALL-SYSTEM --add-opens=java.base/java.util=ALL-UNNAMED --add-opens=java.base/java.lang=ALL-UNNAMED --add-opens=java.base/sun.nio.fs=ALL-UNNAMED -Declipse.application=org.eclipse.jdt.ls.core.id1 -Dosgi.bundles.defaultStartLevel=4 -Declipse.product=org.eclipse.jdt.ls.core.product -Djava.import.generatesMetadataFilesAtProjectRoot=false -DDetectVMInstallationsJob.disabled=true -Dfile.encoding=utf8 -XX:+UseParallelGC -XX:GCTimeRatio=4 -XX:AdaptiveSizePolicyWeight=90 -Dsun.zip.disableMemoryMapping=true -Xmx2G -Xms100m -Xlog:disable -javaagent:c:\Users\marce\.vscode\extensions\redhat.java-1.54.0-win32-x64\lombok\lombok-1.18.39-4050.jar -XX:+HeapDumpOnOutOfMemoryError -XX:HeapDumpPath=c:\Users\marce\AppData\Roaming\Code\User\workspaceStorage\f693a7e2ddc1c21ef60c32541dd000ca\redhat.java -Daether.dependencyCollector.impl=bf c:\Users\marce\.vscode\extensions\redhat.java-1.54.0-win32-x64\server\plugins\org.eclipse.equinox.launcher_1.7.100.v20251111-0406.jar -configuration c:\Users\marce\AppData\Roaming\Code\User\globalStorage\redhat.java\1.54.0\config_win -data c:\Users\marce\AppData\Roaming\Code\User\workspaceStorage\f693a7e2ddc1c21ef60c32541dd000ca\redhat.java\jdt_ws --pipe=\\.\pipe\lsp-d0e1670bd5b9861cb64b52209f9fc466-sock

Host: 12th Gen Intel(R) Core(TM) i5-12500H, 16 cores, 7G,  Windows 11 , 64 bit Build 26100 (10.0.26100.8328)
Time: Wed May 20 21:10:48 2026 Pacific SA Standard Time elapsed time: 9.321484 seconds (0d 0h 0m 9s)

---------------  T H R E A D  ---------------

Current thread (0x0000017bef5f25c0):  JavaThread "C2 CompilerThread1" daemon [_thread_in_native, id=20708, stack(0x0000007406200000,0x0000007406300000) (1024K)]


Current CompileTask:
C2:9321 8571 %     4       org.lombokweb.asm.ClassReader::readCode @ 92 (5117 bytes)

Stack: [0x0000007406200000,0x0000007406300000]
Native frames: (J=compiled Java code, j=interpreted, Vv=VM code, C=native code)
V  [jvm.dll+0x6d7a39]
V  [jvm.dll+0x8b4b26]
V  [jvm.dll+0x8b70de]
V  [jvm.dll+0x8b77c3]
V  [jvm.dll+0x284346]
V  [jvm.dll+0xc66ed]
V  [jvm.dll+0xc6c31]
V  [jvm.dll+0x3bec3b]
V  [jvm.dll+0x1e3d62]
V  [jvm.dll+0x24c6b3]
V  [jvm.dll+0x24bb40]
V  [jvm.dll+0x1cb34e]
V  [jvm.dll+0x25b85d]
V  [jvm.dll+0x259dea]
V  [jvm.dll+0x3f857e]
V  [jvm.dll+0x85f59d]
V  [jvm.dll+0x6d626d]
C  [ucrtbase.dll+0x37b0]
C  [KERNEL32.DLL+0x2e957]
C  [ntdll.dll+0x427c]


---------------  P R O C E S S  ---------------

Threads class SMR info:
_java_thread_list=0x0000017bf7819b50, length=97, elements={
0x0000017bd526b390, 0x0000017bd77f03d0, 0x0000017bd77f2490, 0x0000017bd77f4b10,
0x0000017bd77f77b0, 0x0000017bd77fce10, 0x0000017bd77fedd0, 0x0000017bd7807be0,
0x0000017bd780cc00, 0x0000017bef7700d0, 0x0000017bf5015c00, 0x0000017bf5823350,
0x0000017bf5916320, 0x0000017bf5b01fb0, 0x0000017bf5b04ae0, 0x0000017bf590c250,
0x0000017bf5e94230, 0x0000017bf600c9e0, 0x0000017bf59088f0, 0x0000017bef5b5ae0,
0x0000017bf5908f80, 0x0000017bf5909610, 0x0000017bf6cc45b0, 0x0000017bf590a330,
0x0000017bf5908260, 0x0000017bf5909ca0, 0x0000017bf590a9c0, 0x0000017bf590b050,
0x0000017bf66cb0c0, 0x0000017bf66cdeb0, 0x0000017bf66cb750, 0x0000017bf66cd820,
0x0000017bf66cbde0, 0x0000017bf66cc470, 0x0000017bf66ccb00, 0x0000017bf66caa30,
0x0000017bf66d0610, 0x0000017bf66cd190, 0x0000017bf66cebd0, 0x0000017bf66ce540,
0x0000017bf66d0ca0, 0x0000017bf66d1330, 0x0000017bf66cf260, 0x0000017bf66d19c0,
0x0000017bef5f25c0, 0x0000017bf66cf8f0, 0x0000017bf66d2050, 0x0000017bf5b21f50,
0x0000017bf56719c0, 0x0000017bf5670610, 0x0000017bf566f8f0, 0x0000017bf566ff80,
0x0000017bf5670ca0, 0x0000017bf5672050, 0x0000017bf5671330, 0x0000017bf566f260,
0x0000017bf56754d0, 0x0000017bf5673a90, 0x0000017bf5675b60, 0x0000017bf56726e0,
0x0000017bf56761f0, 0x0000017bf5674120, 0x0000017bf5672d70, 0x0000017bf5673400,
0x0000017bf56747b0, 0x0000017bf5676880, 0x0000017bf5674e40, 0x0000017bf6dbf880,
0x0000017bf6dbff10, 0x0000017bf6dc0c30, 0x0000017bf6dbeb60, 0x0000017bf6dbf1f0,
0x0000017bf6dc12c0, 0x0000017bf6dc3a20, 0x0000017bf6dc05a0, 0x0000017bf6dc4dd0,
0x0000017bf6dc1950, 0x0000017bf6dc40b0, 0x0000017bf6dc4740, 0x0000017bf6dc5460,
0x0000017bf6dc2670, 0x0000017bf6dc1fe0, 0x0000017bf6dc6180, 0x0000017bf6dc5af0,
0x0000017bf6dc2d00, 0x0000017bf6dc3390, 0x0000017bf817e4d0, 0x0000017bf817f880,
0x0000017bf817ff10, 0x0000017bf8180c30, 0x0000017bf817f1f0, 0x0000017bf81812c0,
0x0000017bf817eb60, 0x0000017bf8182670, 0x0000017bf8184740, 0x0000017bf8182d00,
0x0000017bf8183390
}

Java Threads: ( => current thread )
  0x0000017bd526b390 JavaThread "main"                              [_thread_blocked, id=22480, stack(0x0000007402400000,0x0000007402500000) (1024K)]
  0x0000017bd77f03d0 JavaThread "Reference Handler"          daemon [_thread_blocked, id=10376, stack(0x0000007402800000,0x0000007402900000) (1024K)]
  0x0000017bd77f2490 JavaThread "Finalizer"                  daemon [_thread_blocked, id=21672, stack(0x0000007402900000,0x0000007402a00000) (1024K)]
  0x0000017bd77f4b10 JavaThread "Signal Dispatcher"          daemon [_thread_blocked, id=16032, stack(0x0000007402a00000,0x0000007402b00000) (1024K)]
  0x0000017bd77f77b0 JavaThread "Attach Listener"            daemon [_thread_blocked, id=16552, stack(0x0000007402b00000,0x0000007402c00000) (1024K)]
  0x0000017bd77fce10 JavaThread "Service Thread"             daemon [_thread_blocked, id=27324, stack(0x0000007402c00000,0x0000007402d00000) (1024K)]
  0x0000017bd77fedd0 JavaThread "Monitor Deflation Thread"   daemon [_thread_blocked, id=10808, stack(0x0000007402d00000,0x0000007402e00000) (1024K)]
  0x0000017bd7807be0 JavaThread "C2 CompilerThread0"         daemon [_thread_in_native, id=23288, stack(0x0000007402e00000,0x0000007402f00000) (1024K)]
  0x0000017bd780cc00 JavaThread "C1 CompilerThread0"         daemon [_thread_blocked, id=25460, stack(0x0000007402f00000,0x0000007403000000) (1024K)]
  0x0000017bef7700d0 JavaThread "Common-Cleaner"             daemon [_thread_blocked, id=7960, stack(0x0000007403400000,0x0000007403500000) (1024K)]
  0x0000017bf5015c00 JavaThread "Notification Thread"        daemon [_thread_blocked, id=24860, stack(0x0000007403600000,0x0000007403700000) (1024K)]
  0x0000017bf5823350 JavaThread "Active Thread: Equinox Container: 04c7335a-5d9d-4532-aa59-11359fd79769"        [_thread_blocked, id=1988, stack(0x0000007403d00000,0x0000007403e00000) (1024K)]
  0x0000017bf5916320 JavaThread "Refresh Thread: Equinox Container: 04c7335a-5d9d-4532-aa59-11359fd79769" daemon [_thread_blocked, id=7436, stack(0x0000007403f00000,0x0000007404000000) (1024K)]
  0x0000017bf5b01fb0 JavaThread "Framework Event Dispatcher: Equinox Container: 04c7335a-5d9d-4532-aa59-11359fd79769" daemon [_thread_blocked, id=24448, stack(0x0000007404000000,0x0000007404100000) (1024K)]
  0x0000017bf5b04ae0 JavaThread "Start Level: Equinox Container: 04c7335a-5d9d-4532-aa59-11359fd79769" daemon [_thread_blocked, id=25220, stack(0x0000007404100000,0x0000007404200000) (1024K)]
  0x0000017bf590c250 JavaThread "Bundle File Closer"         daemon [_thread_blocked, id=33156, stack(0x0000007404500000,0x0000007404600000) (1024K)]
  0x0000017bf5e94230 JavaThread "SCR Component Actor"        daemon [_thread_blocked, id=36784, stack(0x0000007403100000,0x0000007403200000) (1024K)]
  0x0000017bf600c9e0 JavaThread "Worker-JM"                         [_thread_blocked, id=22556, stack(0x0000007403300000,0x0000007403400000) (1024K)]
  0x0000017bf59088f0 JavaThread "JNA Cleaner"                daemon [_thread_blocked, id=22568, stack(0x0000007403000000,0x0000007403100000) (1024K)]
  0x0000017bef5b5ae0 JavaThread "C1 CompilerThread1"         daemon [_thread_blocked, id=28460, stack(0x0000007403200000,0x0000007403300000) (1024K)]
  0x0000017bf5908f80 JavaThread "Worker-0: Building"                [_thread_blocked, id=13476, stack(0x0000007404700000,0x0000007404800000) (1024K)]
  0x0000017bf5909610 JavaThread "Worker-1"                          [_thread_blocked, id=34372, stack(0x0000007404800000,0x0000007404900000) (1024K)]
  0x0000017bf6cc45b0 JavaThread "C1 CompilerThread2"         daemon [_thread_in_native, id=32744, stack(0x0000007404900000,0x0000007404a00000) (1024K)]
  0x0000017bf590a330 JavaThread "Worker-2"                          [_thread_blocked, id=18488, stack(0x0000007404a00000,0x0000007404b00000) (1024K)]
  0x0000017bf5908260 JavaThread "Java indexing"              daemon [_thread_blocked, id=25384, stack(0x0000007404b00000,0x0000007404c00000) (1024K)]
  0x0000017bf5909ca0 JavaThread "Worker-3"                          [_thread_blocked, id=31900, stack(0x0000007404c00000,0x0000007404d00000) (1024K)]
  0x0000017bf590a9c0 JavaThread "Thread-1"                   daemon [_thread_in_native, id=21620, stack(0x0000007405000000,0x0000007405100000) (1024K)]
  0x0000017bf590b050 JavaThread "Thread-2"                   daemon [_thread_in_native, id=15204, stack(0x0000007405100000,0x0000007405200000) (1024K)]
  0x0000017bf66cb0c0 JavaThread "Thread-3"                   daemon [_thread_in_native, id=35060, stack(0x0000007405200000,0x0000007405300000) (1024K)]
  0x0000017bf66cdeb0 JavaThread "Thread-4"                   daemon [_thread_in_native, id=24392, stack(0x0000007405300000,0x0000007405400000) (1024K)]
  0x0000017bf66cb750 JavaThread "Thread-5"                   daemon [_thread_in_native, id=2708, stack(0x0000007405400000,0x0000007405500000) (1024K)]
  0x0000017bf66cd820 JavaThread "Thread-6"                   daemon [_thread_in_native, id=22820, stack(0x0000007405500000,0x0000007405600000) (1024K)]
  0x0000017bf66cbde0 JavaThread "Thread-7"                   daemon [_thread_in_native, id=36356, stack(0x0000007405600000,0x0000007405700000) (1024K)]
  0x0000017bf66cc470 JavaThread "Thread-8"                   daemon [_thread_in_native, id=34096, stack(0x0000007405700000,0x0000007405800000) (1024K)]
  0x0000017bf66ccb00 JavaThread "Thread-9"                   daemon [_thread_in_native, id=25176, stack(0x0000007405800000,0x0000007405900000) (1024K)]
  0x0000017bf66caa30 JavaThread "Thread-10"                  daemon [_thread_in_native, id=9228, stack(0x0000007405900000,0x0000007405a00000) (1024K)]
  0x0000017bf66d0610 JavaThread "Thread-11"                  daemon [_thread_in_native, id=33060, stack(0x0000007405a00000,0x0000007405b00000) (1024K)]
  0x0000017bf66cd190 JavaThread "Thread-12"                  daemon [_thread_in_native, id=23328, stack(0x0000007405b00000,0x0000007405c00000) (1024K)]
  0x0000017bf66cebd0 JavaThread "Thread-13"                  daemon [_thread_in_native, id=33848, stack(0x0000007405c00000,0x0000007405d00000) (1024K)]
  0x0000017bf66ce540 JavaThread "Thread-14"                  daemon [_thread_in_native, id=34844, stack(0x0000007405d00000,0x0000007405e00000) (1024K)]
  0x0000017bf66d0ca0 JavaThread "Thread-15"                  daemon [_thread_in_native, id=7384, stack(0x0000007405e00000,0x0000007405f00000) (1024K)]
  0x0000017bf66d1330 JavaThread "Thread-16"                  daemon [_thread_in_native, id=34532, stack(0x0000007405f00000,0x0000007406000000) (1024K)]
  0x0000017bf66cf260 JavaThread "Thread-17"                  daemon [_thread_in_native, id=2516, stack(0x0000007406000000,0x0000007406100000) (1024K)]
  0x0000017bf66d19c0 JavaThread "pool-2-thread-1"                   [_thread_blocked, id=33780, stack(0x0000007406100000,0x0000007406200000) (1024K)]
=>0x0000017bef5f25c0 JavaThread "C2 CompilerThread1"         daemon [_thread_in_native, id=20708, stack(0x0000007406200000,0x0000007406300000) (1024K)]
  0x0000017bf66cf8f0 JavaThread "WorkspaceEventsHandler"            [_thread_blocked, id=28132, stack(0x0000007406300000,0x0000007406400000) (1024K)]
  0x0000017bf66d2050 JavaThread "pool-1-thread-1"                   [_thread_blocked, id=32148, stack(0x0000007406400000,0x0000007406500000) (1024K)]
  0x0000017bf5b21f50 JavaThread "C1 CompilerThread3"         daemon [_thread_blocked, id=31896, stack(0x0000007406500000,0x0000007406600000) (1024K)]
  0x0000017bf56719c0 JavaThread "ForkJoinPool.commonPool-worker-1" daemon [_thread_blocked, id=13800, stack(0x0000007406600000,0x0000007406700000) (1024K)]
  0x0000017bf5670610 JavaThread "ForkJoinPool.commonPool-worker-2" daemon [_thread_blocked, id=8472, stack(0x0000007406700000,0x0000007406800000) (1024K)]
  0x0000017bf566f8f0 JavaThread "ForkJoinPool.commonPool-worker-3" daemon [_thread_blocked, id=36052, stack(0x0000007406800000,0x0000007406900000) (1024K)]
  0x0000017bf566ff80 JavaThread "ForkJoinPool.commonPool-worker-4" daemon [_thread_blocked, id=36832, stack(0x0000007406900000,0x0000007406a00000) (1024K)]
  0x0000017bf5670ca0 JavaThread "ForkJoinPool.commonPool-worker-5" daemon [_thread_blocked, id=25712, stack(0x0000007406a00000,0x0000007406b00000) (1024K)]
  0x0000017bf5672050 JavaThread "ForkJoinPool.commonPool-worker-6" daemon [_thread_blocked, id=32740, stack(0x0000007406b00000,0x0000007406c00000) (1024K)]
  0x0000017bf5671330 JavaThread "ForkJoinPool.commonPool-worker-7" daemon [_thread_blocked, id=26784, stack(0x0000007406c00000,0x0000007406d00000) (1024K)]
  0x0000017bf566f260 JavaThread "ForkJoinPool.commonPool-worker-8" daemon [_thread_blocked, id=26304, stack(0x0000007406d00000,0x0000007406e00000) (1024K)]
  0x0000017bf56754d0 JavaThread "ForkJoinPool.commonPool-worker-9" daemon [_thread_blocked, id=14900, stack(0x0000007406e00000,0x0000007406f00000) (1024K)]
  0x0000017bf5673a90 JavaThread "ForkJoinPool.commonPool-worker-10" daemon [_thread_blocked, id=25952, stack(0x0000007406f00000,0x0000007407000000) (1024K)]
  0x0000017bf5675b60 JavaThread "ForkJoinPool.commonPool-worker-11" daemon [_thread_blocked, id=26488, stack(0x0000007407000000,0x0000007407100000) (1024K)]
  0x0000017bf56726e0 JavaThread "ForkJoinPool.commonPool-worker-12" daemon [_thread_blocked, id=36760, stack(0x0000007407100000,0x0000007407200000) (1024K)]
  0x0000017bf56761f0 JavaThread "ForkJoinPool.commonPool-worker-13" daemon [_thread_blocked, id=16576, stack(0x0000007407200000,0x0000007407300000) (1024K)]
  0x0000017bf5674120 JavaThread "ForkJoinPool.commonPool-worker-14" daemon [_thread_blocked, id=9904, stack(0x0000007407300000,0x0000007407400000) (1024K)]
  0x0000017bf5672d70 JavaThread "ForkJoinPool.commonPool-worker-15" daemon [_thread_blocked, id=28188, stack(0x0000007407400000,0x0000007407500000) (1024K)]
  0x0000017bf5673400 JavaThread "LocalFile Deleter"          daemon [_thread_blocked, id=13960, stack(0x0000007407500000,0x0000007407600000) (1024K)]
  0x0000017bf56747b0 JavaThread "LocalFile Deleter"          daemon [_thread_blocked, id=19780, stack(0x0000007407600000,0x0000007407700000) (1024K)]
  0x0000017bf5676880 JavaThread "LocalFile Deleter"          daemon [_thread_blocked, id=22860, stack(0x0000007407700000,0x0000007407800000) (1024K)]
  0x0000017bf5674e40 JavaThread "LocalFile Deleter"          daemon [_thread_blocked, id=16512, stack(0x0000007407800000,0x0000007407900000) (1024K)]
  0x0000017bf6dbf880 JavaThread "LocalFile Deleter"          daemon [_thread_blocked, id=26724, stack(0x0000007407900000,0x0000007407a00000) (1024K)]
  0x0000017bf6dbff10 JavaThread "LocalFile Deleter"          daemon [_thread_blocked, id=26028, stack(0x0000007407a00000,0x0000007407b00000) (1024K)]
  0x0000017bf6dc0c30 JavaThread "LocalFile Deleter"          daemon [_thread_blocked, id=3944, stack(0x0000007407b00000,0x0000007407c00000) (1024K)]
  0x0000017bf6dbeb60 JavaThread "LocalFile Deleter"          daemon [_thread_blocked, id=28036, stack(0x0000007407c00000,0x0000007407d00000) (1024K)]
  0x0000017bf6dbf1f0 JavaThread "LocalFile Deleter"          daemon [_thread_blocked, id=7560, stack(0x0000007407d00000,0x0000007407e00000) (1024K)]
  0x0000017bf6dc12c0 JavaThread "LocalFile Deleter"          daemon [_thread_blocked, id=32888, stack(0x0000007407e00000,0x0000007407f00000) (1024K)]
  0x0000017bf6dc3a20 JavaThread "LocalFile Deleter"          daemon [_thread_blocked, id=7592, stack(0x0000007407f00000,0x0000007408000000) (1024K)]
  0x0000017bf6dc05a0 JavaThread "LocalFile Deleter"          daemon [_thread_blocked, id=24276, stack(0x0000007408000000,0x0000007408100000) (1024K)]
  0x0000017bf6dc4dd0 JavaThread "LocalFile Deleter"          daemon [_thread_blocked, id=8228, stack(0x0000007408100000,0x0000007408200000) (1024K)]
  0x0000017bf6dc1950 JavaThread "LocalFile Deleter"          daemon [_thread_blocked, id=31652, stack(0x0000007408200000,0x0000007408300000) (1024K)]
  0x0000017bf6dc40b0 JavaThread "LocalFile Deleter"          daemon [_thread_blocked, id=11356, stack(0x0000007408300000,0x0000007408400000) (1024K)]
  0x0000017bf6dc4740 JavaThread "LocalFile Deleter"          daemon [_thread_blocked, id=8164, stack(0x0000007408400000,0x0000007408500000) (1024K)]
  0x0000017bf6dc5460 JavaThread "Compiler Source File Reader" daemon [_thread_blocked, id=7700, stack(0x0000007408500000,0x0000007408600000) (1024K)]
  0x0000017bf6dc2670 JavaThread "Compiler Source File Reader" daemon [_thread_blocked, id=16296, stack(0x0000007408600000,0x0000007408700000) (1024K)]
  0x0000017bf6dc1fe0 JavaThread "Compiler Source File Reader" daemon [_thread_blocked, id=13588, stack(0x0000007408700000,0x0000007408800000) (1024K)]
  0x0000017bf6dc6180 JavaThread "Compiler Source File Reader" daemon [_thread_blocked, id=13064, stack(0x0000007408800000,0x0000007408900000) (1024K)]
  0x0000017bf6dc5af0 JavaThread "Compiler Source File Reader" daemon [_thread_blocked, id=10248, stack(0x0000007408900000,0x0000007408a00000) (1024K)]
  0x0000017bf6dc2d00 JavaThread "Compiler Source File Reader" daemon [_thread_blocked, id=8136, stack(0x0000007408a00000,0x0000007408b00000) (1024K)]
  0x0000017bf6dc3390 JavaThread "Compiler Source File Reader" daemon [_thread_blocked, id=31832, stack(0x0000007408b00000,0x0000007408c00000) (1024K)]
  0x0000017bf817e4d0 JavaThread "Compiler Source File Reader" daemon [_thread_blocked, id=7736, stack(0x0000007408c00000,0x0000007408d00000) (1024K)]
  0x0000017bf817f880 JavaThread "Compiler Source File Reader" daemon [_thread_blocked, id=4328, stack(0x0000007408d00000,0x0000007408e00000) (1024K)]
  0x0000017bf817ff10 JavaThread "Compiler Processing Task"   daemon [_thread_in_vm, id=24268, stack(0x0000007408e00000,0x0000007408f00000) (1024K)]
  0x0000017bf8180c30 JavaThread "Compiler Class File Writer" daemon [_thread_blocked, id=36524, stack(0x0000007408f00000,0x0000007409000000) (1024K)]
  0x0000017bf817f1f0 JavaThread "Compiler Class File Writer" daemon [_thread_blocked, id=12816, stack(0x0000007409000000,0x0000007409100000) (1024K)]
  0x0000017bf81812c0 JavaThread "Compiler Class File Writer" daemon [_thread_blocked, id=32984, stack(0x0000007409100000,0x0000007409200000) (1024K)]
  0x0000017bf817eb60 JavaThread "Compiler Class File Writer" daemon [_thread_blocked, id=18852, stack(0x0000007409200000,0x0000007409300000) (1024K)]
  0x0000017bf8182670 JavaThread "Compiler Class File Writer" daemon [_thread_blocked, id=35492, stack(0x0000007409300000,0x0000007409400000) (1024K)]
  0x0000017bf8184740 JavaThread "Compiler Class File Writer" daemon [_thread_blocked, id=35372, stack(0x0000007409400000,0x0000007409500000) (1024K)]
  0x0000017bf8182d00 JavaThread "Compiler Class File Writer" daemon [_thread_blocked, id=24684, stack(0x0000007409500000,0x0000007409600000) (1024K)]
  0x0000017bf8183390 JavaThread "Compiler Class File Writer" daemon [_thread_blocked, id=10780, stack(0x0000007409600000,0x0000007409700000) (1024K)]
Total: 97

Other Threads:
  0x0000017bd76e4910 VMThread "VM Thread"                           [id=29288, stack(0x0000007402700000,0x0000007402800000) (1024K)]
  0x0000017bd75dba00 WatcherThread "VM Periodic Task Thread"        [id=23916, stack(0x0000007402600000,0x0000007402700000) (1024K)]
  0x0000017bd776d2a0 WorkerThread "GC Thread#0"                     [id=14988, stack(0x0000007402500000,0x0000007402600000) (1024K)]
  0x0000017bf50736c0 WorkerThread "GC Thread#1"                     [id=27972, stack(0x0000007403700000,0x0000007403800000) (1024K)]
  0x0000017bf5074680 WorkerThread "GC Thread#2"                     [id=8444, stack(0x0000007403800000,0x0000007403900000) (1024K)]
  0x0000017bf52d6400 WorkerThread "GC Thread#3"                     [id=25072, stack(0x0000007403900000,0x0000007403a00000) (1024K)]
  0x0000017bf52d67b0 WorkerThread "GC Thread#4"                     [id=36736, stack(0x0000007403a00000,0x0000007403b00000) (1024K)]
  0x0000017bf52d6b60 WorkerThread "GC Thread#5"                     [id=23116, stack(0x0000007403b00000,0x0000007403c00000) (1024K)]
  0x0000017bf52d7720 WorkerThread "GC Thread#6"                     [id=35828, stack(0x0000007403c00000,0x0000007403d00000) (1024K)]
  0x0000017bf55e70d0 WorkerThread "GC Thread#7"                     [id=1472, stack(0x0000007403e00000,0x0000007403f00000) (1024K)]
  0x0000017bf55e65c0 WorkerThread "GC Thread#8"                     [id=31968, stack(0x0000007404200000,0x0000007404300000) (1024K)]
  0x0000017bf55e6970 WorkerThread "GC Thread#9"                     [id=33608, stack(0x0000007404300000,0x0000007404400000) (1024K)]
  0x0000017bf5bfadc0 WorkerThread "GC Thread#10"                    [id=21644, stack(0x0000007404400000,0x0000007404500000) (1024K)]
  0x0000017bf5bf97a0 WorkerThread "GC Thread#11"                    [id=24112, stack(0x0000007403500000,0x0000007403600000) (1024K)]
  0x0000017bf5bf8180 WorkerThread "GC Thread#12"                    [id=32284, stack(0x0000007404600000,0x0000007404700000) (1024K)]
Total: 15

Threads with active compile tasks:
C2 CompilerThread0  10366 8395       4       org.eclipse.jdt.internal.compiler.lookup.BinaryTypeBinding::createMethod (1666 bytes)
C2 CompilerThread1  10366 8571 %     4       org.lombokweb.asm.ClassReader::readCode @ 92 (5117 bytes)
Total: 2

VM state: not at safepoint (normal execution)

VM Mutex/Monitor currently owned by a thread: None

Heap address: 0x0000000080000000, size: 2048 MB, Compressed Oops mode: 32-bit

CDS archive(s) mapped at: [0x0000017b80000000-0x0000017b80ba0000-0x0000017b80ba0000), size 12189696, SharedBaseAddress: 0x0000017b80000000, ArchiveRelocationMode: 1.
Compressed class space mapped at: 0x0000017b81000000-0x0000017bc1000000, reserved size: 1073741824
Narrow klass base: 0x0000017b80000000, Narrow klass shift: 0, Narrow klass range: 0x100000000

GC Precious Log:
 CardTable entry size: 512
 CPUs: 16 total, 16 available
 Memory: 7811M
 Large Page Support: Disabled
 NUMA Support: Disabled
 Compressed Oops: Enabled (32-bit)
 Alignments: Space 512K, Generation 512K, Heap 2M
 Heap Min Capacity: 100M
 Heap Initial Capacity: 100M
 Heap Max Capacity: 2G
 Pre-touch: Disabled
 Parallel Workers: 13

Heap:
 PSYoungGen      total 16896K, used 10622K [0x00000000d5580000, 0x00000000d6980000, 0x0000000100000000)
  eden space 16384K, 62% used [0x00000000d5580000,0x00000000d5f8faf8,0x00000000d6580000)
  from space 512K, 62% used [0x00000000d6900000,0x00000000d6950000,0x00000000d6980000)
  to   space 1024K, 0% used [0x00000000d6780000,0x00000000d6780000,0x00000000d6880000)
 ParOldGen       total 68608K, used 59846K [0x0000000080000000, 0x0000000084300000, 0x00000000d5580000)
  object space 68608K, 87% used [0x0000000080000000,0x0000000083a71938,0x0000000084300000)
 Metaspace       used 57857K, committed 59200K, reserved 1114112K
  class space    used 6198K, committed 6784K, reserved 1048576K

Card table byte_map: [0x0000017bd70f0000,0x0000017bd7500000] _byte_map_base: 0x0000017bd6cf0000

Marking Bits: (ParMarkBitMap*) 0x00007ffd9cd33450
 Begin Bits: [0x0000017be9c00000, 0x0000017bebc00000)
 End Bits:   [0x0000017bebc00000, 0x0000017bedc00000)

Polling page: 0x0000017bd55a0000

Metaspace:

Usage:
  Non-class:     50.45 MB used.
      Class:      6.05 MB used.
       Both:     56.50 MB used.

Virtual space:
  Non-class space:       64.00 MB reserved,      51.19 MB ( 80%) committed,  1 nodes.
      Class space:        1.00 GB reserved,       6.62 MB ( <1%) committed,  1 nodes.
             Both:        1.06 GB reserved,      57.81 MB (  5%) committed. 

Chunk freelists:
   Non-Class:  12.30 MB
       Class:  9.22 MB
        Both:  21.52 MB

MaxMetaspaceSize: unlimited
CompressedClassSpaceSize: 1.00 GB
Initial GC threshold: 21.00 MB
Current GC threshold: 58.38 MB
CDS: on
 - commit_granule_bytes: 65536.
 - commit_granule_words: 8192.
 - virtual_space_node_default_size: 8388608.
 - enlarge_chunks_in_place: 1.
 - use_allocation_guard: 0.


Internal statistics:

num_allocs_failed_limit: 6.
num_arena_births: 1118.
num_arena_deaths: 14.
num_vsnodes_births: 2.
num_vsnodes_deaths: 0.
num_space_committed: 925.
num_space_uncommitted: 0.
num_chunks_returned_to_freelist: 20.
num_chunks_taken_from_freelist: 3745.
num_chunk_merges: 12.
num_chunk_splits: 2321.
num_chunks_enlarged: 1353.
num_inconsistent_stats: 0.

CodeHeap 'non-profiled nmethods': size=119168Kb used=4194Kb max_used=4194Kb free=114973Kb
 bounds [0x0000017be24f0000, 0x0000017be2910000, 0x0000017be9950000]
CodeHeap 'profiled nmethods': size=119104Kb used=18408Kb max_used=18408Kb free=100695Kb
 bounds [0x0000017bda950000, 0x0000017bdbb50000, 0x0000017be1da0000]
CodeHeap 'non-nmethods': size=7488Kb used=3092Kb max_used=3139Kb free=4395Kb
 bounds [0x0000017be1da0000, 0x0000017be2120000, 0x0000017be24f0000]
CodeCache: size=245760Kb, used=25694Kb, max_used=25741Kb, free=220063Kb
 total_blobs=8965, nmethods=8251, adapters=617, full_count=0
Compilation: enabled, stopped_count=0, restarted_count=0

Compilation events (20 events):
Event: 8.301 Thread 0x0000017bf5b21f50 nmethod 8797 0x0000017bdbb0b410 code [0x0000017bdbb0b760, 0x0000017bdbb0d048]
Event: 8.302 Thread 0x0000017bf5b21f50 8799       3       org.eclipse.jdt.internal.compiler.lookup.ReferenceBinding::storeAnnotations (97 bytes)
Event: 8.302 Thread 0x0000017bf5b21f50 nmethod 8799 0x0000017bdbb0d510 code [0x0000017bdbb0d760, 0x0000017bdbb0e200]
Event: 8.303 Thread 0x0000017bf5b21f50 8800       3       org.eclipse.jdt.internal.compiler.lookup.LookupEnvironment::getAnalysisAnnotationBit (323 bytes)
Event: 8.303 Thread 0x0000017bd780cc00 8801       3       org.eclipse.jdt.internal.compiler.lookup.TypeSystem::getAnnotationType (71 bytes)
Event: 8.304 Thread 0x0000017bd780cc00 nmethod 8801 0x0000017bdbb0e490 code [0x0000017bdbb0e6a0, 0x0000017bdbb0ee08]
Event: 8.304 Thread 0x0000017bf5b21f50 nmethod 8800 0x0000017bdbb0f090 code [0x0000017bdbb0f500, 0x0000017bdbb11588]
Event: 8.305 Thread 0x0000017bef5b5ae0 nmethod 8793 0x0000017bdbb12190 code [0x0000017bdbb12ba0, 0x0000017bdbb1aad8]
Event: 8.305 Thread 0x0000017bf5b21f50 8802       3       org.eclipse.jdt.internal.compiler.lookup.Scope$Substitutor::substitute (850 bytes)
Event: 8.307 Thread 0x0000017bef5b5ae0 8803       1       org.eclipse.jdt.internal.compiler.lookup.BinaryTypeBinding::unannotated (5 bytes)
Event: 8.307 Thread 0x0000017bef5b5ae0 nmethod 8803 0x0000017be2904f90 code [0x0000017be2905120, 0x0000017be29051e8]
Event: 8.307 Thread 0x0000017bef5b5ae0 8804       3       org.eclipse.jdt.internal.compiler.lookup.TypeBinding::isCompatibleWith (7 bytes)
Event: 8.308 Thread 0x0000017bf5b21f50 nmethod 8802 0x0000017bdbb20610 code [0x0000017bdbb20ee0, 0x0000017bdbb27008]
Event: 8.308 Thread 0x0000017bef5b5ae0 nmethod 8804 0x0000017bdbb28a10 code [0x0000017bdbb28bc0, 0x0000017bdbb28d98]
Event: 8.308 Thread 0x0000017bf5b21f50 8805       3       org.eclipse.jdt.internal.compiler.lookup.ParameterizedMethodBinding::original (8 bytes)
Event: 8.308 Thread 0x0000017bf6cc45b0 8806 %     3       java.util.Arrays::fill @ 5 (21 bytes)
Event: 8.308 Thread 0x0000017bf5b21f50 nmethod 8805 0x0000017bdbb28e90 code [0x0000017bdbb29040, 0x0000017bdbb29218]
Event: 8.308 Thread 0x0000017bf6cc45b0 nmethod 8806% 0x0000017bdbb29310 code [0x0000017bdbb294c0, 0x0000017bdbb29850]
Event: 8.310 Thread 0x0000017bf6cc45b0 8807 %     3       org.eclipse.jdt.internal.compiler.parser.Scanner::checkTaskTag @ 70 (937 bytes)
Event: 9.319 Thread 0x0000017bf6cc45b0 nmethod 8807% 0x0000017bdbb29990 code [0x0000017bdbb29e40, 0x0000017bdbb2d0d8]

GC Heap History (20 events):
Event: 6.555 GC heap before
{Heap before GC invocations=29 (full 2):
 PSYoungGen      total 17408K, used 17408K [0x00000000d5580000, 0x00000000d7000000, 0x0000000100000000)
  eden space 16384K, 100% used [0x00000000d5580000,0x00000000d6580000,0x00000000d6580000)
  from space 1024K, 100% used [0x00000000d6f00000,0x00000000d7000000,0x00000000d7000000)
  to   space 1536K, 0% used [0x00000000d6d00000,0x00000000d6d00000,0x00000000d6e80000)
 ParOldGen       total 68608K, used 47767K [0x0000000080000000, 0x0000000084300000, 0x00000000d5580000)
  object space 68608K, 69% used [0x0000000080000000,0x0000000082ea5f20,0x0000000084300000)
 Metaspace       used 47479K, committed 48768K, reserved 1114112K
  class space    used 5124K, committed 5696K, reserved 1048576K
}
Event: 6.556 GC heap after
{Heap after GC invocations=29 (full 2):
 PSYoungGen      total 17920K, used 1184K [0x00000000d5580000, 0x00000000d6f80000, 0x0000000100000000)
  eden space 16384K, 0% used [0x00000000d5580000,0x00000000d5580000,0x00000000d6580000)
  from space 1536K, 77% used [0x00000000d6d00000,0x00000000d6e28000,0x00000000d6e80000)
  to   space 1024K, 0% used [0x00000000d6e80000,0x00000000d6e80000,0x00000000d6f80000)
 ParOldGen       total 68608K, used 48591K [0x0000000080000000, 0x0000000084300000, 0x00000000d5580000)
  object space 68608K, 70% used [0x0000000080000000,0x0000000082f73c20,0x0000000084300000)
 Metaspace       used 47479K, committed 48768K, reserved 1114112K
  class space    used 5124K, committed 5696K, reserved 1048576K
}
Event: 6.649 GC heap before
{Heap before GC invocations=30 (full 2):
 PSYoungGen      total 17920K, used 17568K [0x00000000d5580000, 0x00000000d6f80000, 0x0000000100000000)
  eden space 16384K, 100% used [0x00000000d5580000,0x00000000d6580000,0x00000000d6580000)
  from space 1536K, 77% used [0x00000000d6d00000,0x00000000d6e28000,0x00000000d6e80000)
  to   space 1024K, 0% used [0x00000000d6e80000,0x00000000d6e80000,0x00000000d6f80000)
 ParOldGen       total 68608K, used 48591K [0x0000000080000000, 0x0000000084300000, 0x00000000d5580000)
  object space 68608K, 70% used [0x0000000080000000,0x0000000082f73c20,0x0000000084300000)
 Metaspace       used 49314K, committed 50624K, reserved 1114112K
  class space    used 5304K, committed 5888K, reserved 1048576K
}
Event: 6.650 GC heap after
{Heap after GC invocations=30 (full 2):
 PSYoungGen      total 17408K, used 1008K [0x00000000d5580000, 0x00000000d6f80000, 0x0000000100000000)
  eden space 16384K, 0% used [0x00000000d5580000,0x00000000d5580000,0x00000000d6580000)
  from space 1024K, 98% used [0x00000000d6e80000,0x00000000d6f7c020,0x00000000d6f80000)
  to   space 2560K, 0% used [0x00000000d6a80000,0x00000000d6a80000,0x00000000d6d00000)
 ParOldGen       total 68608K, used 49735K [0x0000000080000000, 0x0000000084300000, 0x00000000d5580000)
  object space 68608K, 72% used [0x0000000080000000,0x0000000083091c40,0x0000000084300000)
 Metaspace       used 49314K, committed 50624K, reserved 1114112K
  class space    used 5304K, committed 5888K, reserved 1048576K
}
Event: 6.829 GC heap before
{Heap before GC invocations=31 (full 2):
 PSYoungGen      total 17408K, used 17392K [0x00000000d5580000, 0x00000000d6f80000, 0x0000000100000000)
  eden space 16384K, 100% used [0x00000000d5580000,0x00000000d6580000,0x00000000d6580000)
  from space 1024K, 98% used [0x00000000d6e80000,0x00000000d6f7c020,0x00000000d6f80000)
  to   space 2560K, 0% used [0x00000000d6a80000,0x00000000d6a80000,0x00000000d6d00000)
 ParOldGen       total 68608K, used 49735K [0x0000000080000000, 0x0000000084300000, 0x00000000d5580000)
  object space 68608K, 72% used [0x0000000080000000,0x0000000083091c40,0x0000000084300000)
 Metaspace       used 51344K, committed 52608K, reserved 1114112K
  class space    used 5571K, committed 6144K, reserved 1048576K
}
Event: 6.831 GC heap after
{Heap after GC invocations=31 (full 2):
 PSYoungGen      total 18944K, used 984K [0x00000000d5580000, 0x00000000d6f00000, 0x0000000100000000)
  eden space 16384K, 0% used [0x00000000d5580000,0x00000000d5580000,0x00000000d6580000)
  from space 2560K, 38% used [0x00000000d6a80000,0x00000000d6b76308,0x00000000d6d00000)
  to   space 1536K, 0% used [0x00000000d6d80000,0x00000000d6d80000,0x00000000d6f00000)
 ParOldGen       total 68608K, used 50651K [0x0000000080000000, 0x0000000084300000, 0x00000000d5580000)
  object space 68608K, 73% used [0x0000000080000000,0x0000000083176ff0,0x0000000084300000)
 Metaspace       used 51344K, committed 52608K, reserved 1114112K
  class space    used 5571K, committed 6144K, reserved 1048576K
}
Event: 7.116 GC heap before
{Heap before GC invocations=32 (full 2):
 PSYoungGen      total 18944K, used 17363K [0x00000000d5580000, 0x00000000d6f00000, 0x0000000100000000)
  eden space 16384K, 99% used [0x00000000d5580000,0x00000000d657eb10,0x00000000d6580000)
  from space 2560K, 38% used [0x00000000d6a80000,0x00000000d6b76308,0x00000000d6d00000)
  to   space 1536K, 0% used [0x00000000d6d80000,0x00000000d6d80000,0x00000000d6f00000)
 ParOldGen       total 68608K, used 50651K [0x0000000080000000, 0x0000000084300000, 0x00000000d5580000)
  object space 68608K, 73% used [0x0000000080000000,0x0000000083176ff0,0x0000000084300000)
 Metaspace       used 52032K, committed 53248K, reserved 1114112K
  class space    used 5665K, committed 6208K, reserved 1048576K
}
Event: 7.118 GC heap after
{Heap after GC invocations=32 (full 2):
 PSYoungGen      total 16896K, used 448K [0x00000000d5580000, 0x00000000d6e00000, 0x0000000100000000)
  eden space 16384K, 0% used [0x00000000d5580000,0x00000000d5580000,0x00000000d6580000)
  from space 512K, 87% used [0x00000000d6d80000,0x00000000d6df0000,0x00000000d6e00000)
  to   space 1024K, 0% used [0x00000000d6c00000,0x00000000d6c00000,0x00000000d6d00000)
 ParOldGen       total 68608K, used 51446K [0x0000000080000000, 0x0000000084300000, 0x00000000d5580000)
  object space 68608K, 74% used [0x0000000080000000,0x000000008323d9b8,0x0000000084300000)
 Metaspace       used 52032K, committed 53248K, reserved 1114112K
  class space    used 5665K, committed 6208K, reserved 1048576K
}
Event: 7.361 GC heap before
{Heap before GC invocations=33 (full 2):
 PSYoungGen      total 16896K, used 16832K [0x00000000d5580000, 0x00000000d6e00000, 0x0000000100000000)
  eden space 16384K, 100% used [0x00000000d5580000,0x00000000d6580000,0x00000000d6580000)
  from space 512K, 87% used [0x00000000d6d80000,0x00000000d6df0000,0x00000000d6e00000)
  to   space 1024K, 0% used [0x00000000d6c00000,0x00000000d6c00000,0x00000000d6d00000)
 ParOldGen       total 68608K, used 51446K [0x0000000080000000, 0x0000000084300000, 0x00000000d5580000)
  object space 68608K, 74% used [0x0000000080000000,0x000000008323d9b8,0x0000000084300000)
 Metaspace       used 53126K, committed 54336K, reserved 1114112K
  class space    used 5770K, committed 6336K, reserved 1048576K
}
Event: 7.362 GC heap after
{Heap after GC invocations=33 (full 2):
 PSYoungGen      total 17408K, used 932K [0x00000000d5580000, 0x00000000d6e00000, 0x0000000100000000)
  eden space 16384K, 0% used [0x00000000d5580000,0x00000000d5580000,0x00000000d6580000)
  from space 1024K, 91% used [0x00000000d6c00000,0x00000000d6ce9130,0x00000000d6d00000)
  to   space 1024K, 0% used [0x00000000d6d00000,0x00000000d6d00000,0x00000000d6e00000)
 ParOldGen       total 68608K, used 51710K [0x0000000080000000, 0x0000000084300000, 0x00000000d5580000)
  object space 68608K, 75% used [0x0000000080000000,0x000000008327f9b8,0x0000000084300000)
 Metaspace       used 53126K, committed 54336K, reserved 1114112K
  class space    used 5770K, committed 6336K, reserved 1048576K
}
Event: 7.692 GC heap before
{Heap before GC invocations=34 (full 2):
 PSYoungGen      total 17408K, used 17316K [0x00000000d5580000, 0x00000000d6e00000, 0x0000000100000000)
  eden space 16384K, 100% used [0x00000000d5580000,0x00000000d6580000,0x00000000d6580000)
  from space 1024K, 91% used [0x00000000d6c00000,0x00000000d6ce9130,0x00000000d6d00000)
  to   space 1024K, 0% used [0x00000000d6d00000,0x00000000d6d00000,0x00000000d6e00000)
 ParOldGen       total 68608K, used 51710K [0x0000000080000000, 0x0000000084300000, 0x00000000d5580000)
  object space 68608K, 75% used [0x0000000080000000,0x000000008327f9b8,0x0000000084300000)
 Metaspace       used 53903K, committed 55104K, reserved 1114112K
  class space    used 5826K, committed 6400K, reserved 1048576K
}
Event: 7.694 GC heap after
{Heap after GC invocations=34 (full 2):
 PSYoungGen      total 17408K, used 1013K [0x00000000d5580000, 0x00000000d7080000, 0x0000000100000000)
  eden space 16384K, 0% used [0x00000000d5580000,0x00000000d5580000,0x00000000d6580000)
  from space 1024K, 98% used [0x00000000d6d00000,0x00000000d6dfd658,0x00000000d6e00000)
  to   space 5632K, 0% used [0x00000000d6580000,0x00000000d6580000,0x00000000d6b00000)
 ParOldGen       total 68608K, used 55333K [0x0000000080000000, 0x0000000084300000, 0x00000000d5580000)
  object space 68608K, 80% used [0x0000000080000000,0x00000000836097f0,0x0000000084300000)
 Metaspace       used 53903K, committed 55104K, reserved 1114112K
  class space    used 5826K, committed 6400K, reserved 1048576K
}
Event: 7.860 GC heap before
{Heap before GC invocations=35 (full 2):
 PSYoungGen      total 17408K, used 17397K [0x00000000d5580000, 0x00000000d7080000, 0x0000000100000000)
  eden space 16384K, 100% used [0x00000000d5580000,0x00000000d6580000,0x00000000d6580000)
  from space 1024K, 98% used [0x00000000d6d00000,0x00000000d6dfd658,0x00000000d6e00000)
  to   space 5632K, 0% used [0x00000000d6580000,0x00000000d6580000,0x00000000d6b00000)
 ParOldGen       total 68608K, used 55333K [0x0000000080000000, 0x0000000084300000, 0x00000000d5580000)
  object space 68608K, 80% used [0x0000000080000000,0x00000000836097f0,0x0000000084300000)
 Metaspace       used 55127K, committed 56384K, reserved 1114112K
  class space    used 5939K, committed 6528K, reserved 1048576K
}
Event: 7.862 GC heap after
{Heap after GC invocations=35 (full 2):
 PSYoungGen      total 18432K, used 1581K [0x00000000d5580000, 0x00000000d6d80000, 0x0000000100000000)
  eden space 16384K, 0% used [0x00000000d5580000,0x00000000d5580000,0x00000000d6580000)
  from space 2048K, 77% used [0x00000000d6580000,0x00000000d670b438,0x00000000d6780000)
  to   space 3072K, 0% used [0x00000000d6a80000,0x00000000d6a80000,0x00000000d6d80000)
 ParOldGen       total 68608K, used 56348K [0x0000000080000000, 0x0000000084300000, 0x00000000d5580000)
  object space 68608K, 82% used [0x0000000080000000,0x0000000083707028,0x0000000084300000)
 Metaspace       used 55127K, committed 56384K, reserved 1114112K
  class space    used 5939K, committed 6528K, reserved 1048576K
}
Event: 8.051 GC heap before
{Heap before GC invocations=36 (full 2):
 PSYoungGen      total 18432K, used 17965K [0x00000000d5580000, 0x00000000d6d80000, 0x0000000100000000)
  eden space 16384K, 100% used [0x00000000d5580000,0x00000000d6580000,0x00000000d6580000)
  from space 2048K, 77% used [0x00000000d6580000,0x00000000d670b438,0x00000000d6780000)
  to   space 3072K, 0% used [0x00000000d6a80000,0x00000000d6a80000,0x00000000d6d80000)
 ParOldGen       total 68608K, used 56348K [0x0000000080000000, 0x0000000084300000, 0x00000000d5580000)
  object space 68608K, 82% used [0x0000000080000000,0x0000000083707028,0x0000000084300000)
 Metaspace       used 56330K, committed 57664K, reserved 1114112K
  class space    used 6064K, committed 6656K, reserved 1048576K
}
Event: 8.053 GC heap after
{Heap after GC invocations=36 (full 2):
 PSYoungGen      total 18944K, used 2430K [0x00000000d5580000, 0x00000000d6d00000, 0x0000000100000000)
  eden space 16384K, 0% used [0x00000000d5580000,0x00000000d5580000,0x00000000d6580000)
  from space 2560K, 94% used [0x00000000d6a80000,0x00000000d6cdfb30,0x00000000d6d00000)
  to   space 3072K, 0% used [0x00000000d6700000,0x00000000d6700000,0x00000000d6a00000)
 ParOldGen       total 68608K, used 57671K [0x0000000080000000, 0x0000000084300000, 0x00000000d5580000)
  object space 68608K, 84% used [0x0000000080000000,0x0000000083851d18,0x0000000084300000)
 Metaspace       used 56330K, committed 57664K, reserved 1114112K
  class space    used 6064K, committed 6656K, reserved 1048576K
}
Event: 8.104 GC heap before
{Heap before GC invocations=37 (full 2):
 PSYoungGen      total 18944K, used 18814K [0x00000000d5580000, 0x00000000d6d00000, 0x0000000100000000)
  eden space 16384K, 100% used [0x00000000d5580000,0x00000000d6580000,0x00000000d6580000)
  from space 2560K, 94% used [0x00000000d6a80000,0x00000000d6cdfb30,0x00000000d6d00000)
  to   space 3072K, 0% used [0x00000000d6700000,0x00000000d6700000,0x00000000d6a00000)
 ParOldGen       total 68608K, used 57671K [0x0000000080000000, 0x0000000084300000, 0x00000000d5580000)
  object space 68608K, 84% used [0x0000000080000000,0x0000000083851d18,0x0000000084300000)
 Metaspace       used 56359K, committed 57664K, reserved 1114112K
  class space    used 6064K, committed 6656K, reserved 1048576K
}
Event: 8.105 GC heap after
{Heap after GC invocations=37 (full 2):
 PSYoungGen      total 17920K, used 1033K [0x00000000d5580000, 0x00000000d6b00000, 0x0000000100000000)
  eden space 16384K, 0% used [0x00000000d5580000,0x00000000d5580000,0x00000000d6580000)
  from space 1536K, 67% used [0x00000000d6700000,0x00000000d68026c0,0x00000000d6880000)
  to   space 2048K, 0% used [0x00000000d6900000,0x00000000d6900000,0x00000000d6b00000)
 ParOldGen       total 68608K, used 59798K [0x0000000080000000, 0x0000000084300000, 0x00000000d5580000)
  object space 68608K, 87% used [0x0000000080000000,0x0000000083a65938,0x0000000084300000)
 Metaspace       used 56359K, committed 57664K, reserved 1114112K
  class space    used 6064K, committed 6656K, reserved 1048576K
}
Event: 8.140 GC heap before
{Heap before GC invocations=38 (full 2):
 PSYoungGen      total 17920K, used 17417K [0x00000000d5580000, 0x00000000d6b00000, 0x0000000100000000)
  eden space 16384K, 100% used [0x00000000d5580000,0x00000000d6580000,0x00000000d6580000)
  from space 1536K, 67% used [0x00000000d6700000,0x00000000d68026c0,0x00000000d6880000)
  to   space 2048K, 0% used [0x00000000d6900000,0x00000000d6900000,0x00000000d6b00000)
 ParOldGen       total 68608K, used 59798K [0x0000000080000000, 0x0000000084300000, 0x00000000d5580000)
  object space 68608K, 87% used [0x0000000080000000,0x0000000083a65938,0x0000000084300000)
 Metaspace       used 56627K, committed 57920K, reserved 1114112K
  class space    used 6077K, committed 6656K, reserved 1048576K
}
Event: 8.141 GC heap after
{Heap after GC invocations=38 (full 2):
 PSYoungGen      total 16896K, used 320K [0x00000000d5580000, 0x00000000d6980000, 0x0000000100000000)
  eden space 16384K, 0% used [0x00000000d5580000,0x00000000d5580000,0x00000000d6580000)
  from space 512K, 62% used [0x00000000d6900000,0x00000000d6950000,0x00000000d6980000)
  to   space 1024K, 0% used [0x00000000d6780000,0x00000000d6780000,0x00000000d6880000)
 ParOldGen       total 68608K, used 59846K [0x0000000080000000, 0x0000000084300000, 0x00000000d5580000)
  object space 68608K, 87% used [0x0000000080000000,0x0000000083a71938,0x0000000084300000)
 Metaspace       used 56627K, committed 57920K, reserved 1114112K
  class space    used 6077K, committed 6656K, reserved 1048576K
}

Dll operation events (10 events):
Event: 0.006 Loaded shared library c:\Users\marce\.vscode\extensions\redhat.java-1.54.0-win32-x64\jre\21.0.10-win32-x86_64\bin\java.dll
Event: 0.040 Loaded shared library c:\Users\marce\.vscode\extensions\redhat.java-1.54.0-win32-x64\jre\21.0.10-win32-x86_64\bin\zip.dll
Event: 0.051 Loaded shared library C:\Users\marce\.vscode\extensions\redhat.java-1.54.0-win32-x64\jre\21.0.10-win32-x86_64\bin\instrument.dll
Event: 0.053 Loaded shared library C:\Users\marce\.vscode\extensions\redhat.java-1.54.0-win32-x64\jre\21.0.10-win32-x86_64\bin\net.dll
Event: 0.054 Loaded shared library C:\Users\marce\.vscode\extensions\redhat.java-1.54.0-win32-x64\jre\21.0.10-win32-x86_64\bin\nio.dll
Event: 0.056 Loaded shared library C:\Users\marce\.vscode\extensions\redhat.java-1.54.0-win32-x64\jre\21.0.10-win32-x86_64\bin\zip.dll
Event: 0.064 Loaded shared library C:\Users\marce\.vscode\extensions\redhat.java-1.54.0-win32-x64\jre\21.0.10-win32-x86_64\bin\jimage.dll
Event: 0.100 Loaded shared library c:\Users\marce\.vscode\extensions\redhat.java-1.54.0-win32-x64\jre\21.0.10-win32-x86_64\bin\verify.dll
Event: 0.870 Loaded shared library C:\Users\marce\AppData\Roaming\Code\User\globalStorage\redhat.java\1.54.0\config_win\org.eclipse.equinox.launcher\org.eclipse.equinox.launcher.win32.win32.x86_64_1.3.0.v20260203-2149\eclipse_11919.dll
Event: 4.206 Loaded shared library C:\Users\marce\AppData\Local\Temp\jna-103666240\jna13907479981222023762.dll

Deoptimization events (20 events):
Event: 8.077 Thread 0x0000017bf817ff10 DEOPT PACKING pc=0x0000017be26df0a4 sp=0x0000007408efaa80
Event: 8.077 Thread 0x0000017bf817ff10 DEOPT UNPACKING pc=0x0000017be1df3aa2 sp=0x0000007408efa9e8 mode 2
Event: 8.077 Thread 0x0000017bf817ff10 Uncommon trap: trap_request=0xffffffde fr.pc=0x0000017be26df0a4 relative=0x0000000000007104
Event: 8.077 Thread 0x0000017bf817ff10 Uncommon trap: reason=class_check action=maybe_recompile pc=0x0000017be26df0a4 method=lombok.patcher.PatchScript$MethodPatcher.visitMethod(ILjava/lang/String;Ljava/lang/String;Ljava/lang/String;[Ljava/lang/String;)Lorg/lombokweb/asm/MethodVisitor; @ 101 c
Event: 8.077 Thread 0x0000017bf817ff10 DEOPT PACKING pc=0x0000017be26df0a4 sp=0x0000007408efaa80
Event: 8.077 Thread 0x0000017bf817ff10 DEOPT UNPACKING pc=0x0000017be1df3aa2 sp=0x0000007408efa9e8 mode 2
Event: 8.077 Thread 0x0000017bf817ff10 Uncommon trap: trap_request=0xffffffde fr.pc=0x0000017be26fd668 relative=0x00000000000034e8
Event: 8.077 Thread 0x0000017bf817ff10 Uncommon trap: reason=class_check action=maybe_recompile pc=0x0000017be26fd668 method=lombok.patcher.PatchScript$MethodPatcher.visitMethod(ILjava/lang/String;Ljava/lang/String;Ljava/lang/String;[Ljava/lang/String;)Lorg/lombokweb/asm/MethodVisitor; @ 101 c
Event: 8.077 Thread 0x0000017bf817ff10 DEOPT PACKING pc=0x0000017be26fd668 sp=0x0000007408efa990
Event: 8.077 Thread 0x0000017bf817ff10 DEOPT UNPACKING pc=0x0000017be1df3aa2 sp=0x0000007408efa9e8 mode 2
Event: 8.262 Thread 0x0000017bf817ff10 Uncommon trap: trap_request=0xffffffde fr.pc=0x0000017be282a854 relative=0x00000000000005d4
Event: 8.262 Thread 0x0000017bf817ff10 Uncommon trap: reason=class_check action=maybe_recompile pc=0x0000017be282a854 method=java.util.HashMap.removeNode(ILjava/lang/Object;Ljava/lang/Object;ZZ)Ljava/util/HashMap$Node; @ 143 c2
Event: 8.262 Thread 0x0000017bf817ff10 DEOPT PACKING pc=0x0000017be282a854 sp=0x0000007408efe500
Event: 8.262 Thread 0x0000017bf817ff10 DEOPT UNPACKING pc=0x0000017be1df3aa2 sp=0x0000007408efe3f8 mode 2
Event: 8.263 Thread 0x0000017bf5908f80 Uncommon trap: trap_request=0xffffff45 fr.pc=0x0000017be25e8488 relative=0x00000000000000e8
Event: 8.263 Thread 0x0000017bf5908f80 Uncommon trap: reason=unstable_if action=reinterpret pc=0x0000017be25e8488 method=java.util.stream.SpinedBuffer.accept(Ljava/lang/Object;)V @ 9 c2
Event: 8.263 Thread 0x0000017bf5908f80 DEOPT PACKING pc=0x0000017be25e8488 sp=0x00000074047fe2a0
Event: 8.263 Thread 0x0000017bf5908f80 DEOPT UNPACKING pc=0x0000017be1df3aa2 sp=0x00000074047fe248 mode 2
Event: 8.296 Thread 0x0000017bf817ff10 DEOPT PACKING pc=0x0000017bdb483f65 sp=0x0000007408efdb90
Event: 8.296 Thread 0x0000017bf817ff10 DEOPT UNPACKING pc=0x0000017be1df4242 sp=0x0000007408efd108 mode 0

Classes loaded (20 events):
Event: 6.987 Loading class java/util/Vector$1
Event: 6.987 Loading class java/util/Vector$1 done
Event: 7.281 Loading class java/util/regex/Pattern$Caret
Event: 7.281 Loading class java/util/regex/Pattern$Caret done
Event: 7.759 Loading class java/util/stream/ReduceOps$4
Event: 7.759 Loading class java/util/stream/ReduceOps$4 done
Event: 7.759 Loading class java/util/stream/ReduceOps$4ReducingSink
Event: 7.759 Loading class java/util/stream/ReduceOps$4ReducingSink done
Event: 7.760 Loading class java/nio/file/Files$2
Event: 7.760 Loading class java/nio/file/Files$2 done
Event: 7.872 Loading class jdk/internal/module/IllegalAccessLogger
Event: 7.872 Loading class jdk/internal/module/IllegalAccessLogger done
Event: 7.877 Loading class java/util/concurrent/ArrayBlockingQueue
Event: 7.877 Loading class java/util/concurrent/ArrayBlockingQueue done
Event: 7.920 Loading class java/util/Hashtable$ValueCollection
Event: 7.921 Loading class java/util/Hashtable$ValueCollection done
Event: 7.923 Loading class java/util/concurrent/ConcurrentHashMap$KeySpliterator
Event: 7.923 Loading class java/util/concurrent/ConcurrentHashMap$KeySpliterator done
Event: 7.927 Loading class sun/nio/ch/ChannelOutputStream
Event: 7.927 Loading class sun/nio/ch/ChannelOutputStream done

Classes unloaded (7 events):
Event: 4.499 Thread 0x0000017bd76e4910 Unloading class 0x0000017b811a9400 'java/lang/invoke/LambdaForm$MH+0x0000017b811a9400'
Event: 4.499 Thread 0x0000017bd76e4910 Unloading class 0x0000017b811a9000 'java/lang/invoke/LambdaForm$MH+0x0000017b811a9000'
Event: 4.499 Thread 0x0000017bd76e4910 Unloading class 0x0000017b811a8c00 'java/lang/invoke/LambdaForm$MH+0x0000017b811a8c00'
Event: 4.499 Thread 0x0000017bd76e4910 Unloading class 0x0000017b811a8800 'java/lang/invoke/LambdaForm$MH+0x0000017b811a8800'
Event: 4.499 Thread 0x0000017bd76e4910 Unloading class 0x0000017b811a8400 'java/lang/invoke/LambdaForm$BMH+0x0000017b811a8400'
Event: 4.499 Thread 0x0000017bd76e4910 Unloading class 0x0000017b811a8000 'java/lang/invoke/LambdaForm$DMH+0x0000017b811a8000'
Event: 4.499 Thread 0x0000017bd76e4910 Unloading class 0x0000017b811a6c00 'java/lang/invoke/LambdaForm$DMH+0x0000017b811a6c00'

Classes redefined (0 events):
No events

Internal exceptions (20 events):
Event: 6.763 Thread 0x0000017bf5676880 Exception <a 'sun/nio/fs/WindowsException'{0x00000000d620fb90}> (0x00000000d620fb90) 
thrown [s\src\hotspot\share\prims\jni.cpp, line 520]
Event: 6.764 Thread 0x0000017bf5674e40 Exception <a 'sun/nio/fs/WindowsException'{0x00000000d621b7d8}> (0x00000000d621b7d8) 
thrown [s\src\hotspot\share\prims\jni.cpp, line 520]
Event: 6.764 Thread 0x0000017bf6dbf880 Exception <a 'sun/nio/fs/WindowsException'{0x00000000d6227438}> (0x00000000d6227438) 
thrown [s\src\hotspot\share\prims\jni.cpp, line 520]
Event: 6.764 Thread 0x0000017bf6dbff10 Exception <a 'sun/nio/fs/WindowsException'{0x00000000d6233050}> (0x00000000d6233050) 
thrown [s\src\hotspot\share\prims\jni.cpp, line 520]
Event: 6.764 Thread 0x0000017bf6dbeb60 Exception <a 'sun/nio/fs/WindowsException'{0x00000000d624a8e8}> (0x00000000d624a8e8) 
thrown [s\src\hotspot\share\prims\jni.cpp, line 520]
Event: 6.764 Thread 0x0000017bf6dc12c0 Exception <a 'sun/nio/fs/WindowsException'{0x00000000d62621a0}> (0x00000000d62621a0) 
thrown [s\src\hotspot\share\prims\jni.cpp, line 520]
Event: 6.765 Thread 0x0000017bf6dc05a0 Exception <a 'sun/nio/fs/WindowsException'{0x00000000d6279780}> (0x00000000d6279780) 
thrown [s\src\hotspot\share\prims\jni.cpp, line 520]
Event: 6.765 Thread 0x0000017bf6dc1950 Exception <a 'sun/nio/fs/WindowsException'{0x00000000d62853e0}> (0x00000000d62853e0) 
thrown [s\src\hotspot\share\prims\jni.cpp, line 520]
Event: 6.766 Thread 0x0000017bf6dc4dd0 Exception <a 'sun/nio/fs/WindowsException'{0x00000000d6291028}> (0x00000000d6291028) 
thrown [s\src\hotspot\share\prims\jni.cpp, line 520]
Event: 6.843 Thread 0x0000017bf5909610 Exception <a 'sun/nio/fs/WindowsException'{0x00000000d5657bf0}> (0x00000000d5657bf0) 
thrown [s\src\hotspot\share\prims\jni.cpp, line 520]
Event: 6.843 Thread 0x0000017bf5909610 Exception <a 'sun/nio/fs/WindowsException'{0x00000000d56586f8}> (0x00000000d56586f8) 
thrown [s\src\hotspot\share\prims\jni.cpp, line 520]
Event: 6.850 Thread 0x0000017bf5909610 Exception <a 'java/io/FileNotFoundException'{0x00000000d568e370}> (0x00000000d568e370) 
thrown [s\src\hotspot\share\prims\jni.cpp, line 520]
Event: 6.850 Thread 0x0000017bf5909610 Exception <a 'java/io/FileNotFoundException'{0x00000000d568f680}> (0x00000000d568f680) 
thrown [s\src\hotspot\share\prims\jni.cpp, line 520]
Event: 6.850 Thread 0x0000017bf5909610 Exception <a 'java/io/FileNotFoundException'{0x00000000d56903d8}> (0x00000000d56903d8) 
thrown [s\src\hotspot\share\prims\jni.cpp, line 520]
Event: 7.717 Thread 0x0000017bf5908f80 Exception <a 'java/lang/NoSuchMethodError'{0x00000000d57af7b0}: 'java.lang.Object java.lang.invoke.DirectMethodHandle$Holder.invokeStatic(java.lang.Object, java.lang.Object, int, int)'> (0x00000000d57af7b0) 
thrown [s\src\hotspot\share\interpreter\linkResolver.cpp, line 773]
Event: 7.717 Thread 0x0000017bf5908f80 Exception <a 'java/lang/NoSuchMethodError'{0x00000000d57b3b50}: 'java.lang.Object java.lang.invoke.DirectMethodHandle$Holder.invokeSpecial(java.lang.Object, java.lang.Object, java.lang.Object, int, int)'> (0x00000000d57b3b50) 
thrown [s\src\hotspot\share\interpreter\linkResolver.cpp, line 773]
Event: 7.718 Thread 0x0000017bf5908f80 Implicit null exception at 0x0000017be2819a26 to 0x0000017be2819cf0
Event: 7.761 Thread 0x0000017bf5908f80 Exception <a 'java/lang/NoSuchMethodError'{0x00000000d5c63bd8}: 'int java.lang.invoke.DirectMethodHandle$Holder.invokeSpecialIFC(java.lang.Object, java.lang.Object, java.lang.Object)'> (0x00000000d5c63bd8) 
thrown [s\src\hotspot\share\interpreter\linkResolver.cpp, line 773]
Event: 7.910 Thread 0x0000017bf817ff10 Exception <a 'java/lang/NoSuchMethodError'{0x00000000d59e2988}: 'void java.lang.invoke.DirectMethodHandle$Holder.invokeStatic(java.lang.Object, int, java.lang.Object)'> (0x00000000d59e2988) 
thrown [s\src\hotspot\share\interpreter\linkResolver.cpp, line 773]
Event: 7.924 Thread 0x0000017bf5908f80 Exception <a 'java/lang/NoSuchMethodError'{0x00000000d5ad0dc8}: 'java.lang.Object java.lang.invoke.DirectMethodHandle$Holder.newInvokeSpecial(java.lang.Object, java.lang.Object, int, int, java.lang.Object)'> (0x00000000d5ad0dc8) 
thrown [s\src\hotspot\share\interpreter\linkResolver.cpp, line 773]

ZGC Phase Switch (0 events):
No events

VM Operations (20 events):
Event: 7.118 Executing safepoint VM operation: ParallelGCFailedAllocation (Allocation Failure) done
Event: 7.361 Executing safepoint VM operation: ParallelGCFailedAllocation (Allocation Failure)
Event: 7.362 Executing safepoint VM operation: ParallelGCFailedAllocation (Allocation Failure) done
Event: 7.692 Executing safepoint VM operation: ParallelGCFailedAllocation (Allocation Failure)
Event: 7.694 Executing safepoint VM operation: ParallelGCFailedAllocation (Allocation Failure) done
Event: 7.844 Executing safepoint VM operation: ICBufferFull
Event: 7.844 Executing safepoint VM operation: ICBufferFull done
Event: 7.860 Executing safepoint VM operation: ParallelGCFailedAllocation (Allocation Failure)
Event: 7.862 Executing safepoint VM operation: ParallelGCFailedAllocation (Allocation Failure) done
Event: 7.935 Executing safepoint VM operation: ICBufferFull
Event: 7.935 Executing safepoint VM operation: ICBufferFull done
Event: 8.051 Executing safepoint VM operation: ParallelGCFailedAllocation (Allocation Failure)
Event: 8.053 Executing safepoint VM operation: ParallelGCFailedAllocation (Allocation Failure) done
Event: 8.104 Executing safepoint VM operation: ParallelGCFailedAllocation (Allocation Failure)
Event: 8.106 Executing safepoint VM operation: ParallelGCFailedAllocation (Allocation Failure) done
Event: 8.140 Executing safepoint VM operation: ParallelGCFailedAllocation (Allocation Failure)
Event: 8.141 Executing safepoint VM operation: ParallelGCFailedAllocation (Allocation Failure) done
Event: 8.193 Executing non-safepoint VM operation: HandshakeAllThreads (Deoptimize)
Event: 8.193 Executing non-safepoint VM operation: HandshakeAllThreads (Deoptimize) done
Event: 9.193 Executing safepoint VM operation: Cleanup

Memory protections (0 events):
No events

Nmethod flushes (20 events):
Event: 5.286 Thread 0x0000017bd76e4910 flushing  nmethod 0x0000017bdafd1390
Event: 5.286 Thread 0x0000017bd76e4910 flushing  nmethod 0x0000017bdafd1d10
Event: 5.286 Thread 0x0000017bd76e4910 flushing  nmethod 0x0000017bdafd4110
Event: 5.286 Thread 0x0000017bd76e4910 flushing  nmethod 0x0000017bdafdc310
Event: 5.286 Thread 0x0000017bd76e4910 flushing  nmethod 0x0000017bdaff5710
Event: 5.286 Thread 0x0000017bd76e4910 flushing  nmethod 0x0000017bdb020090
Event: 5.286 Thread 0x0000017bd76e4910 flushing  nmethod 0x0000017bdb026790
Event: 5.286 Thread 0x0000017bd76e4910 flushing  nmethod 0x0000017bdb05c610
Event: 5.286 Thread 0x0000017bd76e4910 flushing  nmethod 0x0000017bdb05ca10
Event: 5.286 Thread 0x0000017bd76e4910 flushing  nmethod 0x0000017bdb05e390
Event: 5.286 Thread 0x0000017bd76e4910 flushing  nmethod 0x0000017bdb05f590
Event: 5.286 Thread 0x0000017bd76e4910 flushing  nmethod 0x0000017bdb060290
Event: 5.286 Thread 0x0000017bd76e4910 flushing  nmethod 0x0000017bdb061a90
Event: 5.286 Thread 0x0000017bd76e4910 flushing  nmethod 0x0000017bdb066090
Event: 5.286 Thread 0x0000017bd76e4910 flushing  nmethod 0x0000017bdb068090
Event: 5.286 Thread 0x0000017bd76e4910 flushing  nmethod 0x0000017bdb0ab290
Event: 5.286 Thread 0x0000017bd76e4910 flushing  nmethod 0x0000017bdb0af590
Event: 5.286 Thread 0x0000017bd76e4910 flushing  nmethod 0x0000017bdb0bdf10
Event: 5.286 Thread 0x0000017bd76e4910 flushing  nmethod 0x0000017bdb0cac10
Event: 5.286 Thread 0x0000017bd76e4910 flushing  nmethod 0x0000017bdb178910

Events (20 events):
Event: 6.764 Thread 0x0000017bf6dbf880 Thread added: 0x0000017bf6dc40b0
Event: 6.764 Thread 0x0000017bf6dbff10 Thread added: 0x0000017bf6dc4740
Event: 6.794 Thread 0x0000017bf5908f80 Thread added: 0x0000017bf6dc5460
Event: 6.794 Thread 0x0000017bf5908f80 Thread added: 0x0000017bf6dc2670
Event: 6.794 Thread 0x0000017bf5908f80 Thread added: 0x0000017bf6dc1fe0
Event: 6.794 Thread 0x0000017bf5908f80 Thread added: 0x0000017bf6dc6180
Event: 6.794 Thread 0x0000017bf5908f80 Thread added: 0x0000017bf6dc5af0
Event: 6.794 Thread 0x0000017bf5908f80 Thread added: 0x0000017bf6dc2d00
Event: 6.794 Thread 0x0000017bf5908f80 Thread added: 0x0000017bf6dc3390
Event: 6.794 Thread 0x0000017bf5908f80 Thread added: 0x0000017bf817e4d0
Event: 6.795 Thread 0x0000017bf6dc2670 Thread added: 0x0000017bf817f880
Event: 7.878 Thread 0x0000017bf5908f80 Thread added: 0x0000017bf817ff10
Event: 7.925 Thread 0x0000017bf5908f80 Thread added: 0x0000017bf8180c30
Event: 7.972 Thread 0x0000017bf5908f80 Thread added: 0x0000017bf817f1f0
Event: 7.977 Thread 0x0000017bf5908f80 Thread added: 0x0000017bf81812c0
Event: 8.226 Thread 0x0000017bf5908f80 Thread added: 0x0000017bf817eb60
Event: 8.264 Thread 0x0000017bf5908f80 Thread added: 0x0000017bf8182670
Event: 8.276 Thread 0x0000017bf5908f80 Thread added: 0x0000017bf8184740
Event: 8.296 Thread 0x0000017bf5908f80 Thread added: 0x0000017bf8182d00
Event: 8.309 Thread 0x0000017bf5908f80 Thread added: 0x0000017bf8183390


Dynamic libraries:
0x00007ff7730a0000 - 0x00007ff7730ae000 	c:\Users\marce\.vscode\extensions\redhat.java-1.54.0-win32-x64\jre\21.0.10-win32-x86_64\bin\java.exe
0x00007ffe68000000 - 0x00007ffe68267000 	C:\WINDOWS\SYSTEM32\ntdll.dll
0x00007ffe668d0000 - 0x00007ffe66999000 	C:\WINDOWS\System32\KERNEL32.DLL
0x00007ffe64f20000 - 0x00007ffe65317000 	C:\WINDOWS\System32\KERNELBASE.dll
0x00007ffe64d20000 - 0x00007ffe64e6b000 	C:\WINDOWS\System32\ucrtbase.dll
0x00007ffe2f780000 - 0x00007ffe2f79e000 	c:\Users\marce\.vscode\extensions\redhat.java-1.54.0-win32-x64\jre\21.0.10-win32-x86_64\bin\VCRUNTIME140.dll
0x00007ffe30440000 - 0x00007ffe30458000 	c:\Users\marce\.vscode\extensions\redhat.java-1.54.0-win32-x64\jre\21.0.10-win32-x86_64\bin\jli.dll
0x00007ffe66530000 - 0x00007ffe666f6000 	C:\WINDOWS\System32\USER32.dll
0x00007ffe4b0d0000 - 0x00007ffe4b362000 	C:\WINDOWS\WinSxS\amd64_microsoft.windows.common-controls_6595b64144ccf1df_6.0.26100.8457_none_3e0b2faee331e92d\COMCTL32.dll
0x00007ffe65d50000 - 0x00007ffe65d77000 	C:\WINDOWS\System32\win32u.dll
0x00007ffe661b0000 - 0x00007ffe66259000 	C:\WINDOWS\System32\msvcrt.dll
0x00007ffe65d80000 - 0x00007ffe65dab000 	C:\WINDOWS\System32\GDI32.dll
0x00007ffe65b90000 - 0x00007ffe65cbc000 	C:\WINDOWS\System32\gdi32full.dll
0x00007ffe64e70000 - 0x00007ffe64f13000 	C:\WINDOWS\System32\msvcp_win.dll
0x00007ffe67010000 - 0x00007ffe67042000 	C:\WINDOWS\System32\IMM32.DLL
0x00007ffe5eb00000 - 0x00007ffe5eb0c000 	c:\Users\marce\.vscode\extensions\redhat.java-1.54.0-win32-x64\jre\21.0.10-win32-x86_64\bin\vcruntime140_1.dll
0x00007ffde5420000 - 0x00007ffde54ad000 	c:\Users\marce\.vscode\extensions\redhat.java-1.54.0-win32-x64\jre\21.0.10-win32-x86_64\bin\msvcp140.dll
0x00007ffd9c070000 - 0x00007ffd9ce11000 	c:\Users\marce\.vscode\extensions\redhat.java-1.54.0-win32-x64\jre\21.0.10-win32-x86_64\bin\server\jvm.dll
0x00007ffe66eb0000 - 0x00007ffe66f66000 	C:\WINDOWS\System32\ADVAPI32.dll
0x00007ffe67200000 - 0x00007ffe672a7000 	C:\WINDOWS\System32\sechost.dll
0x00007ffe66d40000 - 0x00007ffe66e58000 	C:\WINDOWS\System32\RPCRT4.dll
0x00007ffe660a0000 - 0x00007ffe66120000 	C:\WINDOWS\System32\WS2_32.dll
0x00007ffe5a300000 - 0x00007ffe5a30b000 	C:\WINDOWS\SYSTEM32\VERSION.dll
0x00007ffe635f0000 - 0x00007ffe6364e000 	C:\WINDOWS\SYSTEM32\POWRPROF.dll
0x00007ffe59080000 - 0x00007ffe590b6000 	C:\WINDOWS\SYSTEM32\WINMM.dll
0x00007ffe635d0000 - 0x00007ffe635e4000 	C:\WINDOWS\SYSTEM32\UMPDC.dll
0x00007ffe638a0000 - 0x00007ffe638bb000 	C:\WINDOWS\SYSTEM32\kernel.appcore.dll
0x00007ffe5e2a0000 - 0x00007ffe5e2aa000 	c:\Users\marce\.vscode\extensions\redhat.java-1.54.0-win32-x64\jre\21.0.10-win32-x86_64\bin\jimage.dll
0x00007ffe623f0000 - 0x00007ffe62632000 	C:\WINDOWS\SYSTEM32\DBGHELP.DLL
0x00007ffe669a0000 - 0x00007ffe66d23000 	C:\WINDOWS\System32\combase.dll
0x00007ffe667f0000 - 0x00007ffe668c9000 	C:\WINDOWS\System32\OLEAUT32.dll
0x00007ffe4ad40000 - 0x00007ffe4ad7b000 	C:\WINDOWS\SYSTEM32\dbgcore.DLL
0x00007ffe64af0000 - 0x00007ffe64b98000 	C:\WINDOWS\System32\bcryptPrimitives.dll
0x00007ffe58fd0000 - 0x00007ffe58fdf000 	c:\Users\marce\.vscode\extensions\redhat.java-1.54.0-win32-x64\jre\21.0.10-win32-x86_64\bin\instrument.dll
0x00007ffe2f760000 - 0x00007ffe2f780000 	c:\Users\marce\.vscode\extensions\redhat.java-1.54.0-win32-x64\jre\21.0.10-win32-x86_64\bin\java.dll
0x00007ffe67840000 - 0x00007ffe67fae000 	C:\WINDOWS\System32\SHELL32.dll
0x00007ffe65320000 - 0x00007ffe65b8c000 	C:\WINDOWS\System32\windows.storage.dll
0x00007ffe67740000 - 0x00007ffe67836000 	C:\WINDOWS\System32\SHCORE.dll
0x00007ffe66fa0000 - 0x00007ffe67006000 	C:\WINDOWS\System32\shlwapi.dll
0x00007ffe64950000 - 0x00007ffe64979000 	C:\WINDOWS\SYSTEM32\profapi.dll
0x00007ffe2f110000 - 0x00007ffe2f128000 	c:\Users\marce\.vscode\extensions\redhat.java-1.54.0-win32-x64\jre\21.0.10-win32-x86_64\bin\zip.dll
0x00007ffe51a40000 - 0x00007ffe51a50000 	C:\Users\marce\.vscode\extensions\redhat.java-1.54.0-win32-x64\jre\21.0.10-win32-x86_64\bin\net.dll
0x00007ffe5e670000 - 0x00007ffe5e799000 	C:\WINDOWS\SYSTEM32\WINHTTP.dll
0x00007ffe63df0000 - 0x00007ffe63e5c000 	C:\WINDOWS\system32\mswsock.dll
0x00007ffe2efa0000 - 0x00007ffe2efb6000 	C:\Users\marce\.vscode\extensions\redhat.java-1.54.0-win32-x64\jre\21.0.10-win32-x86_64\bin\nio.dll
0x00007ffe4b610000 - 0x00007ffe4b620000 	c:\Users\marce\.vscode\extensions\redhat.java-1.54.0-win32-x64\jre\21.0.10-win32-x86_64\bin\verify.dll
0x00007ffe18160000 - 0x00007ffe181a5000 	C:\Users\marce\AppData\Roaming\Code\User\globalStorage\redhat.java\1.54.0\config_win\org.eclipse.equinox.launcher\org.eclipse.equinox.launcher.win32.win32.x86_64_1.3.0.v20260203-2149\eclipse_11919.dll
0x00007ffe67050000 - 0x00007ffe671e7000 	C:\WINDOWS\System32\ole32.dll
0x00007ffe641f0000 - 0x00007ffe6420b000 	C:\WINDOWS\SYSTEM32\CRYPTSP.dll
0x00007ffe63800000 - 0x00007ffe63839000 	C:\WINDOWS\system32\rsaenh.dll
0x00007ffe63ea0000 - 0x00007ffe63ed3000 	C:\WINDOWS\SYSTEM32\USERENV.dll
0x00007ffe64920000 - 0x00007ffe6494a000 	C:\WINDOWS\SYSTEM32\bcrypt.dll
0x00007ffe64050000 - 0x00007ffe6405c000 	C:\WINDOWS\SYSTEM32\CRYPTBASE.dll
0x00007ffe632b0000 - 0x00007ffe632e2000 	C:\WINDOWS\SYSTEM32\IPHLPAPI.DLL
0x00007ffe671f0000 - 0x00007ffe671fa000 	C:\WINDOWS\System32\NSI.dll
0x00007ffe36140000 - 0x00007ffe36189000 	C:\Users\marce\AppData\Local\Temp\jna-103666240\jna13907479981222023762.dll
0x00007ffe667e0000 - 0x00007ffe667e8000 	C:\WINDOWS\System32\PSAPI.DLL
0x00007ffe5e850000 - 0x00007ffe5e86d000 	C:\WINDOWS\SYSTEM32\dhcpcsvc6.DLL
0x00007ffe5e820000 - 0x00007ffe5e845000 	C:\WINDOWS\SYSTEM32\dhcpcsvc.DLL

JVMTI agents:
c:\Users\marce\.vscode\extensions\redhat.java-1.54.0-win32-x64\lombok\lombok-1.18.39-4050.jar path:c:\Users\marce\.vscode\extensions\redhat.java-1.54.0-win32-x64\jre\21.0.10-win32-x86_64\bin\instrument.dll, loaded, initialized, instrumentlib options:none

dbghelp: loaded successfully - version: 4.0.5 - missing functions: none
symbol engine: initialized successfully - sym options: 0x614 - pdb path: .;c:\Users\marce\.vscode\extensions\redhat.java-1.54.0-win32-x64\jre\21.0.10-win32-x86_64\bin;C:\WINDOWS\SYSTEM32;C:\WINDOWS\WinSxS\amd64_microsoft.windows.common-controls_6595b64144ccf1df_6.0.26100.8457_none_3e0b2faee331e92d;c:\Users\marce\.vscode\extensions\redhat.java-1.54.0-win32-x64\jre\21.0.10-win32-x86_64\bin\server;C:\Users\marce\AppData\Roaming\Code\User\globalStorage\redhat.java\1.54.0\config_win\org.eclipse.equinox.launcher\org.eclipse.equinox.launcher.win32.win32.x86_64_1.3.0.v20260203-2149;C:\Users\marce\AppData\Local\Temp\jna-103666240

VM Arguments:
jvm_args: --add-modules=ALL-SYSTEM --add-opens=java.base/java.util=ALL-UNNAMED --add-opens=java.base/java.lang=ALL-UNNAMED --add-opens=java.base/sun.nio.fs=ALL-UNNAMED -Declipse.application=org.eclipse.jdt.ls.core.id1 -Dosgi.bundles.defaultStartLevel=4 -Declipse.product=org.eclipse.jdt.ls.core.product -Djava.import.generatesMetadataFilesAtProjectRoot=false -DDetectVMInstallationsJob.disabled=true -Dfile.encoding=utf8 -XX:+UseParallelGC -XX:GCTimeRatio=4 -XX:AdaptiveSizePolicyWeight=90 -Dsun.zip.disableMemoryMapping=true -Xmx2G -Xms100m -Xlog:disable -javaagent:c:\Users\marce\.vscode\extensions\redhat.java-1.54.0-win32-x64\lombok\lombok-1.18.39-4050.jar -XX:+HeapDumpOnOutOfMemoryError -XX:HeapDumpPath=c:\Users\marce\AppData\Roaming\Code\User\workspaceStorage\f693a7e2ddc1c21ef60c32541dd000ca\redhat.java -Daether.dependencyCollector.impl=bf 
java_command: c:\Users\marce\.vscode\extensions\redhat.java-1.54.0-win32-x64\server\plugins\org.eclipse.equinox.launcher_1.7.100.v20251111-0406.jar -configuration c:\Users\marce\AppData\Roaming\Code\User\globalStorage\redhat.java\1.54.0\config_win -data c:\Users\marce\AppData\Roaming\Code\User\workspaceStorage\f693a7e2ddc1c21ef60c32541dd000ca\redhat.java\jdt_ws --pipe=\\.\pipe\lsp-d0e1670bd5b9861cb64b52209f9fc466-sock
java_class_path (initial): c:\Users\marce\.vscode\extensions\redhat.java-1.54.0-win32-x64\server\plugins\org.eclipse.equinox.launcher_1.7.100.v20251111-0406.jar
Launcher Type: SUN_STANDARD

[Global flags]
    uintx AdaptiveSizePolicyWeight                 = 90                                        {product} {command line}
     intx CICompilerCount                          = 12                                        {product} {ergonomic}
    uintx GCTimeRatio                              = 4                                         {product} {command line}
     bool HeapDumpOnOutOfMemoryError               = true                                   {manageable} {command line}
    ccstr HeapDumpPath                             = c:\Users\marce\AppData\Roaming\Code\User\workspaceStorage\f693a7e2ddc1c21ef60c32541dd000ca\redhat.java         {manageable} {command line}
   size_t InitialHeapSize                          = 104857600                                 {product} {command line}
   size_t MaxHeapSize                              = 2147483648                                {product} {command line}
   size_t MaxNewSize                               = 715653120                                 {product} {ergonomic}
   size_t MinHeapDeltaBytes                        = 524288                                    {product} {ergonomic}
   size_t MinHeapSize                              = 104857600                                 {product} {command line}
   size_t NewSize                                  = 34603008                                  {product} {ergonomic}
    uintx NonNMethodCodeHeapSize                   = 7602480                                {pd product} {ergonomic}
    uintx NonProfiledCodeHeapSize                  = 122027880                              {pd product} {ergonomic}
   size_t OldSize                                  = 70254592                                  {product} {ergonomic}
    uintx ProfiledCodeHeapSize                     = 122027880                              {pd product} {ergonomic}
    uintx ReservedCodeCacheSize                    = 251658240                              {pd product} {ergonomic}
     bool SegmentedCodeCache                       = true                                      {product} {ergonomic}
   size_t SoftMaxHeapSize                          = 2147483648                             {manageable} {ergonomic}
     bool UseCompressedOops                        = true                           {product lp64_product} {ergonomic}
     bool UseLargePagesIndividualAllocation        = false                                  {pd product} {ergonomic}
     bool UseParallelGC                            = true                                      {product} {command line}

Logging:
Log output configuration:
 #0: stdout all=off uptime,level,tags foldmultilines=false
 #1: stderr all=off uptime,level,tags foldmultilines=false

Release file:
JAVA_VERSION="21.0.10" 
MODULES="java.base java.compiler java.datatransfer java.xml java.prefs java.desktop java.instrument java.logging java.management java.security.sasl java.naming java.rmi java.management.rmi java.net.http java.scripting java.security.jgss java.transaction.xa java.sql java.sql.rowset java.xml.crypto java.se java.smartcardio jdk.accessibility jdk.internal.jvmstat jdk.attach jdk.charsets jdk.internal.opt jdk.zipfs jdk.compiler jdk.crypto.ec jdk.crypto.cryptoki jdk.crypto.mscapi jdk.dynalink jdk.internal.ed jdk.editpad jdk.hotspot.agent jdk.httpserver jdk.internal.le jdk.internal.vm.ci jdk.internal.vm.compiler jdk.internal.vm.compiler.management jdk.jartool jdk.javadoc jdk.jcmd jdk.management jdk.management.agent jdk.jconsole jdk.jdeps jdk.jdwp.agent jdk.jdi jdk.jfr jdk.jshell jdk.jsobject jdk.jstatd jdk.localedata jdk.management.jfr jdk.naming.dns jdk.naming.rmi jdk.net jdk.nio.mapmode jdk.random jdk.sctp jdk.security.auth jdk.security.jgss jdk.unsupported jdk.unsupported.desktop jdk.xml.dom" 

Environment Variables:
PATH=C:\Users\marce\AppData\Local\Programs\Microsoft VS Code;C:\oracleXE\dbhomeXE\bin;C:\Program Files\Common Files\Oracle\Java\javapath;C:\Program Files (x86)\Common Files\Oracle\Java\java8path;C:\Program Files (x86)\Common Files\Oracle\Java\javapath;C:\WINDOWS\system32;C:\WINDOWS;C:\WINDOWS\System32\Wbem;C:\WINDOWS\System32\WindowsPowerShell\v1.0\;C:\WINDOWS\System32\OpenSSH\;C:\Program Files\Git\cmd;C:\Program Files (x86)\Microsoft SQL Server\170\Tools\Binn\;C:\Program Files\Microsoft SQL Server\170\Tools\Binn\;C:\Program Files\Microsoft SQL Server\Client SDK\ODBC\180\Tools\Binn\;C:\Program Files\Microsoft SQL Server\170\DTS\Binn\;C:\Program Files\Docker\Docker\resources\bin;C:\Users\marce\AppData\Local\Microsoft\WindowsApps;C:\Users\marce\AppData\Local\Programs\IntelliJ IDEA 2025.2.2\bin;C:\Users\marce\AppData\Local\Programs\Microsoft VS Code\bin
USERNAME=marce
OS=Windows_NT
PROCESSOR_IDENTIFIER=Intel64 Family 6 Model 154 Stepping 3, GenuineIntel
TMP=C:\Users\marce\AppData\Local\Temp
TEMP=C:\Users\marce\AppData\Local\Temp




Periodic native trim disabled

---------------  S Y S T E M  ---------------

OS:
 Windows 11 , 64 bit Build 26100 (10.0.26100.8328)
OS uptime: 5 days 7:23 hours
Hyper-V role detected

CPU: total 16 (initial active 16) (8 cores per cpu, 2 threads per core) family 6 model 154 stepping 3 microcode 0x434, cx8, cmov, fxsr, ht, mmx, 3dnowpref, sse, sse2, sse3, ssse3, sse4.1, sse4.2, popcnt, lzcnt, tsc, tscinvbit, avx, avx2, aes, erms, clmul, bmi1, bmi2, adx, sha, fma, vzeroupper, clflush, clflushopt, clwb, hv, serialize, rdtscp, rdpid, fsrm, f16c, cet_ibt, cet_ss
Processor Information for processor 0
  Max Mhz: 2500, Current Mhz: 2500, Mhz Limit: 2500
Processor Information for processor 1
  Max Mhz: 2500, Current Mhz: 1532, Mhz Limit: 2500
Processor Information for processor 2
  Max Mhz: 2500, Current Mhz: 2500, Mhz Limit: 2500
Processor Information for processor 3
  Max Mhz: 2500, Current Mhz: 2500, Mhz Limit: 2500
Processor Information for processor 4
  Max Mhz: 2500, Current Mhz: 2500, Mhz Limit: 2500
Processor Information for processor 5
  Max Mhz: 2500, Current Mhz: 2500, Mhz Limit: 2500
Processor Information for processor 6
  Max Mhz: 2500, Current Mhz: 1532, Mhz Limit: 2500
Processor Information for processor 7
  Max Mhz: 2500, Current Mhz: 2500, Mhz Limit: 2500
Processor Information for processor 8
  Max Mhz: 2500, Current Mhz: 1527, Mhz Limit: 2500
Processor Information for processor 9
  Max Mhz: 2500, Current Mhz: 2500, Mhz Limit: 2500
Processor Information for processor 10
  Max Mhz: 2500, Current Mhz: 2500, Mhz Limit: 2500
Processor Information for processor 11
  Max Mhz: 2500, Current Mhz: 1527, Mhz Limit: 2500
Processor Information for processor 12
  Max Mhz: 2500, Current Mhz: 1527, Mhz Limit: 2500
Processor Information for processor 13
  Max Mhz: 2500, Current Mhz: 2500, Mhz Limit: 2500
Processor Information for processor 14
  Max Mhz: 2500, Current Mhz: 2500, Mhz Limit: 2500
Processor Information for processor 15
  Max Mhz: 2500, Current Mhz: 2500, Mhz Limit: 2500

Memory: 4k page, system-wide physical 7811M (385M free)
TotalPageFile size 31363M (AvailPageFile size 180M)
current process WorkingSet (physical memory assigned to process): 291M, peak: 296M
current process commit charge ("private bytes"): 390M, peak: 395M

vm_info: OpenJDK 64-Bit Server VM (21.0.10+7-LTS) for windows-amd64 JRE (21.0.10+7-LTS), built on 2026-01-20T00:00:00Z by "admin" with MS VC++ 17.12 (VS2022)

END.
