#
# There is insufficient memory for the Java Runtime Environment to continue.
# Native memory allocation (malloc) failed to allocate 3163616 bytes. Error detail: Chunk::new
# Possible reasons:
#   The system is out of physical RAM or swap space
#   This process is running with CompressedOops enabled, and the Java Heap may be blocking the growth of the native heap
# Possible solutions:
#   Reduce memory load on the system
#   Increase physical memory or swap space
#   Check if swap backing store is full
#   Decrease Java heap size (-Xmx/-Xms)
#   Decrease number of Java threads
#   Decrease Java thread stack sizes (-Xss)
#   Set larger code cache with -XX:ReservedCodeCacheSize=
#   JVM is running with Unscaled Compressed Oops mode in which the Java heap is
#     placed in the first 4GB address space. The Java Heap base address is the
#     maximum limit for the native heap growth. Please use -XX:HeapBaseMinAddress
#     to set the Java Heap base and to place the Java Heap above 4GB virtual address.
# This output file may be truncated or incomplete.
#
#  Out of Memory Error (arena.cpp:168), pid=25028, tid=33608
#
# JRE version: OpenJDK Runtime Environment Temurin-21.0.10+7 (21.0.10+7) (build 21.0.10+7-LTS)
# Java VM: OpenJDK 64-Bit Server VM Temurin-21.0.10+7 (21.0.10+7-LTS, mixed mode, sharing, tiered, compressed oops, compressed class ptrs, parallel gc, windows-amd64)
# No core dump will be written. Minidumps are not enabled by default on client versions of Windows
#

---------------  S U M M A R Y ------------

Command Line: --add-modules=ALL-SYSTEM --add-opens=java.base/java.util=ALL-UNNAMED --add-opens=java.base/java.lang=ALL-UNNAMED --add-opens=java.base/sun.nio.fs=ALL-UNNAMED -Declipse.application=org.eclipse.jdt.ls.core.id1 -Dosgi.bundles.defaultStartLevel=4 -Declipse.product=org.eclipse.jdt.ls.core.product -Djava.import.generatesMetadataFilesAtProjectRoot=false -DDetectVMInstallationsJob.disabled=true -Dfile.encoding=utf8 -XX:+UseParallelGC -XX:GCTimeRatio=4 -XX:AdaptiveSizePolicyWeight=90 -Dsun.zip.disableMemoryMapping=true -Xmx2G -Xms100m -Xlog:disable -javaagent:c:\Users\marce\.vscode\extensions\redhat.java-1.54.0-win32-x64\lombok\lombok-1.18.39-4050.jar -XX:+HeapDumpOnOutOfMemoryError -XX:HeapDumpPath=c:\Users\marce\AppData\Roaming\Code\User\workspaceStorage\f693a7e2ddc1c21ef60c32541dd000ca\redhat.java -Daether.dependencyCollector.impl=bf c:\Users\marce\.vscode\extensions\redhat.java-1.54.0-win32-x64\server\plugins\org.eclipse.equinox.launcher_1.7.100.v20251111-0406.jar -configuration c:\Users\marce\AppData\Roaming\Code\User\globalStorage\redhat.java\1.54.0\config_win -data c:\Users\marce\AppData\Roaming\Code\User\workspaceStorage\f693a7e2ddc1c21ef60c32541dd000ca\redhat.java\jdt_ws --pipe=\\.\pipe\lsp-fb4a818b360369f72a6677c9361ee0ce-sock

Host: 12th Gen Intel(R) Core(TM) i5-12500H, 16 cores, 7G,  Windows 11 , 64 bit Build 26100 (10.0.26100.8328)
Time: Wed May 20 21:02:37 2026 Pacific SA Standard Time elapsed time: 1132.630608 seconds (0d 0h 18m 52s)

---------------  T H R E A D  ---------------

Current thread (0x000001358a0adcc0):  JavaThread "C2 CompilerThread0" daemon [_thread_in_native, id=33608, stack(0x0000001844a00000,0x0000001844b00000) (1024K)]


Current CompileTask:
C2:1132630 16767       4       org.eclipse.jdt.internal.core.index.DiskIndex::addQueryResults (739 bytes)

Stack: [0x0000001844a00000,0x0000001844b00000]
Native frames: (J=compiled Java code, j=interpreted, Vv=VM code, C=native code)
V  [jvm.dll+0x6d7a39]
V  [jvm.dll+0x8b4b26]
V  [jvm.dll+0x8b70de]
V  [jvm.dll+0x8b77c3]
V  [jvm.dll+0x284346]
V  [jvm.dll+0xc66ed]
V  [jvm.dll+0xc6c31]
V  [jvm.dll+0x3bec3b]
V  [jvm.dll+0x1e3f69]
V  [jvm.dll+0x24c6b3]
V  [jvm.dll+0x24bb40]
V  [jvm.dll+0x1cb34e]
V  [jvm.dll+0x25b85d]
V  [jvm.dll+0x259dea]
V  [jvm.dll+0x3f857e]
V  [jvm.dll+0x85f59d]
V  [jvm.dll+0x6d626d]
C  [ucrtbase.dll+0x37b0]
C  [KERNEL32.DLL+0x2e957]
C  [ntdll.dll+0x427c]


---------------  P R O C E S S  ---------------

Threads class SMR info:
_java_thread_list=0x00000135ed3d22b0, length=64, elements={
0x0000013589fecf70, 0x000001358a08ffb0, 0x000001358a091fa0, 0x000001358a095b10,
0x000001358a098680, 0x000001358a09a640, 0x000001358a09c730, 0x000001358a0adcc0,
0x00000135e2e914d0, 0x00000135e3037c00, 0x00000135e31d37e0, 0x00000135e4b1ece0,
0x00000135e4dcf0d0, 0x00000135e91ad480, 0x00000135e91b02e0, 0x00000135e98034c0,
0x00000135e9b283c0, 0x00000135e9583b40, 0x00000135e97e58c0, 0x00000135e97e37f0,
0x00000135e97e4ba0, 0x00000135e97e5230, 0x00000135e97e3160, 0x00000135eb354f80,
0x00000135eb354260, 0x00000135eb352820, 0x00000135eb352eb0, 0x00000135eb3548f0,
0x00000135eb353540, 0x00000135eb353bd0, 0x00000135eb351b00, 0x00000135eb355610,
0x00000135eb352190, 0x00000135eb357050, 0x00000135eb357d70, 0x00000135eb358a90,
0x00000135eb359120, 0x00000135eb358400, 0x00000135eb355ca0, 0x00000135eb356330,
0x00000135eb3576e0, 0x00000135eb44d590, 0x00000135eb44ae30, 0x00000135eb44e940,
0x00000135eb44efd0, 0x00000135eb44b4c0, 0x00000135eb44cf00, 0x00000135eb44dc20,
0x00000135eb44fcf0, 0x00000135eb4510a0, 0x00000135eb44f660, 0x00000135e97e4510,
0x00000135ec364d80, 0x00000135ec365aa0, 0x00000135ec366e50, 0x00000135ec365410,
0x00000135ec364060, 0x00000135ec3667c0, 0x00000135ec3674e0, 0x00000135ec367b70,
0x00000135ec3646f0, 0x00000135ec368890, 0x00000135ec368f20, 0x00000135e919f2b0
}

Java Threads: ( => current thread )
  0x0000013589fecf70 JavaThread "main"                              [_thread_blocked, id=36272, stack(0x0000001844000000,0x0000001844100000) (1024K)]
  0x000001358a08ffb0 JavaThread "Reference Handler"          daemon [_thread_blocked, id=17992, stack(0x0000001844400000,0x0000001844500000) (1024K)]
  0x000001358a091fa0 JavaThread "Finalizer"                  daemon [_thread_blocked, id=29372, stack(0x0000001844500000,0x0000001844600000) (1024K)]
  0x000001358a095b10 JavaThread "Signal Dispatcher"          daemon [_thread_blocked, id=34096, stack(0x0000001844600000,0x0000001844700000) (1024K)]
  0x000001358a098680 JavaThread "Attach Listener"            daemon [_thread_blocked, id=24940, stack(0x0000001844700000,0x0000001844800000) (1024K)]
  0x000001358a09a640 JavaThread "Service Thread"             daemon [_thread_blocked, id=12064, stack(0x0000001844800000,0x0000001844900000) (1024K)]
  0x000001358a09c730 JavaThread "Monitor Deflation Thread"   daemon [_thread_blocked, id=28960, stack(0x0000001844900000,0x0000001844a00000) (1024K)]
=>0x000001358a0adcc0 JavaThread "C2 CompilerThread0"         daemon [_thread_in_native, id=33608, stack(0x0000001844a00000,0x0000001844b00000) (1024K)]
  0x00000135e2e914d0 JavaThread "C1 CompilerThread0"         daemon [_thread_blocked, id=18464, stack(0x0000001844b00000,0x0000001844c00000) (1024K)]
  0x00000135e3037c00 JavaThread "Common-Cleaner"             daemon [_thread_blocked, id=13440, stack(0x0000001844d00000,0x0000001844e00000) (1024K)]
  0x00000135e31d37e0 JavaThread "Notification Thread"        daemon [_thread_blocked, id=35540, stack(0x0000001844e00000,0x0000001844f00000) (1024K)]
  0x00000135e4b1ece0 JavaThread "Active Thread: Equinox Container: b5a1347c-9e58-415f-94c0-c82087c7a0c7"        [_thread_blocked, id=10348, stack(0x0000001845500000,0x0000001845600000) (1024K)]
  0x00000135e4dcf0d0 JavaThread "Refresh Thread: Equinox Container: b5a1347c-9e58-415f-94c0-c82087c7a0c7" daemon [_thread_blocked, id=21560, stack(0x0000001845700000,0x0000001845800000) (1024K)]
  0x00000135e91ad480 JavaThread "Framework Event Dispatcher: Equinox Container: b5a1347c-9e58-415f-94c0-c82087c7a0c7" daemon [_thread_blocked, id=34460, stack(0x0000001845800000,0x0000001845900000) (1024K)]
  0x00000135e91b02e0 JavaThread "Start Level: Equinox Container: b5a1347c-9e58-415f-94c0-c82087c7a0c7" daemon [_thread_blocked, id=11956, stack(0x0000001845900000,0x0000001845a00000) (1024K)]
  0x00000135e98034c0 JavaThread "Bundle File Closer"         daemon [_thread_blocked, id=31808, stack(0x0000001845d00000,0x0000001845e00000) (1024K)]
  0x00000135e9b283c0 JavaThread "SCR Component Actor"        daemon [_thread_blocked, id=6332, stack(0x0000001845e00000,0x0000001845f00000) (1024K)]
  0x00000135e9583b40 JavaThread "Worker-JM"                         [_thread_blocked, id=34932, stack(0x0000001846000000,0x0000001846100000) (1024K)]
  0x00000135e97e58c0 JavaThread "JNA Cleaner"                daemon [_thread_blocked, id=28508, stack(0x0000001846500000,0x0000001846600000) (1024K)]
  0x00000135e97e37f0 JavaThread "Java indexing"              daemon [_thread_blocked, id=21668, stack(0x0000001846800000,0x0000001846900000) (1024K)]
  0x00000135e97e4ba0 JavaThread "Worker-3"                          [_thread_blocked, id=22152, stack(0x0000001846d00000,0x0000001846e00000) (1024K)]
  0x00000135e97e5230 JavaThread "Thread-1"                   daemon [_thread_in_native, id=23588, stack(0x0000001846e00000,0x0000001846f00000) (1024K)]
  0x00000135e97e3160 JavaThread "Thread-2"                   daemon [_thread_in_native, id=29932, stack(0x0000001846f00000,0x0000001847000000) (1024K)]
  0x00000135eb354f80 JavaThread "Thread-3"                   daemon [_thread_in_native, id=6948, stack(0x0000001847000000,0x0000001847100000) (1024K)]
  0x00000135eb354260 JavaThread "Thread-4"                   daemon [_thread_in_native, id=30692, stack(0x0000001847100000,0x0000001847200000) (1024K)]
  0x00000135eb352820 JavaThread "Thread-5"                   daemon [_thread_in_native, id=7732, stack(0x0000001847200000,0x0000001847300000) (1024K)]
  0x00000135eb352eb0 JavaThread "Thread-6"                   daemon [_thread_in_native, id=25888, stack(0x0000001847300000,0x0000001847400000) (1024K)]
  0x00000135eb3548f0 JavaThread "Thread-7"                   daemon [_thread_in_native, id=35184, stack(0x0000001847400000,0x0000001847500000) (1024K)]
  0x00000135eb353540 JavaThread "Thread-8"                   daemon [_thread_in_native, id=6452, stack(0x0000001847500000,0x0000001847600000) (1024K)]
  0x00000135eb353bd0 JavaThread "Thread-9"                   daemon [_thread_in_native, id=20704, stack(0x0000001847600000,0x0000001847700000) (1024K)]
  0x00000135eb351b00 JavaThread "Thread-10"                  daemon [_thread_in_native, id=34324, stack(0x0000001847700000,0x0000001847800000) (1024K)]
  0x00000135eb355610 JavaThread "Thread-11"                  daemon [_thread_in_native, id=31332, stack(0x0000001847800000,0x0000001847900000) (1024K)]
  0x00000135eb352190 JavaThread "Thread-12"                  daemon [_thread_in_native, id=31360, stack(0x0000001847900000,0x0000001847a00000) (1024K)]
  0x00000135eb357050 JavaThread "Thread-13"                  daemon [_thread_in_native, id=15120, stack(0x0000001847a00000,0x0000001847b00000) (1024K)]
  0x00000135eb357d70 JavaThread "Thread-14"                  daemon [_thread_in_native, id=36200, stack(0x0000001847b00000,0x0000001847c00000) (1024K)]
  0x00000135eb358a90 JavaThread "Thread-15"                  daemon [_thread_in_native, id=15204, stack(0x0000001847c00000,0x0000001847d00000) (1024K)]
  0x00000135eb359120 JavaThread "Thread-16"                  daemon [_thread_in_native, id=31032, stack(0x0000001847d00000,0x0000001847e00000) (1024K)]
  0x00000135eb358400 JavaThread "Thread-17"                  daemon [_thread_in_native, id=36592, stack(0x0000001847e00000,0x0000001847f00000) (1024K)]
  0x00000135eb355ca0 JavaThread "pool-2-thread-1"                   [_thread_blocked, id=29204, stack(0x0000001847f00000,0x0000001848000000) (1024K)]
  0x00000135eb356330 JavaThread "WorkspaceEventsHandler"            [_thread_blocked, id=16080, stack(0x0000001848100000,0x0000001848200000) (1024K)]
  0x00000135eb3576e0 JavaThread "pool-1-thread-1"                   [_thread_blocked, id=28584, stack(0x0000001848200000,0x0000001848300000) (1024K)]
  0x00000135eb44d590 JavaThread "ForkJoinPool.commonPool-worker-3" daemon [_thread_blocked, id=9672, stack(0x0000001848500000,0x0000001848600000) (1024K)]
  0x00000135eb44ae30 JavaThread "ForkJoinPool.commonPool-worker-10" daemon [_thread_blocked, id=33660, stack(0x0000001848c00000,0x0000001848d00000) (1024K)]
  0x00000135eb44e940 JavaThread "ForkJoinPool.commonPool-worker-11" daemon [_thread_in_Java, id=35008, stack(0x0000001848d00000,0x0000001848e00000) (1024K)]
  0x00000135eb44efd0 JavaThread "ForkJoinPool.commonPool-worker-13" daemon [_thread_in_native, id=15864, stack(0x0000001848f00000,0x0000001849000000) (1024K)]
  0x00000135eb44b4c0 JavaThread "ForkJoinPool.commonPool-worker-16" daemon [_thread_blocked, id=30380, stack(0x0000001843e00000,0x0000001843f00000) (1024K)]
  0x00000135eb44cf00 JavaThread "ForkJoinPool.commonPool-worker-17" daemon [_thread_in_Java, id=4568, stack(0x0000001843f00000,0x0000001844000000) (1024K)]
  0x00000135eb44dc20 JavaThread "ForkJoinPool.commonPool-worker-18" daemon [_thread_blocked, id=26808, stack(0x0000001844c00000,0x0000001844d00000) (1024K)]
  0x00000135eb44fcf0 JavaThread "ForkJoinPool.commonPool-worker-20" daemon [_thread_blocked, id=29964, stack(0x0000001846100000,0x0000001846200000) (1024K)]
  0x00000135eb4510a0 JavaThread "ForkJoinPool.commonPool-worker-21" daemon [_thread_blocked, id=30504, stack(0x0000001846200000,0x0000001846300000) (1024K)]
  0x00000135eb44f660 JavaThread "ForkJoinPool.commonPool-worker-23" daemon [_thread_blocked, id=32744, stack(0x0000001846900000,0x0000001846a00000) (1024K)]
  0x00000135e97e4510 JavaThread "Cleaner-0"                  daemon [_thread_blocked, id=31988, stack(0x0000001846b00000,0x0000001846c00000) (1024K)]
  0x00000135ec364d80 JavaThread "Compiler Source File Reader" daemon [_thread_blocked, id=5840, stack(0x0000001845f00000,0x0000001846000000) (1024K)]
  0x00000135ec365aa0 JavaThread "ForkJoinPool.commonPool-worker-27" daemon [_thread_blocked, id=13832, stack(0x0000001846700000,0x0000001846800000) (1024K)]
  0x00000135ec366e50 JavaThread "ForkJoinPool.commonPool-worker-25" daemon [_thread_blocked, id=7628, stack(0x0000001846a00000,0x0000001846b00000) (1024K)]
  0x00000135ec365410 JavaThread "ForkJoinPool.commonPool-worker-28" daemon [_thread_blocked, id=34752, stack(0x0000001846c00000,0x0000001846d00000) (1024K)]
  0x00000135ec364060 JavaThread "ForkJoinPool.commonPool-worker-24" daemon [_thread_in_Java, id=25228, stack(0x0000001848300000,0x0000001848400000) (1024K)]
  0x00000135ec3667c0 JavaThread "ForkJoinPool.commonPool-worker-26" daemon [_thread_blocked, id=30580, stack(0x0000001848400000,0x0000001848500000) (1024K)]
  0x00000135ec3674e0 JavaThread "Worker-8"                          [_thread_blocked, id=3580, stack(0x0000001848600000,0x0000001848700000) (1024K)]
  0x00000135ec367b70 JavaThread "Compiler Source File Reader" daemon [_thread_blocked, id=16084, stack(0x0000001848700000,0x0000001848800000) (1024K)]
  0x00000135ec3646f0 JavaThread "Worker-9"                          [_thread_blocked, id=9880, stack(0x0000001848800000,0x0000001848900000) (1024K)]
  0x00000135ec368890 JavaThread "Compiler Source File Reader" daemon [_thread_blocked, id=2052, stack(0x0000001843d00000,0x0000001843e00000) (1024K)]
  0x00000135ec368f20 JavaThread "Compiler Processing Task"   daemon [_thread_blocked, id=31916, stack(0x0000001846600000,0x0000001846700000) (1024K)]
  0x00000135e919f2b0 JavaThread "C1 CompilerThread1"         daemon [_thread_blocked, id=22580, stack(0x0000001848000000,0x0000001848100000) (1024K)]
Total: 64

Other Threads:
  0x000001358a08fa60 VMThread "VM Thread"                           [id=23704, stack(0x0000001844300000,0x0000001844400000) (1024K)]
  0x0000013589e7ba00 WatcherThread "VM Periodic Task Thread"        [id=1456, stack(0x0000001844200000,0x0000001844300000) (1024K)]
  0x000001358a00b2f0 WorkerThread "GC Thread#0"                     [id=22556, stack(0x0000001844100000,0x0000001844200000) (1024K)]
  0x00000135e47c4320 WorkerThread "GC Thread#1"                     [id=28696, stack(0x0000001844f00000,0x0000001845000000) (1024K)]
  0x00000135e47b9ec0 WorkerThread "GC Thread#2"                     [id=13792, stack(0x0000001845000000,0x0000001845100000) (1024K)]
  0x00000135e4bdca90 WorkerThread "GC Thread#3"                     [id=3700, stack(0x0000001845100000,0x0000001845200000) (1024K)]
  0x00000135e474f910 WorkerThread "GC Thread#4"                     [id=15476, stack(0x0000001845200000,0x0000001845300000) (1024K)]
  0x00000135e48620e0 WorkerThread "GC Thread#5"                     [id=19120, stack(0x0000001845300000,0x0000001845400000) (1024K)]
  0x00000135e4862cb0 WorkerThread "GC Thread#6"                     [id=27252, stack(0x0000001845400000,0x0000001845500000) (1024K)]
  0x00000135e4b70fc0 WorkerThread "GC Thread#7"                     [id=32068, stack(0x0000001845600000,0x0000001845700000) (1024K)]
  0x00000135e9161ec0 WorkerThread "GC Thread#8"                     [id=31248, stack(0x0000001845a00000,0x0000001845b00000) (1024K)]
  0x00000135e992dbe0 WorkerThread "GC Thread#9"                     [id=436, stack(0x0000001845b00000,0x0000001845c00000) (1024K)]
  0x00000135e97489f0 WorkerThread "GC Thread#10"                    [id=27208, stack(0x0000001845c00000,0x0000001845d00000) (1024K)]
  0x00000135e9766b80 WorkerThread "GC Thread#11"                    [id=22636, stack(0x0000001846300000,0x0000001846400000) (1024K)]
  0x00000135e9767a40 WorkerThread "GC Thread#12"                    [id=27780, stack(0x0000001846400000,0x0000001846500000) (1024K)]
Total: 15

Threads with active compile tasks:
C2 CompilerThread0  1132682 16767       4       org.eclipse.jdt.internal.core.index.DiskIndex::addQueryResults (739 bytes)
Total: 1

VM state: at safepoint (normal execution)

VM Mutex/Monitor currently owned by a thread:  ([mutex/lock_event])
[0x00007ffd9cd2e560] Threads_lock - owner thread: 0x0000000000000000

Heap address: 0x0000000080000000, size: 2048 MB, Compressed Oops mode: 32-bit

CDS archive(s) mapped at: [0x00000135a1000000-0x00000135a1ba0000-0x00000135a1ba0000), size 12189696, SharedBaseAddress: 0x00000135a1000000, ArchiveRelocationMode: 1.
Compressed class space mapped at: 0x00000135a2000000-0x00000135e2000000, reserved size: 1073741824
Narrow klass base: 0x00000135a1000000, Narrow klass shift: 0, Narrow klass range: 0x100000000

GC Precious Log:
 CardTable entry size: 512
 CPUs: 16 total, 16 available
 Memory: 7811M
 Large Page Support: Disabled
 NUMA Support: Disabled
 Compressed Oops: Enabled (32-bit)
 Alignments: Space 512K, Generation 512K, Heap 2M
 Heap Min Capacity: 100M
 Heap Initial Capacity: 100M
 Heap Max Capacity: 2G
 Pre-touch: Disabled
 Parallel Workers: 13

Heap:
 PSYoungGen      total 6144K, used 1402K [0x00000000d5580000, 0x00000000d5d00000, 0x0000000100000000)
  eden space 4608K, 6% used [0x00000000d5580000,0x00000000d55cebb0,0x00000000d5a00000)
  from space 1536K, 71% used [0x00000000d5a00000,0x00000000d5b13090,0x00000000d5b80000)
  to   space 1536K, 0% used [0x00000000d5b80000,0x00000000d5b80000,0x00000000d5d00000)
 ParOldGen       total 464896K, used 464487K [0x0000000080000000, 0x000000009c600000, 0x00000000d5580000)
  object space 464896K, 99% used [0x0000000080000000,0x000000009c599e00,0x000000009c600000)
 Metaspace       used 81573K, committed 83520K, reserved 1179648K
  class space    used 8515K, committed 9408K, reserved 1048576K

Card table byte_map: [0x0000013589990000,0x0000013589da0000] _byte_map_base: 0x0000013589590000

Marking Bits: (ParMarkBitMap*) 0x00007ffd9cd33450
 Begin Bits: [0x000001359c4a0000, 0x000001359e4a0000)
 End Bits:   [0x000001359e4a0000, 0x00000135a04a0000)

Polling page: 0x0000013587c40000

Metaspace:

Usage:
  Non-class:     71.35 MB used.
      Class:      8.32 MB used.
       Both:     79.66 MB used.

Virtual space:
  Non-class space:      128.00 MB reserved,      72.38 MB ( 57%) committed,  2 nodes.
      Class space:        1.00 GB reserved,       9.19 MB ( <1%) committed,  1 nodes.
             Both:        1.12 GB reserved,      81.56 MB (  7%) committed. 

Chunk freelists:
   Non-Class:  7.52 MB
       Class:  6.73 MB
        Both:  14.25 MB

MaxMetaspaceSize: unlimited
CompressedClassSpaceSize: 1.00 GB
Initial GC threshold: 21.00 MB
Current GC threshold: 97.31 MB
CDS: on
 - commit_granule_bytes: 65536.
 - commit_granule_words: 8192.
 - virtual_space_node_default_size: 8388608.
 - enlarge_chunks_in_place: 1.
 - use_allocation_guard: 0.


Internal statistics:

num_allocs_failed_limit: 9.
num_arena_births: 1530.
num_arena_deaths: 22.
num_vsnodes_births: 3.
num_vsnodes_deaths: 0.
num_space_committed: 1305.
num_space_uncommitted: 0.
num_chunks_returned_to_freelist: 35.
num_chunks_taken_from_freelist: 5324.
num_chunk_merges: 13.
num_chunk_splits: 3259.
num_chunks_enlarged: 1850.
num_inconsistent_stats: 0.

CodeHeap 'non-profiled nmethods': size=119168Kb used=11382Kb max_used=11382Kb free=107785Kb
 bounds [0x0000013594d90000, 0x00000135958b0000, 0x000001359c1f0000]
CodeHeap 'profiled nmethods': size=119104Kb used=38548Kb max_used=38548Kb free=80555Kb
 bounds [0x000001358d1f0000, 0x000001358f7a0000, 0x0000013594640000]
CodeHeap 'non-nmethods': size=7488Kb used=2073Kb max_used=3213Kb free=5414Kb
 bounds [0x0000013594640000, 0x0000013594970000, 0x0000013594d90000]
CodeCache: size=245760Kb, used=52003Kb, max_used=53143Kb, free=193754Kb
 total_blobs=16832, nmethods=16003, adapters=732, full_count=0
Compilation: enabled, stopped_count=0, restarted_count=0

Compilation events (20 events):
Event: 1131.389 Thread 0x00000135e2e914d0 16760       3       java.util.LinkedList::isElementIndex (18 bytes)
Event: 1131.390 Thread 0x00000135e2e914d0 nmethod 16760 0x000001358f771c90 code [0x000001358f771e40, 0x000001358f771fd0]
Event: 1131.392 Thread 0x00000135e2e914d0 16762       3       org.eclipse.jdt.internal.codeassist.impl.AssistParser::indexOfAssistIdentifier (6 bytes)
Event: 1131.392 Thread 0x00000135e2e914d0 nmethod 16762 0x000001358f772090 code [0x000001358f772240, 0x000001358f772408]
Event: 1131.394 Thread 0x00000135e2e914d0 16763       3       org.eclipse.jdt.internal.compiler.lookup.BinaryTypeBinding::scanTypeForContainerAnnotation (144 bytes)
Event: 1131.395 Thread 0x00000135e2e914d0 nmethod 16763 0x000001358f772510 code [0x000001358f7727a0, 0x000001358f773518]
Event: 1131.396 Thread 0x000001358a0adcc0 nmethod 16758% 0x00000135958a9a90 code [0x00000135958a9ca0, 0x00000135958aa520]
Event: 1131.396 Thread 0x000001358a0adcc0 16764       4       org.eclipse.jdt.internal.compiler.parser.Scanner::getNextToken (176 bytes)
Event: 1131.400 Thread 0x000001358a0adcc0 nmethod 16764 0x00000135958aab90 code [0x00000135958aade0, 0x00000135958ab328]
Event: 1131.400 Thread 0x000001358a0adcc0 16765       4       lombok.eclipse.EclipseNode::getName (115 bytes)
Event: 1131.403 Thread 0x000001358a0adcc0 nmethod 16765 0x00000135958ab790 code [0x00000135958ab960, 0x00000135958ac020]
Event: 1131.403 Thread 0x000001358a0adcc0 16761       4       java.util.LinkedList$ListItr::next (56 bytes)
Event: 1131.403 Thread 0x000001358a0adcc0 nmethod 16761 0x00000135958ac310 code [0x00000135958ac4a0, 0x00000135958ac5d8]
Event: 1131.404 Thread 0x000001358a0adcc0 16766  s    4       org.eclipse.jdt.internal.core.search.indexing.IndexManager::getIndex (12 bytes)
Event: 1131.407 Thread 0x000001358a0adcc0 nmethod 16766 0x00000135958ac710 code [0x00000135958ac8e0, 0x00000135958ace80]
Event: 1131.407 Thread 0x000001358a0adcc0 16767       4       org.eclipse.jdt.internal.core.index.DiskIndex::addQueryResults (739 bytes)
Event: 1131.685 Thread 0x00000135e2e914d0 16770       3       org.eclipse.jdt.internal.compiler.lookup.LookupEnvironment$CompleteTypeBindingsSteps::isRequired (42 bytes)
Event: 1131.685 Thread 0x00000135e2e914d0 nmethod 16770 0x000001358f773990 code [0x000001358f773b40, 0x000001358f773d68]
Event: 1131.687 Thread 0x00000135e2e914d0 16771       3       lombok.eclipse.handlers.EclipseHandlerUtil::addAnnotation (452 bytes)
Event: 1132.626 Thread 0x00000135e2e914d0 nmethod 16771 0x000001358f773e90 code [0x000001358f7742a0, 0x000001358f776640]

GC Heap History (20 events):
Event: 1130.535 GC heap before
{Heap before GC invocations=287 (full 3):
 PSYoungGen      total 4096K, used 3994K [0x00000000d5580000, 0x00000000d5b00000, 0x0000000100000000)
  eden space 3584K, 100% used [0x00000000d5580000,0x00000000d5900000,0x00000000d5900000)
  from space 512K, 80% used [0x00000000d5a00000,0x00000000d5a66900,0x00000000d5a80000)
  to   space 512K, 0% used [0x00000000d5a80000,0x00000000d5a80000,0x00000000d5b00000)
 ParOldGen       total 453632K, used 453130K [0x0000000080000000, 0x000000009bb00000, 0x00000000d5580000)
  object space 453632K, 99% used [0x0000000080000000,0x000000009ba82bb0,0x000000009bb00000)
 Metaspace       used 81526K, committed 83456K, reserved 1179648K
  class space    used 8515K, committed 9408K, reserved 1048576K
}
Event: 1130.536 GC heap after
{Heap after GC invocations=287 (full 3):
 PSYoungGen      total 4096K, used 512K [0x00000000d5580000, 0x00000000d5b00000, 0x0000000100000000)
  eden space 3584K, 0% used [0x00000000d5580000,0x00000000d5580000,0x00000000d5900000)
  from space 512K, 100% used [0x00000000d5a80000,0x00000000d5b00000,0x00000000d5b00000)
  to   space 1024K, 0% used [0x00000000d5900000,0x00000000d5900000,0x00000000d5a00000)
 ParOldGen       total 453632K, used 453407K [0x0000000080000000, 0x000000009bb00000, 0x00000000d5580000)
  object space 453632K, 99% used [0x0000000080000000,0x000000009bac7dc0,0x000000009bb00000)
 Metaspace       used 81526K, committed 83456K, reserved 1179648K
  class space    used 8515K, committed 9408K, reserved 1048576K
}
Event: 1131.359 GC heap before
{Heap before GC invocations=288 (full 3):
 PSYoungGen      total 4096K, used 4096K [0x00000000d5580000, 0x00000000d5b00000, 0x0000000100000000)
  eden space 3584K, 100% used [0x00000000d5580000,0x00000000d5900000,0x00000000d5900000)
  from space 512K, 100% used [0x00000000d5a80000,0x00000000d5b00000,0x00000000d5b00000)
  to   space 1024K, 0% used [0x00000000d5900000,0x00000000d5900000,0x00000000d5a00000)
 ParOldGen       total 453632K, used 453407K [0x0000000080000000, 0x000000009bb00000, 0x00000000d5580000)
  object space 453632K, 99% used [0x0000000080000000,0x000000009bac7dc0,0x000000009bb00000)
 Metaspace       used 81532K, committed 83456K, reserved 1179648K
  class space    used 8515K, committed 9408K, reserved 1048576K
}
Event: 1131.360 GC heap after
{Heap after GC invocations=288 (full 3):
 PSYoungGen      total 4608K, used 820K [0x00000000d5580000, 0x00000000d5b00000, 0x0000000100000000)
  eden space 3584K, 0% used [0x00000000d5580000,0x00000000d5580000,0x00000000d5900000)
  from space 1024K, 80% used [0x00000000d5900000,0x00000000d59cd200,0x00000000d5a00000)
  to   space 1024K, 0% used [0x00000000d5a00000,0x00000000d5a00000,0x00000000d5b00000)
 ParOldGen       total 454144K, used 453831K [0x0000000080000000, 0x000000009bb80000, 0x00000000d5580000)
  object space 454144K, 99% used [0x0000000080000000,0x000000009bb31dd0,0x000000009bb80000)
 Metaspace       used 81532K, committed 83456K, reserved 1179648K
  class space    used 8515K, committed 9408K, reserved 1048576K
}
Event: 1131.369 GC heap before
{Heap before GC invocations=289 (full 3):
 PSYoungGen      total 4608K, used 4404K [0x00000000d5580000, 0x00000000d5b00000, 0x0000000100000000)
  eden space 3584K, 100% used [0x00000000d5580000,0x00000000d5900000,0x00000000d5900000)
  from space 1024K, 80% used [0x00000000d5900000,0x00000000d59cd200,0x00000000d5a00000)
  to   space 1024K, 0% used [0x00000000d5a00000,0x00000000d5a00000,0x00000000d5b00000)
 ParOldGen       total 454144K, used 453831K [0x0000000080000000, 0x000000009bb80000, 0x00000000d5580000)
  object space 454144K, 99% used [0x0000000080000000,0x000000009bb31dd0,0x000000009bb80000)
 Metaspace       used 81534K, committed 83456K, reserved 1179648K
  class space    used 8515K, committed 9408K, reserved 1048576K
}
Event: 1131.370 GC heap after
{Heap after GC invocations=289 (full 3):
 PSYoungGen      total 4608K, used 544K [0x00000000d5580000, 0x00000000d5b00000, 0x0000000100000000)
  eden space 3584K, 0% used [0x00000000d5580000,0x00000000d5580000,0x00000000d5900000)
  from space 1024K, 53% used [0x00000000d5a00000,0x00000000d5a88000,0x00000000d5b00000)
  to   space 1024K, 0% used [0x00000000d5900000,0x00000000d5900000,0x00000000d5a00000)
 ParOldGen       total 454656K, used 454464K [0x0000000080000000, 0x000000009bc00000, 0x00000000d5580000)
  object space 454656K, 99% used [0x0000000080000000,0x000000009bbd03c0,0x000000009bc00000)
 Metaspace       used 81534K, committed 83456K, reserved 1179648K
  class space    used 8515K, committed 9408K, reserved 1048576K
}
Event: 1131.377 GC heap before
{Heap before GC invocations=290 (full 3):
 PSYoungGen      total 4608K, used 4128K [0x00000000d5580000, 0x00000000d5b00000, 0x0000000100000000)
  eden space 3584K, 100% used [0x00000000d5580000,0x00000000d5900000,0x00000000d5900000)
  from space 1024K, 53% used [0x00000000d5a00000,0x00000000d5a88000,0x00000000d5b00000)
  to   space 1024K, 0% used [0x00000000d5900000,0x00000000d5900000,0x00000000d5a00000)
 ParOldGen       total 454656K, used 454464K [0x0000000080000000, 0x000000009bc00000, 0x00000000d5580000)
  object space 454656K, 99% used [0x0000000080000000,0x000000009bbd03c0,0x000000009bc00000)
 Metaspace       used 81534K, committed 83456K, reserved 1179648K
  class space    used 8515K, committed 9408K, reserved 1048576K
}
Event: 1131.379 GC heap after
{Heap after GC invocations=290 (full 3):
 PSYoungGen      total 4608K, used 1004K [0x00000000d5580000, 0x00000000d6100000, 0x0000000100000000)
  eden space 3584K, 0% used [0x00000000d5580000,0x00000000d5580000,0x00000000d5900000)
  from space 1024K, 98% used [0x00000000d5900000,0x00000000d59fb090,0x00000000d5a00000)
  to   space 4096K, 0% used [0x00000000d5d00000,0x00000000d5d00000,0x00000000d6100000)
 ParOldGen       total 457216K, used 456745K [0x0000000080000000, 0x000000009be80000, 0x00000000d5580000)
  object space 457216K, 99% used [0x0000000080000000,0x000000009be0a7e0,0x000000009be80000)
 Metaspace       used 81534K, committed 83456K, reserved 1179648K
  class space    used 8515K, committed 9408K, reserved 1048576K
}
Event: 1131.385 GC heap before
{Heap before GC invocations=291 (full 3):
 PSYoungGen      total 4608K, used 4588K [0x00000000d5580000, 0x00000000d6100000, 0x0000000100000000)
  eden space 3584K, 99% used [0x00000000d5580000,0x00000000d58fffc0,0x00000000d5900000)
  from space 1024K, 98% used [0x00000000d5900000,0x00000000d59fb090,0x00000000d5a00000)
  to   space 4096K, 0% used [0x00000000d5d00000,0x00000000d5d00000,0x00000000d6100000)
 ParOldGen       total 457216K, used 456745K [0x0000000080000000, 0x000000009be80000, 0x00000000d5580000)
  object space 457216K, 99% used [0x0000000080000000,0x000000009be0a7e0,0x000000009be80000)
 Metaspace       used 81534K, committed 83456K, reserved 1179648K
  class space    used 8515K, committed 9408K, reserved 1048576K
}
Event: 1131.386 GC heap after
{Heap after GC invocations=291 (full 3):
 PSYoungGen      total 6144K, used 2220K [0x00000000d5580000, 0x00000000d5f80000, 0x0000000100000000)
  eden space 3584K, 0% used [0x00000000d5580000,0x00000000d5580000,0x00000000d5900000)
  from space 2560K, 86% used [0x00000000d5d00000,0x00000000d5f2b090,0x00000000d5f80000)
  to   space 3072K, 0% used [0x00000000d5980000,0x00000000d5980000,0x00000000d5c80000)
 ParOldGen       total 457216K, used 456817K [0x0000000080000000, 0x000000009be80000, 0x00000000d5580000)
  object space 457216K, 99% used [0x0000000080000000,0x000000009be1c7e0,0x000000009be80000)
 Metaspace       used 81534K, committed 83456K, reserved 1179648K
  class space    used 8515K, committed 9408K, reserved 1048576K
}
Event: 1131.393 GC heap before
{Heap before GC invocations=292 (full 3):
 PSYoungGen      total 6144K, used 5804K [0x00000000d5580000, 0x00000000d5f80000, 0x0000000100000000)
  eden space 3584K, 100% used [0x00000000d5580000,0x00000000d5900000,0x00000000d5900000)
  from space 2560K, 86% used [0x00000000d5d00000,0x00000000d5f2b090,0x00000000d5f80000)
  to   space 3072K, 0% used [0x00000000d5980000,0x00000000d5980000,0x00000000d5c80000)
 ParOldGen       total 457216K, used 456817K [0x0000000080000000, 0x000000009be80000, 0x00000000d5580000)
  object space 457216K, 99% used [0x0000000080000000,0x000000009be1c7e0,0x000000009be80000)
 Metaspace       used 81535K, committed 83456K, reserved 1179648K
  class space    used 8515K, committed 9408K, reserved 1048576K
}
Event: 1131.394 GC heap after
{Heap after GC invocations=292 (full 3):
 PSYoungGen      total 4608K, used 544K [0x00000000d5580000, 0x00000000d5d80000, 0x0000000100000000)
  eden space 3584K, 0% used [0x00000000d5580000,0x00000000d5580000,0x00000000d5900000)
  from space 1024K, 53% used [0x00000000d5980000,0x00000000d5a08000,0x00000000d5a80000)
  to   space 1536K, 0% used [0x00000000d5c00000,0x00000000d5c00000,0x00000000d5d80000)
 ParOldGen       total 457216K, used 456841K [0x0000000080000000, 0x000000009be80000, 0x00000000d5580000)
  object space 457216K, 99% used [0x0000000080000000,0x000000009be227e0,0x000000009be80000)
 Metaspace       used 81535K, committed 83456K, reserved 1179648K
  class space    used 8515K, committed 9408K, reserved 1048576K
}
Event: 1131.399 GC heap before
{Heap before GC invocations=293 (full 3):
 PSYoungGen      total 4608K, used 4128K [0x00000000d5580000, 0x00000000d5d80000, 0x0000000100000000)
  eden space 3584K, 100% used [0x00000000d5580000,0x00000000d5900000,0x00000000d5900000)
  from space 1024K, 53% used [0x00000000d5980000,0x00000000d5a08000,0x00000000d5a80000)
  to   space 1536K, 0% used [0x00000000d5c00000,0x00000000d5c00000,0x00000000d5d80000)
 ParOldGen       total 457216K, used 456841K [0x0000000080000000, 0x000000009be80000, 0x00000000d5580000)
  object space 457216K, 99% used [0x0000000080000000,0x000000009be227e0,0x000000009be80000)
 Metaspace       used 81535K, committed 83456K, reserved 1179648K
  class space    used 8515K, committed 9408K, reserved 1048576K
}
Event: 1131.400 GC heap after
{Heap after GC invocations=293 (full 3):
 PSYoungGen      total 4096K, used 512K [0x00000000d5580000, 0x00000000d5c80000, 0x0000000100000000)
  eden space 3584K, 0% used [0x00000000d5580000,0x00000000d5580000,0x00000000d5900000)
  from space 512K, 100% used [0x00000000d5c00000,0x00000000d5c80000,0x00000000d5c80000)
  to   space 1024K, 0% used [0x00000000d5a80000,0x00000000d5a80000,0x00000000d5b80000)
 ParOldGen       total 457216K, used 457206K [0x0000000080000000, 0x000000009be80000, 0x00000000d5580000)
  object space 457216K, 99% used [0x0000000080000000,0x000000009be7d9e0,0x000000009be80000)
 Metaspace       used 81535K, committed 83456K, reserved 1179648K
  class space    used 8515K, committed 9408K, reserved 1048576K
}
Event: 1131.408 GC heap before
{Heap before GC invocations=294 (full 3):
 PSYoungGen      total 4096K, used 4095K [0x00000000d5580000, 0x00000000d5c80000, 0x0000000100000000)
  eden space 3584K, 99% used [0x00000000d5580000,0x00000000d58fffc0,0x00000000d5900000)
  from space 512K, 100% used [0x00000000d5c00000,0x00000000d5c80000,0x00000000d5c80000)
  to   space 1024K, 0% used [0x00000000d5a80000,0x00000000d5a80000,0x00000000d5b80000)
 ParOldGen       total 457216K, used 457206K [0x0000000080000000, 0x000000009be80000, 0x00000000d5580000)
  object space 457216K, 99% used [0x0000000080000000,0x000000009be7d9e0,0x000000009be80000)
 Metaspace       used 81535K, committed 83456K, reserved 1179648K
  class space    used 8515K, committed 9408K, reserved 1048576K
}
Event: 1131.409 GC heap after
{Heap after GC invocations=294 (full 3):
 PSYoungGen      total 4608K, used 1004K [0x00000000d5580000, 0x00000000d5f00000, 0x0000000100000000)
  eden space 3584K, 0% used [0x00000000d5580000,0x00000000d5580000,0x00000000d5900000)
  from space 1024K, 98% used [0x00000000d5a80000,0x00000000d5b7b090,0x00000000d5b80000)
  to   space 3072K, 0% used [0x00000000d5c00000,0x00000000d5c00000,0x00000000d5f00000)
 ParOldGen       total 458752K, used 458750K [0x0000000080000000, 0x000000009c000000, 0x00000000d5580000)
  object space 458752K, 99% used [0x0000000080000000,0x000000009bfffa20,0x000000009c000000)
 Metaspace       used 81535K, committed 83456K, reserved 1179648K
  class space    used 8515K, committed 9408K, reserved 1048576K
}
Event: 1131.415 GC heap before
{Heap before GC invocations=295 (full 3):
 PSYoungGen      total 4608K, used 4588K [0x00000000d5580000, 0x00000000d5f00000, 0x0000000100000000)
  eden space 3584K, 100% used [0x00000000d5580000,0x00000000d5900000,0x00000000d5900000)
  from space 1024K, 98% used [0x00000000d5a80000,0x00000000d5b7b090,0x00000000d5b80000)
  to   space 3072K, 0% used [0x00000000d5c00000,0x00000000d5c00000,0x00000000d5f00000)
 ParOldGen       total 458752K, used 458750K [0x0000000080000000, 0x000000009c000000, 0x00000000d5580000)
  object space 458752K, 99% used [0x0000000080000000,0x000000009bfffa20,0x000000009c000000)
 Metaspace       used 81535K, committed 83456K, reserved 1179648K
  class space    used 8515K, committed 9408K, reserved 1048576K
}
Event: 1131.416 GC heap after
{Heap after GC invocations=295 (full 3):
 PSYoungGen      total 5632K, used 1836K [0x00000000d5580000, 0x00000000d5e00000, 0x0000000100000000)
  eden space 3584K, 0% used [0x00000000d5580000,0x00000000d5580000,0x00000000d5900000)
  from space 2048K, 89% used [0x00000000d5c00000,0x00000000d5dcb090,0x00000000d5e00000)
  to   space 2560K, 0% used [0x00000000d5900000,0x00000000d5900000,0x00000000d5b80000)
 ParOldGen       total 459264K, used 458923K [0x0000000080000000, 0x000000009c080000, 0x00000000d5580000)
  object space 459264K, 99% used [0x0000000080000000,0x000000009c02adf0,0x000000009c080000)
 Metaspace       used 81535K, committed 83456K, reserved 1179648K
  class space    used 8515K, committed 9408K, reserved 1048576K
}
Event: 1131.682 GC heap before
{Heap before GC invocations=296 (full 3):
 PSYoungGen      total 5632K, used 5420K [0x00000000d5580000, 0x00000000d5e00000, 0x0000000100000000)
  eden space 3584K, 99% used [0x00000000d5580000,0x00000000d58fffe8,0x00000000d5900000)
  from space 2048K, 89% used [0x00000000d5c00000,0x00000000d5dcb090,0x00000000d5e00000)
  to   space 2560K, 0% used [0x00000000d5900000,0x00000000d5900000,0x00000000d5b80000)
 ParOldGen       total 459264K, used 458923K [0x0000000080000000, 0x000000009c080000, 0x00000000d5580000)
  object space 459264K, 99% used [0x0000000080000000,0x000000009c02adf0,0x000000009c080000)
 Metaspace       used 81535K, committed 83456K, reserved 1179648K
  class space    used 8515K, committed 9408K, reserved 1048576K
}
Event: 1131.683 GC heap after
{Heap after GC invocations=296 (full 3):
 PSYoungGen      total 6144K, used 474K [0x00000000d5580000, 0x00000000d5c80000, 0x0000000100000000)
  eden space 3584K, 0% used [0x00000000d5580000,0x00000000d5580000,0x00000000d5900000)
  from space 2560K, 18% used [0x00000000d5900000,0x00000000d5976900,0x00000000d5b80000)
  to   space 1024K, 0% used [0x00000000d5b80000,0x00000000d5b80000,0x00000000d5c80000)
 ParOldGen       total 459264K, used 458931K [0x0000000080000000, 0x000000009c080000, 0x00000000d5580000)
  object space 459264K, 99% used [0x0000000080000000,0x000000009c02cdf0,0x000000009c080000)
 Metaspace       used 81535K, committed 83456K, reserved 1179648K
  class space    used 8515K, committed 9408K, reserved 1048576K
}

Dll operation events (12 events):
Event: 0.013 Loaded shared library c:\Users\marce\.vscode\extensions\redhat.java-1.54.0-win32-x64\jre\21.0.10-win32-x86_64\bin\java.dll
Event: 0.089 Loaded shared library c:\Users\marce\.vscode\extensions\redhat.java-1.54.0-win32-x64\jre\21.0.10-win32-x86_64\bin\zip.dll
Event: 0.114 Loaded shared library C:\Users\marce\.vscode\extensions\redhat.java-1.54.0-win32-x64\jre\21.0.10-win32-x86_64\bin\instrument.dll
Event: 0.121 Loaded shared library C:\Users\marce\.vscode\extensions\redhat.java-1.54.0-win32-x64\jre\21.0.10-win32-x86_64\bin\net.dll
Event: 0.124 Loaded shared library C:\Users\marce\.vscode\extensions\redhat.java-1.54.0-win32-x64\jre\21.0.10-win32-x86_64\bin\nio.dll
Event: 0.129 Loaded shared library C:\Users\marce\.vscode\extensions\redhat.java-1.54.0-win32-x64\jre\21.0.10-win32-x86_64\bin\zip.dll
Event: 0.146 Loaded shared library C:\Users\marce\.vscode\extensions\redhat.java-1.54.0-win32-x64\jre\21.0.10-win32-x86_64\bin\jimage.dll
Event: 0.229 Loaded shared library c:\Users\marce\.vscode\extensions\redhat.java-1.54.0-win32-x64\jre\21.0.10-win32-x86_64\bin\verify.dll
Event: 1.197 Loaded shared library C:\Users\marce\AppData\Roaming\Code\User\globalStorage\redhat.java\1.54.0\config_win\org.eclipse.equinox.launcher\org.eclipse.equinox.launcher.win32.win32.x86_64_1.3.0.v20260203-2149\eclipse_11919.dll
Event: 4.028 Loaded shared library C:\Users\marce\AppData\Local\Temp\jna-103666240\jna3111786159773584025.dll
Event: 5.102 Loaded shared library C:\Users\marce\.vscode\extensions\redhat.java-1.54.0-win32-x64\jre\21.0.10-win32-x86_64\bin\sunmscapi.dll
Event: 5.155 Loaded shared library C:\Users\marce\.vscode\extensions\redhat.java-1.54.0-win32-x64\jre\21.0.10-win32-x86_64\bin\extnet.dll

Deoptimization events (20 events):
Event: 1111.595 Thread 0x00000135eb44f660 Uncommon trap: trap_request=0xffffffde fr.pc=0x00000135957a69b4 relative=0x0000000000000494
Event: 1111.595 Thread 0x00000135eb44f660 Uncommon trap: reason=class_check action=maybe_recompile pc=0x00000135957a69b4 method=org.eclipse.jdt.internal.compiler.lookup.ReferenceBinding.storeAnnotationHolder(Lorg/eclipse/jdt/internal/compiler/lookup/Binding;Lorg/eclipse/jdt/internal/compiler/look
Event: 1111.595 Thread 0x00000135eb44f660 DEOPT PACKING pc=0x00000135957a69b4 sp=0x00000018469fe1d0
Event: 1111.595 Thread 0x00000135eb44f660 DEOPT UNPACKING pc=0x0000013594693aa2 sp=0x00000018469fe188 mode 2
Event: 1131.405 Thread 0x00000135ec365410 DEOPT PACKING pc=0x000001358f76e4ed sp=0x0000001846cfebe0
Event: 1131.405 Thread 0x00000135ec3667c0 DEOPT PACKING pc=0x000001358f76e4ed sp=0x00000018484fed30
Event: 1131.405 Thread 0x00000135eb44dc20 DEOPT PACKING pc=0x000001358f76e4ed sp=0x0000001844cfeeb0
Event: 1131.405 Thread 0x00000135ec365410 DEOPT UNPACKING pc=0x0000013594694242 sp=0x0000001846cfe158 mode 0
Event: 1131.405 Thread 0x00000135eb44dc20 DEOPT UNPACKING pc=0x0000013594694242 sp=0x0000001844cfe428 mode 0
Event: 1131.406 Thread 0x00000135ec3667c0 DEOPT UNPACKING pc=0x0000013594694242 sp=0x00000018484fe2a8 mode 0
Event: 1131.407 Thread 0x00000135eb44dc20 DEOPT PACKING pc=0x000001358f76e4ed sp=0x0000001844cfeeb0
Event: 1131.407 Thread 0x00000135eb44dc20 DEOPT UNPACKING pc=0x0000013594694242 sp=0x0000001844cfe428 mode 0
Event: 1131.407 Thread 0x00000135eb44e940 DEOPT PACKING pc=0x000001358f76e4ed sp=0x0000001848dfedf0
Event: 1131.407 Thread 0x00000135eb44e940 DEOPT UNPACKING pc=0x0000013594694242 sp=0x0000001848dfe368 mode 0
Event: 1131.411 Thread 0x00000135ec365aa0 DEOPT PACKING pc=0x000001358f76e4ed sp=0x00000018467fe840
Event: 1131.411 Thread 0x00000135ec365aa0 DEOPT UNPACKING pc=0x0000013594694242 sp=0x00000018467fddb8 mode 0
Event: 1131.414 Thread 0x00000135eb44e940 DEOPT PACKING pc=0x000001358f76e556 sp=0x0000001848dfedf0
Event: 1131.414 Thread 0x00000135eb44e940 DEOPT UNPACKING pc=0x0000013594694242 sp=0x0000001848dfe368 mode 0
Event: 1131.419 Thread 0x00000135ec365aa0 DEOPT PACKING pc=0x000001358f76e556 sp=0x00000018467fe840
Event: 1131.419 Thread 0x00000135ec365aa0 DEOPT UNPACKING pc=0x0000013594694242 sp=0x00000018467fddb8 mode 0

Classes loaded (20 events):
Event: 786.823 Loading class java/util/stream/ReferencePipeline$4
Event: 786.827 Loading class java/util/stream/ReferencePipeline$4 done
Event: 786.829 Loading class java/util/stream/Nodes$IntFixedNodeBuilder
Event: 786.830 Loading class java/util/stream/Node$Builder$OfInt
Event: 786.831 Loading class java/util/stream/Node$Builder$OfInt done
Event: 786.831 Loading class java/util/stream/Nodes$IntArrayNode
Event: 786.831 Loading class java/util/stream/Nodes$IntArrayNode done
Event: 786.831 Loading class java/util/stream/Nodes$IntFixedNodeBuilder done
Event: 786.833 Loading class java/util/stream/ReferencePipeline$4$1
Event: 786.833 Loading class java/util/stream/ReferencePipeline$4$1 done
Event: 886.967 Loading class jdk/internal/module/IllegalAccessLogger
Event: 886.967 Loading class jdk/internal/module/IllegalAccessLogger done
Event: 997.621 Loading class jdk/internal/module/IllegalAccessLogger
Event: 997.621 Loading class jdk/internal/module/IllegalAccessLogger done
Event: 1100.010 Loading class jdk/internal/module/IllegalAccessLogger
Event: 1100.011 Loading class jdk/internal/module/IllegalAccessLogger done
Event: 1111.482 Loading class java/util/function/IntPredicate
Event: 1111.482 Loading class java/util/function/IntPredicate done
Event: 1111.509 Loading class java/util/regex/Pattern$Bound
Event: 1111.509 Loading class java/util/regex/Pattern$Bound done

Classes unloaded (11 events):
Event: 4.344 Thread 0x000001358a08fa60 Unloading class 0x00000135a21acc00 'java/lang/invoke/LambdaForm$MH+0x00000135a21acc00'
Event: 4.345 Thread 0x000001358a08fa60 Unloading class 0x00000135a21ac800 'java/lang/invoke/LambdaForm$MH+0x00000135a21ac800'
Event: 4.345 Thread 0x000001358a08fa60 Unloading class 0x00000135a21ac400 'java/lang/invoke/LambdaForm$MH+0x00000135a21ac400'
Event: 4.345 Thread 0x000001358a08fa60 Unloading class 0x00000135a21ac000 'java/lang/invoke/LambdaForm$MH+0x00000135a21ac000'
Event: 4.345 Thread 0x000001358a08fa60 Unloading class 0x00000135a21abc00 'java/lang/invoke/LambdaForm$BMH+0x00000135a21abc00'
Event: 4.345 Thread 0x000001358a08fa60 Unloading class 0x00000135a21ab800 'java/lang/invoke/LambdaForm$DMH+0x00000135a21ab800'
Event: 4.345 Thread 0x000001358a08fa60 Unloading class 0x00000135a21aa400 'java/lang/invoke/LambdaForm$DMH+0x00000135a21aa400'
Event: 9.912 Thread 0x000001358a08fa60 Unloading class 0x00000135a26c1400 'java/lang/invoke/LambdaForm$DMH+0x00000135a26c1400'
Event: 9.912 Thread 0x000001358a08fa60 Unloading class 0x00000135a26c0c00 'java/lang/invoke/LambdaForm$DMH+0x00000135a26c0c00'
Event: 9.912 Thread 0x000001358a08fa60 Unloading class 0x00000135a26c1000 'java/lang/invoke/LambdaForm$DMH+0x00000135a26c1000'
Event: 9.912 Thread 0x000001358a08fa60 Unloading class 0x00000135a26c0400 'java/lang/invoke/LambdaForm$DMH+0x00000135a26c0400'

Classes redefined (0 events):
No events

Internal exceptions (20 events):
Event: 721.730 Thread 0x00000135e97e4ba0 Implicit null exception at 0x0000013595400086 to 0x0000013595400400
Event: 721.814 Thread 0x00000135e97e4ba0 Exception <a 'java/lang/NoSuchMethodError'{0x00000000d56f6ec0}: static [J.<clinit>()V> (0x00000000d56f6ec0) 
thrown [s\src\hotspot\share\prims\jni.cpp, line 1111]
Event: 721.841 Thread 0x00000135e97e4ba0 Exception <a 'java/lang/NoSuchMethodError'{0x00000000d5725748}: 'java.lang.Object java.lang.invoke.DirectMethodHandle$Holder.newInvokeSpecial(java.lang.Object, java.lang.Object, java.lang.Object, java.lang.Object, java.lang.Object, java.lang.Object, java.lang.Object, java.lang.Object)'> (0x00000000d5725748) 
thrown [s\src\hotspot\share\interpreter\linkResolver.cpp, line 773]
Event: 786.715 Thread 0x00000135eb44a110 Implicit null exception at 0x0000013595579bde to 0x000001359557ae8c
Event: 786.715 Thread 0x00000135eb44a110 Implicit null exception at 0x00000135955ffb04 to 0x00000135956002cc
Event: 786.888 Thread 0x00000135eb44a110 Exception <a 'java/lang/NoSuchMethodError'{0x00000000d58a9390}: 'java.lang.Object java.lang.invoke.DirectMethodHandle$Holder.newInvokeSpecial(java.lang.Object, int, java.lang.Object, java.lang.Object, java.lang.Object)'> (0x00000000d58a9390) 
thrown [s\src\hotspot\share\interpreter\linkResolver.cpp, line 773]
Event: 885.753 Thread 0x00000135eb44a110 Exception <a 'java/lang/NoSuchMethodError'{0x00000000d57f3098}: 'java.lang.Object java.lang.invoke.DirectMethodHandle$Holder.newInvokeSpecial(java.lang.Object, java.lang.Object, int, java.lang.Object, java.lang.Object, java.lang.Object, java.lang.Object)'> (0x00000000d57f3098) 
thrown [s\src\hotspot\share\interpreter\linkResolver.cpp, line 773]
Event: 886.733 Thread 0x00000135e97e37f0 Exception <a 'sun/nio/fs/WindowsException'{0x00000000d56674e0}> (0x00000000d56674e0) 
thrown [s\src\hotspot\share\prims\jni.cpp, line 520]
Event: 886.795 Thread 0x00000135eb3576e0 Implicit null exception at 0x00000135952da0fb to 0x00000135952da638
Event: 886.935 Thread 0x00000135e97e37f0 Exception <a 'sun/nio/fs/WindowsException'{0x00000000d5599370}> (0x00000000d5599370) 
thrown [s\src\hotspot\share\prims\jni.cpp, line 520]
Event: 984.866 Thread 0x00000135eb44fcf0 Implicit null exception at 0x00000135955adc39 to 0x00000135955ae2cc
Event: 997.368 Thread 0x00000135e97e37f0 Exception <a 'sun/nio/fs/WindowsException'{0x00000000d57d08b8}> (0x00000000d57d08b8) 
thrown [s\src\hotspot\share\prims\jni.cpp, line 520]
Event: 997.530 Thread 0x00000135e97e37f0 Exception <a 'sun/nio/fs/WindowsException'{0x00000000d55a0b30}> (0x00000000d55a0b30) 
thrown [s\src\hotspot\share\prims\jni.cpp, line 520]
Event: 1099.742 Thread 0x00000135e97e37f0 Exception <a 'sun/nio/fs/WindowsException'{0x00000000d55c4d38}> (0x00000000d55c4d38) 
thrown [s\src\hotspot\share\prims\jni.cpp, line 520]
Event: 1099.907 Thread 0x00000135e97e37f0 Exception <a 'sun/nio/fs/WindowsException'{0x00000000d5667240}> (0x00000000d5667240) 
thrown [s\src\hotspot\share\prims\jni.cpp, line 520]
Event: 1111.336 Thread 0x00000135eb44f660 Implicit null exception at 0x00000135958546da to 0x0000013595854733
Event: 1111.485 Thread 0x00000135eb44efd0 Exception <a 'java/lang/NoSuchMethodError'{0x00000000d5a5f648}: 'int java.lang.invoke.DirectMethodHandle$Holder.invokeStaticInit(java.lang.Object, int)'> (0x00000000d5a5f648) 
thrown [s\src\hotspot\share\interpreter\linkResolver.cpp, line 773]
Event: 1111.526 Thread 0x00000135eb44f660 Implicit null exception at 0x000001359543c6ff to 0x000001359543e97c
Event: 1111.526 Thread 0x00000135eb44f660 Implicit null exception at 0x0000013595493704 to 0x0000013595495670
Event: 1111.595 Thread 0x00000135eb44f660 Implicit null exception at 0x0000013595629f35 to 0x000001359562a4d4

ZGC Phase Switch (0 events):
No events

VM Operations (20 events):
Event: 1130.536 Executing safepoint VM operation: ParallelGCFailedAllocation (Allocation Failure) done
Event: 1131.359 Executing safepoint VM operation: ParallelGCFailedAllocation (Allocation Failure)
Event: 1131.360 Executing safepoint VM operation: ParallelGCFailedAllocation (Allocation Failure) done
Event: 1131.368 Executing safepoint VM operation: ParallelGCFailedAllocation (Allocation Failure)
Event: 1131.370 Executing safepoint VM operation: ParallelGCFailedAllocation (Allocation Failure) done
Event: 1131.377 Executing safepoint VM operation: ParallelGCFailedAllocation (Allocation Failure)
Event: 1131.379 Executing safepoint VM operation: ParallelGCFailedAllocation (Allocation Failure) done
Event: 1131.385 Executing safepoint VM operation: ParallelGCFailedAllocation (Allocation Failure)
Event: 1131.386 Executing safepoint VM operation: ParallelGCFailedAllocation (Allocation Failure) done
Event: 1131.393 Executing safepoint VM operation: ParallelGCFailedAllocation (Allocation Failure)
Event: 1131.394 Executing safepoint VM operation: ParallelGCFailedAllocation (Allocation Failure) done
Event: 1131.399 Executing safepoint VM operation: ParallelGCFailedAllocation (Allocation Failure)
Event: 1131.400 Executing safepoint VM operation: ParallelGCFailedAllocation (Allocation Failure) done
Event: 1131.408 Executing safepoint VM operation: ParallelGCFailedAllocation (Allocation Failure)
Event: 1131.409 Executing safepoint VM operation: ParallelGCFailedAllocation (Allocation Failure) done
Event: 1131.415 Executing safepoint VM operation: ParallelGCFailedAllocation (Allocation Failure)
Event: 1131.416 Executing safepoint VM operation: ParallelGCFailedAllocation (Allocation Failure) done
Event: 1131.682 Executing safepoint VM operation: ParallelGCFailedAllocation (Allocation Failure)
Event: 1131.683 Executing safepoint VM operation: ParallelGCFailedAllocation (Allocation Failure) done
Event: 1131.689 Executing safepoint VM operation: ParallelGCFailedAllocation (Allocation Failure)

Memory protections (0 events):
No events

Nmethod flushes (20 events):
Event: 9.927 Thread 0x000001358a08fa60 flushing  nmethod 0x000001358dabb390
Event: 9.927 Thread 0x000001358a08fa60 flushing  nmethod 0x000001358dac2190
Event: 9.927 Thread 0x000001358a08fa60 flushing  nmethod 0x000001358daca010
Event: 9.927 Thread 0x000001358a08fa60 flushing  nmethod 0x000001358dace910
Event: 9.927 Thread 0x000001358a08fa60 flushing  nmethod 0x000001358dacff90
Event: 9.927 Thread 0x000001358a08fa60 flushing  nmethod 0x000001358dad2c10
Event: 9.927 Thread 0x000001358a08fa60 flushing  nmethod 0x000001358db01390
Event: 9.927 Thread 0x000001358a08fa60 flushing  nmethod 0x000001358db71510
Event: 9.927 Thread 0x000001358a08fa60 flushing  nmethod 0x000001358db90910
Event: 9.928 Thread 0x000001358a08fa60 flushing  nmethod 0x000001358db93a10
Event: 9.928 Thread 0x000001358a08fa60 flushing  nmethod 0x000001358dbaaa90
Event: 9.928 Thread 0x000001358a08fa60 flushing  nmethod 0x000001358dbab090
Event: 9.928 Thread 0x000001358a08fa60 flushing  nmethod 0x000001358dbab790
Event: 9.928 Thread 0x000001358a08fa60 flushing  nmethod 0x000001358dbac010
Event: 9.928 Thread 0x000001358a08fa60 flushing  nmethod 0x000001358dbac610
Event: 9.928 Thread 0x000001358a08fa60 flushing  nmethod 0x000001358dbae310
Event: 9.928 Thread 0x000001358a08fa60 flushing osr nmethod 0x000001358dc6fe10
Event: 9.928 Thread 0x000001358a08fa60 flushing  nmethod 0x000001358dc80d10
Event: 9.928 Thread 0x000001358a08fa60 flushing  nmethod 0x000001358dca2b90
Event: 9.928 Thread 0x000001358a08fa60 flushing  nmethod 0x000001358dca9090

Events (20 events):
Event: 946.805 Thread 0x00000135eb44a110 Thread exited: 0x00000135eb44a110
Event: 946.976 Thread 0x00000135ec364060 Thread exited: 0x00000135ec364060
Event: 984.858 Thread 0x00000135eb44efd0 Thread added: 0x00000135ec365aa0
Event: 984.862 Thread 0x00000135eb44ae30 Thread added: 0x00000135ec366e50
Event: 984.863 Thread 0x00000135eb44f660 Thread added: 0x00000135ec365410
Event: 984.865 Thread 0x00000135eb44b4c0 Thread added: 0x00000135ec364060
Event: 984.865 Thread 0x00000135eb44e940 Thread added: 0x00000135ec3667c0
Event: 986.072 Thread 0x00000135eb44bb50 Thread exited: 0x00000135eb44bb50
Event: 996.346 Thread 0x00000135e2e914d0 Thread added: 0x00000135e49c12f0
Event: 996.845 Thread 0x00000135e97e4ba0 Thread added: 0x00000135ec3674e0
Event: 997.542 Thread 0x00000135ec366130 Thread added: 0x00000135ec367b70
Event: 997.546 Thread 0x00000135e97e4ba0 Thread added: 0x00000135ec3646f0
Event: 997.624 Thread 0x00000135ec366130 Thread added: 0x00000135ec368f20
Event: 1000.463 Thread 0x00000135e49c12f0 Thread exited: 0x00000135e49c12f0
Event: 1057.633 Thread 0x00000135ec368f20 Thread exited: 0x00000135ec368f20
Event: 1097.875 Thread 0x00000135ec366130 Thread exited: 0x00000135ec366130
Event: 1099.811 Thread 0x00000135ec3646f0 Thread added: 0x00000135ec368890
Event: 1100.013 Thread 0x00000135ec3646f0 Thread added: 0x00000135ec368f20
Event: 1108.280 Thread 0x00000135e2e914d0 Thread added: 0x00000135e2e90e00
Event: 1117.073 Thread 0x00000135e2e90e00 Thread exited: 0x00000135e2e90e00


Dynamic libraries:
0x00007ff7730a0000 - 0x00007ff7730ae000 	c:\Users\marce\.vscode\extensions\redhat.java-1.54.0-win32-x64\jre\21.0.10-win32-x86_64\bin\java.exe
0x00007ffe68000000 - 0x00007ffe68267000 	C:\WINDOWS\SYSTEM32\ntdll.dll
0x00007ffe668d0000 - 0x00007ffe66999000 	C:\WINDOWS\System32\KERNEL32.DLL
0x00007ffe64f20000 - 0x00007ffe65317000 	C:\WINDOWS\System32\KERNELBASE.dll
0x00007ffe64d20000 - 0x00007ffe64e6b000 	C:\WINDOWS\System32\ucrtbase.dll
0x00007ffe30440000 - 0x00007ffe30458000 	c:\Users\marce\.vscode\extensions\redhat.java-1.54.0-win32-x64\jre\21.0.10-win32-x86_64\bin\jli.dll
0x00007ffe2f780000 - 0x00007ffe2f79e000 	c:\Users\marce\.vscode\extensions\redhat.java-1.54.0-win32-x64\jre\21.0.10-win32-x86_64\bin\VCRUNTIME140.dll
0x00007ffe66530000 - 0x00007ffe666f6000 	C:\WINDOWS\System32\USER32.dll
0x00007ffe65d50000 - 0x00007ffe65d77000 	C:\WINDOWS\System32\win32u.dll
0x00007ffe4b0d0000 - 0x00007ffe4b362000 	C:\WINDOWS\WinSxS\amd64_microsoft.windows.common-controls_6595b64144ccf1df_6.0.26100.8457_none_3e0b2faee331e92d\COMCTL32.dll
0x00007ffe65d80000 - 0x00007ffe65dab000 	C:\WINDOWS\System32\GDI32.dll
0x00007ffe661b0000 - 0x00007ffe66259000 	C:\WINDOWS\System32\msvcrt.dll
0x00007ffe65b90000 - 0x00007ffe65cbc000 	C:\WINDOWS\System32\gdi32full.dll
0x00007ffe64e70000 - 0x00007ffe64f13000 	C:\WINDOWS\System32\msvcp_win.dll
0x00007ffe67010000 - 0x00007ffe67042000 	C:\WINDOWS\System32\IMM32.DLL
0x00007ffe5eb00000 - 0x00007ffe5eb0c000 	c:\Users\marce\.vscode\extensions\redhat.java-1.54.0-win32-x64\jre\21.0.10-win32-x86_64\bin\vcruntime140_1.dll
0x00007ffde5420000 - 0x00007ffde54ad000 	c:\Users\marce\.vscode\extensions\redhat.java-1.54.0-win32-x64\jre\21.0.10-win32-x86_64\bin\msvcp140.dll
0x00007ffd9c070000 - 0x00007ffd9ce11000 	c:\Users\marce\.vscode\extensions\redhat.java-1.54.0-win32-x64\jre\21.0.10-win32-x86_64\bin\server\jvm.dll
0x00007ffe66eb0000 - 0x00007ffe66f66000 	C:\WINDOWS\System32\ADVAPI32.dll
0x00007ffe67200000 - 0x00007ffe672a7000 	C:\WINDOWS\System32\sechost.dll
0x00007ffe66d40000 - 0x00007ffe66e58000 	C:\WINDOWS\System32\RPCRT4.dll
0x00007ffe660a0000 - 0x00007ffe66120000 	C:\WINDOWS\System32\WS2_32.dll
0x00007ffe635f0000 - 0x00007ffe6364e000 	C:\WINDOWS\SYSTEM32\POWRPROF.dll
0x00007ffe59080000 - 0x00007ffe590b6000 	C:\WINDOWS\SYSTEM32\WINMM.dll
0x00007ffe5a300000 - 0x00007ffe5a30b000 	C:\WINDOWS\SYSTEM32\VERSION.dll
0x00007ffe635d0000 - 0x00007ffe635e4000 	C:\WINDOWS\SYSTEM32\UMPDC.dll
0x00007ffe638a0000 - 0x00007ffe638bb000 	C:\WINDOWS\SYSTEM32\kernel.appcore.dll
0x00007ffe5e2a0000 - 0x00007ffe5e2aa000 	c:\Users\marce\.vscode\extensions\redhat.java-1.54.0-win32-x64\jre\21.0.10-win32-x86_64\bin\jimage.dll
0x00007ffe623f0000 - 0x00007ffe62632000 	C:\WINDOWS\SYSTEM32\DBGHELP.DLL
0x00007ffe669a0000 - 0x00007ffe66d23000 	C:\WINDOWS\System32\combase.dll
0x00007ffe667f0000 - 0x00007ffe668c9000 	C:\WINDOWS\System32\OLEAUT32.dll
0x00007ffe4ad40000 - 0x00007ffe4ad7b000 	C:\WINDOWS\SYSTEM32\dbgcore.DLL
0x00007ffe64af0000 - 0x00007ffe64b98000 	C:\WINDOWS\System32\bcryptPrimitives.dll
0x00007ffe58fd0000 - 0x00007ffe58fdf000 	c:\Users\marce\.vscode\extensions\redhat.java-1.54.0-win32-x64\jre\21.0.10-win32-x86_64\bin\instrument.dll
0x00007ffe2f760000 - 0x00007ffe2f780000 	c:\Users\marce\.vscode\extensions\redhat.java-1.54.0-win32-x64\jre\21.0.10-win32-x86_64\bin\java.dll
0x00007ffe67840000 - 0x00007ffe67fae000 	C:\WINDOWS\System32\SHELL32.dll
0x00007ffe65320000 - 0x00007ffe65b8c000 	C:\WINDOWS\System32\windows.storage.dll
0x00007ffe67740000 - 0x00007ffe67836000 	C:\WINDOWS\System32\SHCORE.dll
0x00007ffe66fa0000 - 0x00007ffe67006000 	C:\WINDOWS\System32\shlwapi.dll
0x00007ffe64950000 - 0x00007ffe64979000 	C:\WINDOWS\SYSTEM32\profapi.dll
0x00007ffe2f110000 - 0x00007ffe2f128000 	c:\Users\marce\.vscode\extensions\redhat.java-1.54.0-win32-x64\jre\21.0.10-win32-x86_64\bin\zip.dll
0x00007ffe51a40000 - 0x00007ffe51a50000 	C:\Users\marce\.vscode\extensions\redhat.java-1.54.0-win32-x64\jre\21.0.10-win32-x86_64\bin\net.dll
0x00007ffe5e670000 - 0x00007ffe5e799000 	C:\WINDOWS\SYSTEM32\WINHTTP.dll
0x00007ffe63df0000 - 0x00007ffe63e5c000 	C:\WINDOWS\system32\mswsock.dll
0x00007ffe2efa0000 - 0x00007ffe2efb6000 	C:\Users\marce\.vscode\extensions\redhat.java-1.54.0-win32-x64\jre\21.0.10-win32-x86_64\bin\nio.dll
0x00007ffe4b610000 - 0x00007ffe4b620000 	c:\Users\marce\.vscode\extensions\redhat.java-1.54.0-win32-x64\jre\21.0.10-win32-x86_64\bin\verify.dll
0x00007ffe18160000 - 0x00007ffe181a5000 	C:\Users\marce\AppData\Roaming\Code\User\globalStorage\redhat.java\1.54.0\config_win\org.eclipse.equinox.launcher\org.eclipse.equinox.launcher.win32.win32.x86_64_1.3.0.v20260203-2149\eclipse_11919.dll
0x00007ffe67050000 - 0x00007ffe671e7000 	C:\WINDOWS\System32\ole32.dll
0x00007ffe641f0000 - 0x00007ffe6420b000 	C:\WINDOWS\SYSTEM32\CRYPTSP.dll
0x00007ffe63800000 - 0x00007ffe63839000 	C:\WINDOWS\system32\rsaenh.dll
0x00007ffe63ea0000 - 0x00007ffe63ed3000 	C:\WINDOWS\SYSTEM32\USERENV.dll
0x00007ffe64920000 - 0x00007ffe6494a000 	C:\WINDOWS\SYSTEM32\bcrypt.dll
0x00007ffe64050000 - 0x00007ffe6405c000 	C:\WINDOWS\SYSTEM32\CRYPTBASE.dll
0x00007ffe632b0000 - 0x00007ffe632e2000 	C:\WINDOWS\SYSTEM32\IPHLPAPI.DLL
0x00007ffe671f0000 - 0x00007ffe671fa000 	C:\WINDOWS\System32\NSI.dll
0x00007ffe2efc0000 - 0x00007ffe2f009000 	C:\Users\marce\AppData\Local\Temp\jna-103666240\jna3111786159773584025.dll
0x00007ffe667e0000 - 0x00007ffe667e8000 	C:\WINDOWS\System32\PSAPI.DLL
0x00007ffe5e850000 - 0x00007ffe5e86d000 	C:\WINDOWS\SYSTEM32\dhcpcsvc6.DLL
0x00007ffe5e820000 - 0x00007ffe5e845000 	C:\WINDOWS\SYSTEM32\dhcpcsvc.DLL
0x00007ffe39b90000 - 0x00007ffe39b9e000 	C:\Users\marce\.vscode\extensions\redhat.java-1.54.0-win32-x64\jre\21.0.10-win32-x86_64\bin\sunmscapi.dll
0x00007ffe64ba0000 - 0x00007ffe64d18000 	C:\WINDOWS\System32\CRYPT32.dll
0x00007ffe64350000 - 0x00007ffe64380000 	C:\WINDOWS\SYSTEM32\ncrypt.dll
0x00007ffe64300000 - 0x00007ffe6433f000 	C:\WINDOWS\SYSTEM32\NTASN1.dll
0x00007ffe632f0000 - 0x00007ffe63422000 	C:\WINDOWS\SYSTEM32\DNSAPI.dll
0x00007ffe5ce90000 - 0x00007ffe5ce9b000 	C:\Windows\System32\rasadhlp.dll
0x00007ffe5f410000 - 0x00007ffe5f496000 	C:\WINDOWS\System32\fwpuclnt.dll
0x00007ffe385d0000 - 0x00007ffe385d9000 	C:\Users\marce\.vscode\extensions\redhat.java-1.54.0-win32-x64\jre\21.0.10-win32-x86_64\bin\extnet.dll

JVMTI agents:
c:\Users\marce\.vscode\extensions\redhat.java-1.54.0-win32-x64\lombok\lombok-1.18.39-4050.jar path:c:\Users\marce\.vscode\extensions\redhat.java-1.54.0-win32-x64\jre\21.0.10-win32-x86_64\bin\instrument.dll, loaded, initialized, instrumentlib options:none

dbghelp: loaded successfully - version: 4.0.5 - missing functions: none
symbol engine: initialized successfully - sym options: 0x614 - pdb path: .;c:\Users\marce\.vscode\extensions\redhat.java-1.54.0-win32-x64\jre\21.0.10-win32-x86_64\bin;C:\WINDOWS\SYSTEM32;C:\WINDOWS\WinSxS\amd64_microsoft.windows.common-controls_6595b64144ccf1df_6.0.26100.8457_none_3e0b2faee331e92d;c:\Users\marce\.vscode\extensions\redhat.java-1.54.0-win32-x64\jre\21.0.10-win32-x86_64\bin\server;C:\Users\marce\AppData\Roaming\Code\User\globalStorage\redhat.java\1.54.0\config_win\org.eclipse.equinox.launcher\org.eclipse.equinox.launcher.win32.win32.x86_64_1.3.0.v20260203-2149;C:\Users\marce\AppData\Local\Temp\jna-103666240

VM Arguments:
jvm_args: --add-modules=ALL-SYSTEM --add-opens=java.base/java.util=ALL-UNNAMED --add-opens=java.base/java.lang=ALL-UNNAMED --add-opens=java.base/sun.nio.fs=ALL-UNNAMED -Declipse.application=org.eclipse.jdt.ls.core.id1 -Dosgi.bundles.defaultStartLevel=4 -Declipse.product=org.eclipse.jdt.ls.core.product -Djava.import.generatesMetadataFilesAtProjectRoot=false -DDetectVMInstallationsJob.disabled=true -Dfile.encoding=utf8 -XX:+UseParallelGC -XX:GCTimeRatio=4 -XX:AdaptiveSizePolicyWeight=90 -Dsun.zip.disableMemoryMapping=true -Xmx2G -Xms100m -Xlog:disable -javaagent:c:\Users\marce\.vscode\extensions\redhat.java-1.54.0-win32-x64\lombok\lombok-1.18.39-4050.jar -XX:+HeapDumpOnOutOfMemoryError -XX:HeapDumpPath=c:\Users\marce\AppData\Roaming\Code\User\workspaceStorage\f693a7e2ddc1c21ef60c32541dd000ca\redhat.java -Daether.dependencyCollector.impl=bf 
java_command: c:\Users\marce\.vscode\extensions\redhat.java-1.54.0-win32-x64\server\plugins\org.eclipse.equinox.launcher_1.7.100.v20251111-0406.jar -configuration c:\Users\marce\AppData\Roaming\Code\User\globalStorage\redhat.java\1.54.0\config_win -data c:\Users\marce\AppData\Roaming\Code\User\workspaceStorage\f693a7e2ddc1c21ef60c32541dd000ca\redhat.java\jdt_ws --pipe=\\.\pipe\lsp-fb4a818b360369f72a6677c9361ee0ce-sock
java_class_path (initial): c:\Users\marce\.vscode\extensions\redhat.java-1.54.0-win32-x64\server\plugins\org.eclipse.equinox.launcher_1.7.100.v20251111-0406.jar
Launcher Type: SUN_STANDARD

[Global flags]
    uintx AdaptiveSizePolicyWeight                 = 90                                        {product} {command line}
     intx CICompilerCount                          = 12                                        {product} {ergonomic}
    uintx GCTimeRatio                              = 4                                         {product} {command line}
     bool HeapDumpOnOutOfMemoryError               = true                                   {manageable} {command line}
    ccstr HeapDumpPath                             = c:\Users\marce\AppData\Roaming\Code\User\workspaceStorage\f693a7e2ddc1c21ef60c32541dd000ca\redhat.java         {manageable} {command line}
   size_t InitialHeapSize                          = 104857600                                 {product} {command line}
   size_t MaxHeapSize                              = 2147483648                                {product} {command line}
   size_t MaxNewSize                               = 715653120                                 {product} {ergonomic}
   size_t MinHeapDeltaBytes                        = 524288                                    {product} {ergonomic}
   size_t MinHeapSize                              = 104857600                                 {product} {command line}
   size_t NewSize                                  = 34603008                                  {product} {ergonomic}
    uintx NonNMethodCodeHeapSize                   = 7602480                                {pd product} {ergonomic}
    uintx NonProfiledCodeHeapSize                  = 122027880                              {pd product} {ergonomic}
   size_t OldSize                                  = 70254592                                  {product} {ergonomic}
    uintx ProfiledCodeHeapSize                     = 122027880                              {pd product} {ergonomic}
    uintx ReservedCodeCacheSize                    = 251658240                              {pd product} {ergonomic}
     bool SegmentedCodeCache                       = true                                      {product} {ergonomic}
   size_t SoftMaxHeapSize                          = 2147483648                             {manageable} {ergonomic}
     bool UseCompressedOops                        = true                           {product lp64_product} {ergonomic}
     bool UseLargePagesIndividualAllocation        = false                                  {pd product} {ergonomic}
     bool UseParallelGC                            = true                                      {product} {command line}

Logging:
Log output configuration:
 #0: stdout all=off uptime,level,tags foldmultilines=false
 #1: stderr all=off uptime,level,tags foldmultilines=false

Release file:
JAVA_VERSION="21.0.10" 
MODULES="java.base java.compiler java.datatransfer java.xml java.prefs java.desktop java.instrument java.logging java.management java.security.sasl java.naming java.rmi java.management.rmi java.net.http java.scripting java.security.jgss java.transaction.xa java.sql java.sql.rowset java.xml.crypto java.se java.smartcardio jdk.accessibility jdk.internal.jvmstat jdk.attach jdk.charsets jdk.internal.opt jdk.zipfs jdk.compiler jdk.crypto.ec jdk.crypto.cryptoki jdk.crypto.mscapi jdk.dynalink jdk.internal.ed jdk.editpad jdk.hotspot.agent jdk.httpserver jdk.internal.le jdk.internal.vm.ci jdk.internal.vm.compiler jdk.internal.vm.compiler.management jdk.jartool jdk.javadoc jdk.jcmd jdk.management jdk.management.agent jdk.jconsole jdk.jdeps jdk.jdwp.agent jdk.jdi jdk.jfr jdk.jshell jdk.jsobject jdk.jstatd jdk.localedata jdk.management.jfr jdk.naming.dns jdk.naming.rmi jdk.net jdk.nio.mapmode jdk.random jdk.sctp jdk.security.auth jdk.security.jgss jdk.unsupported jdk.unsupported.desktop jdk.xml.dom" 

Environment Variables:
PATH=C:\Users\marce\AppData\Local\Programs\Microsoft VS Code;C:\oracleXE\dbhomeXE\bin;C:\Program Files\Common Files\Oracle\Java\javapath;C:\Program Files (x86)\Common Files\Oracle\Java\java8path;C:\Program Files (x86)\Common Files\Oracle\Java\javapath;C:\WINDOWS\system32;C:\WINDOWS;C:\WINDOWS\System32\Wbem;C:\WINDOWS\System32\WindowsPowerShell\v1.0\;C:\WINDOWS\System32\OpenSSH\;C:\Program Files\Git\cmd;C:\Program Files (x86)\Microsoft SQL Server\170\Tools\Binn\;C:\Program Files\Microsoft SQL Server\170\Tools\Binn\;C:\Program Files\Microsoft SQL Server\Client SDK\ODBC\180\Tools\Binn\;C:\Program Files\Microsoft SQL Server\170\DTS\Binn\;C:\Program Files\Docker\Docker\resources\bin;C:\Users\marce\AppData\Local\Microsoft\WindowsApps;C:\Users\marce\AppData\Local\Programs\IntelliJ IDEA 2025.2.2\bin;C:\Users\marce\AppData\Local\Programs\Microsoft VS Code\bin
USERNAME=marce
OS=Windows_NT
PROCESSOR_IDENTIFIER=Intel64 Family 6 Model 154 Stepping 3, GenuineIntel
TMP=C:\Users\marce\AppData\Local\Temp
TEMP=C:\Users\marce\AppData\Local\Temp




Periodic native trim disabled

---------------  S Y S T E M  ---------------

OS:
 Windows 11 , 64 bit Build 26100 (10.0.26100.8328)
OS uptime: 5 days 7:15 hours
Hyper-V role detected

CPU: total 16 (initial active 16) (8 cores per cpu, 2 threads per core) family 6 model 154 stepping 3 microcode 0x434, cx8, cmov, fxsr, ht, mmx, 3dnowpref, sse, sse2, sse3, ssse3, sse4.1, sse4.2, popcnt, lzcnt, tsc, tscinvbit, avx, avx2, aes, erms, clmul, bmi1, bmi2, adx, sha, fma, vzeroupper, clflush, clflushopt, clwb, hv, serialize, rdtscp, rdpid, fsrm, f16c, cet_ibt, cet_ss
Processor Information for processor 0
  Max Mhz: 2500, Current Mhz: 2500, Mhz Limit: 2500
Processor Information for processor 1
  Max Mhz: 2500, Current Mhz: 2500, Mhz Limit: 2500
Processor Information for processor 2
  Max Mhz: 2500, Current Mhz: 2500, Mhz Limit: 2500
Processor Information for processor 3
  Max Mhz: 2500, Current Mhz: 2500, Mhz Limit: 2500
Processor Information for processor 4
  Max Mhz: 2500, Current Mhz: 2500, Mhz Limit: 2500
Processor Information for processor 5
  Max Mhz: 2500, Current Mhz: 2500, Mhz Limit: 2500
Processor Information for processor 6
  Max Mhz: 2500, Current Mhz: 2500, Mhz Limit: 2500
Processor Information for processor 7
  Max Mhz: 2500, Current Mhz: 2500, Mhz Limit: 2500
Processor Information for processor 8
  Max Mhz: 2500, Current Mhz: 2500, Mhz Limit: 2500
Processor Information for processor 9
  Max Mhz: 2500, Current Mhz: 2500, Mhz Limit: 2500
Processor Information for processor 10
  Max Mhz: 2500, Current Mhz: 2500, Mhz Limit: 2500
Processor Information for processor 11
  Max Mhz: 2500, Current Mhz: 1527, Mhz Limit: 2500
Processor Information for processor 12
  Max Mhz: 2500, Current Mhz: 2500, Mhz Limit: 2500
Processor Information for processor 13
  Max Mhz: 2500, Current Mhz: 1527, Mhz Limit: 2500
Processor Information for processor 14
  Max Mhz: 2500, Current Mhz: 2500, Mhz Limit: 2500
Processor Information for processor 15
  Max Mhz: 2500, Current Mhz: 2500, Mhz Limit: 2500

Memory: 4k page, system-wide physical 7811M (366M free)
TotalPageFile size 31363M (AvailPageFile size 96M)
current process WorkingSet (physical memory assigned to process): 175M, peak: 325M
current process commit charge ("private bytes"): 813M, peak: 815M

vm_info: OpenJDK 64-Bit Server VM (21.0.10+7-LTS) for windows-amd64 JRE (21.0.10+7-LTS), built on 2026-01-20T00:00:00Z by "admin" with MS VC++ 17.12 (VS2022)

END.
